C 50000

CE <078>
CH <118>
CP <138>
CR <178>

F 27

I 566

L * # # # | # x          


R {    1} {0} {<acf>} {老城广场} {老城广场} {这里是当年沉香镇的中心} {沉香镇} {} {chenxiang} {卖鱼的} {1.000}
E {    2} {s} {s} {4} {0} {}
E {    3} {n} {n} {1} {0} {}
E {    4} {e} {e} {2} {0} {}
E {    5} {w} {w} {8} {0} {}

R {    2} {0} {<acf>} {沉香城南街} {沉香城南街} {虽然沉香城已经今非昔比，但沉香镇的大部分居民还是以耕种水稻为生} {沉香镇} {} {chenxiang} {} {1.000}
E {    1} {n} {n} {1} {0} {}
E {   25} {s} {s} {4} {0} {}
E {   26} {w} {w} {8} {0} {}

R {    3} {0} {<acf>} {老北街} {老北街} {} {沉香镇} {} {chenxiang} {} {1.000}
E {    1} {s} {s} {4} {0} {}
E {   14} {nw} {nw} {9} {0} {}

R {    4} {0} {<acf>} {老城东街} {老城东街} {这里的街道显得比较荒芜。} {沉香镇} {} {chenxiang} {} {1.000}
E {    1} {w} {w} {8} {0} {}
E {    6} {e} {e} {2} {0} {}

R {    5} {0} {<acf>} {沉香南宫} {沉香南宫} {中原南宫世家，家财万贯，产业不可胜数。} {沉香镇} {} {chenxiang} {钱庄掌柜 南宫十三郎} {1.000}
E {    1} {e} {e} {2} {0} {}

R {    6} {0} {<acf>} {老城东街} {老城东街} {这里的街道显得比较荒芜。} {沉香镇} {} {chenxiang} {农家女} {1.000}
E {    4} {w} {w} {8} {0} {}
E {    7} {n} {n} {1} {0} {}
E {    8} {e} {e} {2} {0} {}

R {    7} {0} {<acf>} {风云道} {风云道} {“一入风云岁月催”，这便是江湖中有名的风云道} {沉香镇} {} {chenxiang} {} {1.000}
E {    6} {s} {s} {4} {0} {}
E {    9} {n} {n} {1} {0} {}

R {    8} {0} {<acf>} {老镇东首} {老镇东首} {这里已经是沉香城的最东边。} {沉香镇} {} {chenxiang} {农夫} {1.000}
E {    6} {w} {w} {8} {0} {}
E {   12} {s} {s} {4} {0} {}
E {   13} {e} {e} {2} {0} {}

R {    9} {0} {<acf>} {风云客栈} {风云客栈} {大街尽头，铜门紧闭，一根三丈高的旗杆上，挑起了四盏斗大的灯笼。} {沉香镇} {} {chenxiang} {} {1.000}
E {    7} {s} {s} {4} {0} {}
E {   10} {n} {n} {1} {0} {}

R {   10} {0} {<acf>} {风云堂} {风云堂} {风云客栈的大堂，几张大红木的八仙桌上还镶着云石} {沉香镇} {} {chenxiang} {青龙会 分舵舵主「铁钩银划」方龙香} {1.000}
E {    9} {s} {s} {4} {0} {}
E {   11} {n} {n} {1} {0} {}
E {  382} {e} {pull picture;e} {2} {0} {}

R {   11} {0} {<acf>} {紫藤花苑} {紫藤花苑} {这里是风云客栈的紫藤花苑，通向大堂和两旁的客房。} {沉香镇} {} {chenxiang} {青龙会 十二煞「魔刀」卫天鹰} {1.000}
E {   10} {s} {s} {4} {0} {}
E {  384} {w} {w} {8} {0} {}

R {   12} {0} {<acf>} {胡家当铺} {胡家当铺} {此间当铺很小，但却有一间很大的储藏室。} {沉香镇} {} {chenxiang} {胡老头} {1.000}
E {    8} {n} {n} {1} {0} {}

R {   13} {0} {} {莽林边缘} {莽林边缘} {越走树林越密，树缝中洒下来的阳光也变得斑斑点点。} {莽林} {} {manglin} {} {1.000}
E {    8} {w} {w} {8} {0} {}

R {   14} {0} {<acf>} {老北街} {老北街} {暗青色的石砖，四轮马车宽的街道，你似乎还可以看到当年小镇的影子。} {沉香镇} {} {chenxiang} {农夫} {1.000}
E {    3} {se} {se} {6} {0} {}
E {   15} {ne} {ne} {3} {0} {}
E {   16} {w} {w} {8} {0} {}

R {   15} {0} {<acf>} {沉香城老石桥} {沉香城老石桥} {这里充分地显示着江南小镇那种独特仅有的风格} {沉香镇} {} {chenxiang} {} {1.000}
E {   14} {sw} {sw} {12} {0} {}
E {   18} {nw} {nw} {9} {0} {}

R {   16} {0} {<acf>} {华佗药店} {华佗药店} {朱红的大门，闪闪发光的金匾，还有病愈的百姓送来的贡品} {沉香镇} {} {chenxiang} {药店小伙计} {1.000}
E {   14} {e} {e} {2} {0} {}
E {   17} {w} {w} {8} {0} {}

R {   17} {0} {<acf>} {药店内间} {药店内间} {一股浓烈的中草药的味道扑鼻而来。} {沉香镇} {} {chenxiang} {中药店老板} {1.000}
E {   16} {e} {e} {2} {0} {}

R {   18} {0} {<acf>} {沉香城旧街} {沉香城旧街} {这里是当年沉香镇北街，街道由暗青色的石砖铺成，已经相当的破旧。} {沉香镇} {} {chenxiang} {磨菜刀的} {1.000}
E {   15} {se} {se} {6} {0} {}
E {   19} {w} {w} {8} {0} {}
E {   20} {nw} {nw} {9} {0} {}

R {   19} {0} {<acf>} {小面馆} {小面馆} {这么多年，小面馆的阵设几乎一成不变，肮脏而且很简陋。} {沉香镇} {} {chenxiang} {卖面的年青人} {1.000}
E {   18} {e} {e} {2} {0} {}

R {   20} {0} {<acf>} {沉香城北门} {沉香城北门} {城门很大，而且很新，一看就是今几年才建起来的。} {沉香镇} {} {chenxiang} {守城官兵} {1.000}
E {   18} {se} {se} {6} {0} {}
E {   21} {ne} {ne} {3} {0} {}

R {   21} {0} {<acf>} {绿山坡} {绿山坡} {在这里似乎可以闻到烟雨江南的味道。} {沉香镇} {} {chenxiang} {穿开裆裤的小孩儿} {1.000}
E {   20} {sw} {sw} {12} {0} {}
E {   22} {nd} {nd} {33} {0} {}

R {   22} {0} {<acf>} {荒野} {荒野} {这是一个无边的荒野地，山势到了这里突然间变的叠叠起起} {沉香镇} {} {chenxiang} {穿开裆裤的小孩儿} {1.000}
E {   21} {su} {su} {20} {0} {}
E {   24} {nw} {nw} {9} {0} {}
E {  152} {n} {n} {1} {0} {}

R {   23} {0} {<acf>} {荒野} {荒野} {这是一个无边的荒野地，平坦的地势让人一眼望不到边际} {华山} {} {huashan} {天涯孤旅 幽怨妇人} {1.000}
E {   24} {e} {e} {2} {0} {}
E {  108} {w} {w} {8} {0} {}

R {   24} {0} {<acf>} {荒野} {荒野} {这是一个无边的荒野地，平坦的地势让人一眼望不到边际} {华山} {} {huashan} {} {1.000}
E {   22} {se} {se} {6} {0} {}
E {   23} {w} {w} {8} {0} {}

R {   25} {0} {<acf>} {沉香台} {沉香台} {如果说这里是个广场还不如说这里是个巨大的竹亭} {沉香镇} {} {chenxiang} {} {1.000}
E {    2} {n} {n} {1} {0} {}
E {   27} {s} {s} {4} {0} {}
E {   28} {w} {w} {8} {0} {}

R {   26} {0} {<acf>} {石雕门坊} {石雕门坊} {这是一座石雕门坊，过了石门后，便是黄山} {黄山} {} {huangshan} {} {1.000}
E {    2} {e} {e} {2} {0} {}
E {   58} {n} {n} {1} {0} {}
E {   59} {wu} {wu} {24} {0} {}

R {   27} {0} {<acf>} {沉香城南路} {沉香城南路} {这里离沉香台很近，还可以看到竹林的影子。四周都是崭新的} {沉香镇} {} {chenxiang} {沉香镇的地头蛇} {1.000}
E {   25} {n} {n} {1} {0} {}
E {   37} {s} {s} {4} {0} {}
E {   38} {e} {e} {2} {0} {}
E {   39} {w} {w} {8} {0} {}

R {   28} {0} {<acf>} {沉香城西街} {沉香城西街} {路边稀稀疏疏地种着几棵椰子树，在风中晃呀晃地} {沉香镇} {} {chenxiang} {} {1.000}
E {   25} {e} {e} {2} {0} {}
E {   29} {n} {n} {1} {0} {}
E {   30} {w} {w} {8} {0} {}

R {   29} {0} {<acf>} {农具店} {农具店} {墙上挂着各式各样的农具样品，每样都是用煺过火的精铁打造} {沉香镇} {} {chenxiang} {农具店老板} {1.000}
E {   28} {s} {s} {4} {0} {}

R {   30} {0} {<acf>} {西巷} {西巷} {这里的道路已经不如其他的地方宽了，坑坑洼洼的} {沉香镇} {} {chenxiang} {} {1.000}
E {   28} {e} {e} {2} {0} {}
E {   31} {s} {s} {4} {0} {}
E {   32} {n} {n} {1} {0} {}
E {   33} {w} {w} {8} {0} {}

R {   31} {0} {<acf>} {南城厢} {南城厢} {到处都是灰尘，空气里充满了发霉的味道，令人不敢深呼吸。} {沉香镇} {} {chenxiang} {杨老太} {1.000}
E {   30} {n} {n} {1} {0} {}

R {   32} {0} {<acf>} {北城厢} {北城厢} {窗户发出“吱吱”的声音，上面的窗纸已经七零八落了。} {沉香镇} {} {chenxiang} {王石匠} {1.000}
E {   30} {s} {s} {4} {0} {}

R {   33} {0} {<acf>} {背阴西路} {背阴西路} {两边的建筑高大而且肮脏，遮住了大部分的天空和所有的阳光。} {沉香镇} {} {chenxiang} {} {1.000}
E {   30} {e} {e} {2} {0} {}
E {   34} {s} {s} {4} {0} {}
E {   35} {n} {n} {1} {0} {}
E {   36} {w} {w} {8} {0} {}

R {   34} {0} {<acf>} {田记杂货} {田记杂货} {店面小而且杂乱，谁也不清楚这里卖什么不卖什么，什么可以买} {沉香镇} {} {chenxiang} {田膨郎} {1.000}
E {   33} {n} {n} {1} {0} {}

R {   35} {0} {<acf>} {丐帮分舵} {丐帮分舵} {只有丐帮才会在这里开分舵，才能够忍受这里的脏和臭。} {沉香镇} {} {chenxiang} {丐帮分舵舵主} {1.000}
E {   33} {s} {s} {4} {0} {}

R {   36} {0} {<acf>} {小西湖} {小西湖} {这可不是中原的西施湖，湖水发暗黑色，上面漂浮着各种各样的垃圾} {沉香镇} {} {chenxiang} {清波公子} {1.000}
E {   33} {e} {e} {2} {0} {}

R {   37} {0} {<acf>} {玄武门} {玄武门} {沉香城虽然刚刚初具规模，但该有的都已经有了。} {沉香镇} {} {chenxiang} {} {1.000}
E {   27} {n} {n} {1} {0} {}
E {   40} {s} {s} {4} {0} {}
E {   41} {e} {e} {2} {0} {}
E {   42} {w} {w} {8} {0} {}

R {   38} {0} {<acf>} {菜根香} {菜根香} {这是一个排场不大的饭店，与其说是个饭店，还不如说是个在街边的大排挡。} {沉香镇} {} {chenxiang} {跑堂的 阿菜哥} {1.000}
E {   27} {w} {w} {8} {0} {}

R {   39} {0} {<acf>} {城隍庙} {城隍庙} {每个城镇不论大小都有个庙，沉香城也不例外。} {沉香镇} {} {chenxiang} {老和尚} {1.000}
E {   27} {e} {e} {2} {0} {}

R {   40} {0} {<acf>} {旗场} {旗场} {一杆几丈高的木旗杆牢牢地埋在路当中，旗杆的顶端有一个小小的了望台。} {沉香镇} {} {chenxiang} {} {1.000}
E {   37} {n} {n} {1} {0} {}
E {   44} {s} {s} {4} {0} {}
E {   45} {e} {e} {2} {0} {}
E {   46} {w} {w} {8} {0} {}
E {   47} {u} {u} {16} {0} {}

R {   41} {0} {} {玄武门东} {玄武门东} {一块块一尺见方的青砖，砖缝里长满了绿油油的嫩草。} {沉香镇} {} {chenxiang} {袁姬} {1.000}
E {   37} {w} {w} {8} {0} {}

R {   42} {0} {<acf>} {玄武门西} {玄武门西} {方砖，绿草。和东边没有什么两样。} {沉香镇} {} {chenxiang} {} {1.000}
E {   37} {e} {e} {2} {0} {}
E {   43} {w} {w} {8} {0} {}

R {   43} {0} {<acf>} {阴暗小路} {阴暗小路} {这是一条阴暗潮湿的小路，位于沉香城之西南，周围散落着一些残垣断壁，路边杂草丛生。} {狼山} {} {wolfmount} {} {1.000}
E {   42} {e} {e} {2} {0} {}
E {  135} {w} {w} {8} {0} {}

R {   44} {0} {<acf>} {外南路} {外南路} {离开沉香城的中心已经有一段距离了} {沉香镇} {} {chenxiang} {} {1.000}
E {   40} {n} {n} {1} {0} {}
E {   48} {s} {s} {4} {0} {}
E {   49} {e} {e} {2} {0} {}
E {   50} {w} {w} {8} {0} {}

R {   45} {0} {<acf>} {法场} {法场} {这里的黄土已经不是黄色了，这里唯一的一根木桩也看不出本来的颜色了。} {沉香镇} {} {chenxiang} {(鬼气) 谷慧儿} {1.000}
E {   40} {w} {w} {8} {0} {}

R {   46} {0} {<acf>} {衙门} {衙门} {门前两个张牙舞爪的石狮，两门黝黑发亮的火炮} {沉香镇} {} {chenxiang} {朝廷命官 大理评事 知沉香县「直宝章阁」卢定关} {1.000}
E {   40} {e} {e} {2} {0} {}

R {   47} {0} {<acf>} {旗杆顶} {旗杆顶} {整个沉香城尽收眼底，满眼的绿竹，棕榈树，和椰子树。} {沉香镇} {} {chenxiang} {沉香哨兵} {1.000}
E {   40} {d} {d} {32} {0} {}

R {   48} {0} {<acf>} {紫竹林} {紫竹林} {道路的两旁有片小小的竹林，竹林中有一个小小的竹亭，竹亭的顶棚上长着一丛紫色的细竹。} {沉香镇} {} {chenxiang} {} {1.000}
E {   44} {n} {n} {1} {0} {}
E {   51} {s} {s} {4} {0} {}
E {   52} {e} {e} {2} {0} {}
E {   53} {w} {w} {8} {0} {}

R {   49} {0} {<acf>} {俗人居} {俗人居} {这是沉香城里最大，最象样的一个饭馆。} {沉香镇} {} {chenxiang} {俗人居老板 李掌柜} {1.000}
E {   44} {w} {w} {8} {0} {}

R {   50} {0} {<acf>} {牡丹屋} {牡丹屋} {这里都是花，各种各样的花，放都放不下了，只好都排到街边来了。} {沉香镇} {} {chenxiang} {赛牡丹 花姑} {1.000}
E {   44} {e} {e} {2} {0} {}

R {   51} {0} {<acf>} {沉香城南门} {沉香城南门} {城门有几丈高，厚而且结实，上面还镶满了铜钉。} {沉香镇} {} {chenxiang} {守城官兵} {1.000}
E {   48} {n} {n} {1} {0} {}
E {   56} {s} {s} {4} {0} {}

R {   52} {0} {<acf>} {卧龙馆} {卧龙馆} {房顶相当地高，比两层楼都高} {沉香镇} {} {chenxiang} {一毛不拔 贾员外} {1.000}
E {   48} {w} {w} {8} {0} {}
E {   54} {e} {e} {2} {0} {}

R {   53} {0} {<acf>} {净水阁} {净水阁} {两三级台阶，朱红大门一扇，崭新的窗户纸，连门槛都丝毫没有磨损。} {沉香镇} {} {chenxiang} {珠宝商 郑甲} {1.000}
E {   48} {e} {e} {2} {0} {}

R {   54} {0} {<acf>} {卧龙馆内院} {卧龙馆内院} {四墙足足有两人多高，上面没有任何东西，滑不留手。} {沉香镇} {} {chenxiang} {贾员外的女儿} {1.000}
E {   52} {w} {w} {8} {0} {}
E {   55} {d} {d} {32} {0} {}

R {   55} {0} {} {枯井底} {枯井底} {这里都是半腐烂的杂草和树叶，特别的松软} {沉香镇} {} {chenxiang} {巨花蟒} {1.000}

R {   56} {0} {<acf>} {乡间小路} {乡间小路} {往北是沉香城南门，往南是沼泽边缘} {沉香镇} {} {chenxiang} {} {1.000}
E {   51} {n} {n} {1} {0} {}
E {   57} {s} {s} {4} {0} {}

R {   57} {0} {<acf>} {沼泽边缘} {沼泽边缘} {这里乌云密布，天色极暗。} {沼泽} {} {zhaoze} {} {1.000}
E {   56} {n} {n} {1} {0} {}

R {   58} {0} {<acf>} {小酒肆} {小酒肆} {傍着翠竹和石雕门坊是一个简陋的小酒肆，竹子搭成的架子，茅草做顶} {黄山} {} {huangshan} {} {1.000}
E {   26} {s} {s} {4} {0} {}

R {   59} {0} {<acf>} {温泉} {温泉} {黄山温泉古称汤泉，古人云“紫云峰下藏太阳，不施炉灶自成汤”，更兼有医药功能名闻天下。} {黄山} {} {huangshan} {轩辕三成} {1.000}
E {   26} {ed} {ed} {34} {0} {}
E {   60} {wu} {wu} {24} {0} {}
E {   61} {nu} {nu} {17} {0} {}

R {   60} {0} {<acf>} {桃花峰} {桃花峰} {峰顶面积不大，却也不小，一座六角小亭紧靠峰顶的边缘，靠中间则是一个青砖琉璃瓦的建筑。} {黄山} {} {huangshan} {} {1.000}
E {   59} {ed} {ed} {34} {0} {}
E {   62} {wd} {wd} {40} {0} {}
E {   63} {n} {n} {1} {0} {}
E {   64} {sw} {sw} {12} {0} {}

R {   61} {0} {<acf>} {观瀑亭} {观瀑亭} {一座六方翘角，顶覆绿色琉璃的小亭子，中间摆有一张石桌和四个石凳} {黄山} {} {huangshan} {利源利通钱庄老板 杨开泰} {1.000}
E {   59} {sd} {sd} {36} {0} {}

R {   62} {0} {<acf>} {青鸾桥} {青鸾桥} {倚着山跨越着一座石梁，看上去象是一座桥，远远望去，又好似青鸾腾空} {黄山} {} {huangshan} {小马猴} {1.000}
E {   60} {eu} {eu} {18} {0} {}
E {   65} {n} {n} {1} {0} {}
E {   66} {s} {s} {4} {0} {}
E {   67} {wu} {wu} {24} {0} {}
E {   68} {sw} {sw} {12} {0} {}

R {   63} {0} {<acf>} {慈光阁} {慈光阁} {这是一个用青砖搭成的房子，里面有四根朱漆柱子，除此之外空无一物} {黄山} {} {huangshan} {黄山派 第五代弟子 金凤凰} {1.000}
E {   60} {s} {s} {4} {0} {}

R {   64} {0} {<acf>} {桃源亭} {桃源亭} {亭子紧靠桃花峰的边缘，亭子不大，里面空无一物，向下望去是陡峭的崖壁} {黄山} {} {huangshan} {小姑娘} {1.000}
E {   60} {ne} {ne} {3} {0} {}

R {   65} {0} {<acf>} {百丈泉} {百丈泉} {黄山三大名瀑之一，因飞流直下而得名，由观瀑亭远看极为壮观。} {黄山} {} {huangshan} {金弓银丸斩虎刀，追云捉月水上飘} {1.000}
E {   62} {s} {s} {4} {0} {}
E {   74} {nw} {nw} {9} {0} {}

R {   66} {0} {<acf>} {人字瀑} {人字瀑} {山路一转，眼前出现一个小山坳，四周草木茂盛，耳边不时传来虫叫蛙鸣声，一条小溪缓缓从你身边流过。} {黄山} {} {huangshan} {游客} {1.000}
E {   62} {n} {n} {1} {0} {}
E {   72} {wu} {wu} {24} {0} {}

R {   67} {0} {<acf>} {山路} {山路} {山路到了这里逐渐平缓，然而路面不足三尺宽，一边是百尺深渊，一边是万丈峭壁。} {黄山} {} {huangshan} {} {1.000}
E {   62} {ed} {ed} {34} {0} {}
E {   73} {n} {n} {1} {0} {}

R {   68} {0} {<acf>} {醉石} {醉石} {传说这是李白醉酒卧眠之处，石上人形依稀可见，观其形状恰似酒至鼾处} {黄山} {} {huangshan} {} {1.000}
E {   62} {ne} {ne} {3} {0} {}
E {   69} {wd} {wd} {40} {0} {}
E {   70} {s} {s} {4} {0} {}

R {   69} {0} {<fac>} {三叠泉} {三叠泉} {四周山林清幽，山色如黛，不时传来虫鸣鸟叫之声。} {} {} {} {独眼单足} {1.000}
E {   68} {eu} {eu} {18} {0} {}
E {   71} {w} {w} {8} {0} {}

R {   70} {0} {<acf>} {试剑石} {试剑石} {一块巨大的石头，孤处路中，中间一痕，深几近半} {黄山} {} {huangshan} {} {1.000}
E {   68} {n} {n} {1} {0} {}

R {   71} {0} {<acf>} {鸣弦泉} {鸣弦泉} {面前一高崖耸立，崖下绿草如茵，有泉水自高山石壁骤然落下} {黄山} {} {huangshan} {} {1.000}
E {   69} {e} {e} {2} {0} {}

R {   72} {0} {<acf>} {黄山茶园} {黄山茶园} {半山腰是一个茶园，一片修剪整齐的茶树排列成行，半人多高的茶树上长着新发的嫩绿叶片，这里终年处在云雾之中，所以大家叫从这个茶园采的茶“云雾茶”。} {黄山} {} {huangshan} {采茶女} {1.000}
E {   66} {ed} {ed} {34} {0} {}

R {   73} {0} {<acf>} {山路} {山路} {山路一转弯，出现了一个小山坳，此处三面环山，满眼尽是怀抱不拢的古柏} {黄山} {} {huangshan} {} {1.000}
E {   67} {s} {s} {4} {0} {}
E {   80} {nu} {nu} {17} {0} {}
E {   78} {wu} {wu} {24} {0} {}

R {   74} {0} {<acf>} {山路} {山路} {耳边还回响着轰鸣的水声，你似乎还可以在空气中闻到瀑布的气息} {黄山} {} {huangshan} {} {1.000}
E {   65} {se} {se} {6} {0} {}
E {   75} {nu} {nu} {17} {0} {}

R {   75} {0} {<acf>} {九龙瀑} {九龙瀑} {峰回路转，眼前景色又是一变，一道瀑水自天都，峰玉屏诸峰，然后在香炉} {黄山} {} {huangshan} {} {1.000}
E {   74} {sd} {sd} {36} {0} {}
E {   76} {nw} {nw} {9} {0} {}
E {  389} {u} {climb cliff} {16} {0} {}

R {   76} {0} {<acf>} {苦竹林} {苦竹林} {此处竹林茂盛，白天阳光透过密密的竹叶似乎都染上了淡淡的绿色} {黄山} {} {huangshan} {} {1.000}
E {   75} {se} {se} {6} {0} {}
E {   77} {nd} {nd} {33} {0} {}

R {   77} {0} {<acf>} {苦竹溪} {苦竹溪} {沿途盛产苦竹，溪水从竹林底穿过，流到这里汇成了一眼小泉} {黄山} {} {huangshan} {竹叶蛇} {1.000}
E {   76} {su} {su} {20} {0} {}

R {   78} {0} {<acf>} {观音石} {观音石} {穿过云门到天都峰下，即可看到一个亭亭玉立的石人，活象一尊古装仕女，人称观音石。} {黄山} {} {huangshan} {} {1.000}
E {   81} {nw} {nw} {9} {0} {}
E {   87} {wu} {wu} {24} {0} {}
E {   73} {ed} {ed} {34} {0} {}

R {   79} {0} {<acf>} {玉屏峰下} {玉屏峰下} {背靠玉屏峰有一座两层楼的建筑坐落在树林之中，灰色的瓦顶上生满了野草} {黄山} {} {huangshan} {黄山派 第六代弟子 王莹} {1.000}
E {   87} {ne} {ne} {3} {0} {}
E {   88} {se} {se} {6} {0} {}
E {   89} {w} {w} {8} {0} {}
E {   90} {u} {u} {16} {0} {}

R {   80} {0} {<acf>} {小寺庙} {小寺庙} {一座小小的寺庙倚山势而建，寺庙外古柏遮天，鲜有人迹} {黄山} {} {huangshan} {} {1.000}
E {   73} {sd} {sd} {36} {0} {}

R {   81} {0} {<acf>} {探海松} {探海松} {树木逐渐稀疏，路边不时冒出的古松却各具姿色，有的雄壮挺拔} {黄山} {} {huangshan} {} {1.000}
E {   78} {se} {se} {6} {0} {}
E {   82} {ne} {ne} {3} {0} {}

R {   82} {0} {<acf>} {鲫鱼背} {鲫鱼背} {这是一段长约十余丈，宽仅半丈，两侧凌空，下临深渊的石质刃脊，其形状甚象鲫鱼背。} {黄山} {} {huangshan} {李红樱} {1.000}
E {   81} {sw} {sw} {12} {0} {}
E {   83} {w} {w} {8} {0} {}
E {   84} {nu} {nu} {17} {0} {}

R {   83} {0} {<acf>} {二仙祠} {二仙祠} {相传当年欲上天都，只有鲫鱼背一条路，人多有失足。} {黄山} {} {huangshan} {} {1.000}
E {   82} {e} {e} {2} {0} {}

R {   84} {0} {<acf>} {天都峰} {天都峰} {天都是三大主峰中最为险峻的一座，古称“群仙所都”，意为天上都会。} {黄山} {} {huangshan} {杨绿柳} {1.000}
E {   82} {sd} {sd} {36} {0} {}
E {   85} {wd} {wd} {40} {0} {}

R {   85} {0} {<acf>} {一线天} {一线天} {这里十分狭长，高达三十余米的石壁紧紧夹峙，一道石阶从中盘环而上} {黄山} {} {huangshan} {} {1.000}
E {   84} {eu} {eu} {18} {0} {}
E {   86} {s} {s} {4} {0} {}

R {   86} {0} {<acf>} {文殊院} {文殊院} {相传当年普门法师所建，供奉着文殊菩萨，所以叫文殊院，香火盛极一时} {黄山} {} {huangshan} {} {1.000}
E {   85} {n} {n} {1} {0} {}
E {   87} {se} {se} {6} {0} {}

R {   87} {0} {<acf>} {迎客松} {迎客松} {一过蓬莱三岛，远远便可看见一株古松伸出“双臂”，宛若主人在迎接远道而来的客人。} {黄山} {} {huangshan} {黄山派 第六代弟子 霍英} {1.000}
E {   86} {nw} {nw} {9} {0} {}
E {   78} {ed} {ed} {34} {0} {}
E {   79} {sw} {sw} {12} {0} {}

R {   88} {0} {<acf>} {莲蕊峰} {莲蕊峰} {与莲花峰相互依托，这里恰似莲花之蕊，峰不高，树木也不多} {黄山} {} {huangshan} {野兔} {1.000}
E {   79} {nw} {nw} {9} {0} {}

R {   89} {0} {<acf>} {莲花峰} {莲花峰} {黄山第一高峰。它超然鹤立，群峰簇拥，象一多初绽莲花，仰天怒放，融雄伟俏丽于一体，是当之无愧的“菡萏金芙蓉”。} {黄山} {} {huangshan} {} {1.000}
E {   79} {e} {e} {2} {0} {}
E {   92} {wd} {wd} {40} {0} {}

R {   90} {0} {<acf>} {玉屏楼一楼} {玉屏楼一楼} {楼不大，每一层约有四五个房间，门外是长廊。} {黄山} {} {huangshan} {小厮} {1.000}
E {   79} {d} {d} {32} {0} {}
E {   91} {u} {u} {16} {0} {}

R {   91} {0} {<acf>} {玉屏楼二楼} {玉屏楼二楼} {清凉的山风吹来，让人精神一振。楼下石榴树的枝叶紧临长廊，探手可触。} {黄山} {} {huangshan} {太湖王「水上大豪」王震湘} {1.000}
E {   90} {d} {d} {32} {0} {}

R {   92} {0} {<acf>} {光明顶} {光明顶} {光明顶是第二高峰，因为多次出现佛光，所以被称为光明顶} {黄山} {} {huangshan} {} {1.000}
E {   89} {eu} {eu} {18} {0} {}
E {   93} {n} {n} {1} {0} {}
E {   94} {s} {s} {4} {0} {}
E {   95} {sw} {sw} {12} {0} {}

R {   93} {0} {<acf>} {散花坞} {散花坞} {散花坞乃一宽谷，谷中峰峦参差，笔架峰，骆驼石等怪石错列其间，远观峰峦叠嶂，近顾怪石献巧。} {黄山} {} {huangshan} {} {1.000}
E {   92} {s} {s} {4} {0} {}
E {   96} {n} {n} {1} {0} {}
E {   97} {w} {w} {8} {0} {}
E {   98} {nw} {nw} {9} {0} {}

R {   94} {0} {<acf>} {飞来石} {飞来石} {在平坦的山面之上，突然冒出一块石头，似乎除了飞来一说，别的实在难以解释。} {黄山} {} {huangshan} {} {1.000}
E {   92} {n} {n} {1} {0} {}

R {   95} {0} {<acf>} {排云亭} {排云亭} {六角小亭依崖而建，亭柱之间是半人高的栏杆，可以坐下休息观云，也可以防止游人坠入悬崖。} {黄山} {} {huangshan} {少林寺 第二十三代弟子 空光} {1.000}
E {   92} {ne} {ne} {3} {0} {}

R {   96} {0} {<acf>} {梦笔生花} {梦笔生花} {远见松海中耸立着一根独特的石柱，下部直如笔杆，上端酷似笔尖} {黄山} {} {huangshan} {} {1.000}
E {   93} {s} {s} {4} {0} {}

R {   97} {0} {<acf>} {狮子峰} {狮子峰} {此处远看像是一头卧狮，头西尾东横卧于前。} {黄山} {} {huangshan} {黄山派 第六代弟子 白环} {1.000}
E {   93} {e} {e} {2} {0} {}
E {   99} {w} {w} {8} {0} {}

R {   98} {0} {<acf>} {石笋杠} {石笋杠} {这里石柱林立，形同竹笋，千姿百态。} {黄山} {} {huangshan} {黄山派 第六代弟子 燕珊} {1.000}
E {   93} {se} {se} {6} {0} {}

R {   99} {0} {<acf>} {清凉台} {清凉台} {山路曲折，一路奇松、怪石令人陶醉} {黄山} {} {huangshan} {} {1.000}
E {   97} {e} {e} {2} {0} {}
E {  100} {nw} {nw} {9} {0} {}
E {  101} {sw} {sw} {12} {0} {}

R {  100} {0} {<acf>} {飞龙峰} {飞龙峰} {这里很少有游人前来，因此山势险恶，且无什么绝妙的景色} {黄山} {} {huangshan} {} {1.000}
E {   99} {se} {se} {6} {0} {}

R {  101} {0} {<acf>} {叠嶂峰} {叠嶂峰} {这里山峰实在是多，相传黄山三千六百峰，从叠嶂峰来看，只怕尤有过之} {黄山} {} {huangshan} {黄山派 第五代弟子 太白逸} {1.000}
E {   99} {ne} {ne} {3} {0} {}
E {  102} {w} {w} {8} {0} {}

R {  102} {0} {<acf>} {石阶} {石阶} {长长的石阶，沿途尽是茂林修竹和一些高大的松树，松枝上挂着云雾草} {黄山} {} {huangshan} {大马猴} {1.000}
E {  101} {e} {e} {2} {0} {}
E {  103} {s} {s} {4} {0} {}
E {  104} {w} {w} {8} {0} {}
E {  105} {nu} {nu} {17} {0} {}

R {  103} {0} {<acf>} {松谷庵} {松谷庵} {粉墙青瓦的小院落坐落在竹林之中，一道小溪从竹林穿出，从小院后面绕过。} {黄山} {} {huangshan} {天下九鼎  饕餮之鼎} {1.000}
E {  102} {n} {n} {1} {0} {}
E {  106} {s} {s} {4} {0} {}

R {  104} {0} {<acf>} {翡翠池} {翡翠池} {在松谷溪边，星罗棋布着六个池潭。} {黄山} {} {huangshan} {} {1.000}
E {  102} {e} {e} {2} {0} {}

R {  105} {0} {<acf>} {采石峰} {采石峰} {这里相传是女娲采石补天所取天下山石中精英所在，山色与别山迥异} {黄山} {} {huangshan} {黄山派 第五代弟子 小慕容} {1.000}
E {  102} {sd} {sd} {36} {0} {}

R {  106} {0} {<acf>} {小院} {小院} {青砖铺地的院落当中是一棵巨大的松树，松树巨大的树冠覆盖了大半的庭院} {黄山} {} {huangshan} {} {1.000}
E {  103} {n} {n} {1} {0} {}
E {  107} {s} {s} {4} {0} {}

R {  107} {0} {<acf>} {庵堂} {庵堂} {庵堂正中供奉着一尊观音像，四周垂有帷幔，一张长几上供奉着鲜花和水果} {黄山} {} {huangshan} {松谷庵「守身如玉」小尼姑} {1.000}
E {  106} {n} {n} {1} {0} {}

R {  108} {0} {<acf>} {荒野} {荒野} {这是一个无边的荒野地，地势在这里微有起伏，路边的杂草透着灰绿色} {华山} {} {huashan} {} {1.000}
E {   23} {e} {e} {2} {0} {}
E {  109} {s} {s} {4} {0} {}

R {  109} {0} {<acf>} {黄土路} {黄土路} {跟北面景色截然不同，这里是丘陵地带，四周充满了绿意} {华山} {} {huashan} {} {1.000}
E {  108} {n} {n} {1} {0} {}
E {  110} {s} {s} {4} {0} {}

R {  110} {0} {<acf>} {山门} {山门} {山峦以近，眼前一道石门耸立，石门上书“华山”两个隶书大字} {华山} {} {huashan} {胖公子} {1.000}
E {  109} {n} {n} {1} {0} {}
E {  111} {s} {s} {4} {0} {}

R {  111} {0} {<acf>} {小径} {小径} {道路忽然变窄，两侧山势更显高峻，小径犹如在夹缝中向前} {华山} {} {huashan} {} {1.000}
E {  110} {n} {n} {1} {0} {}
E {  112} {su} {su} {20} {0} {}

R {  112} {0} {<acf>} {竹峪} {竹峪} {此处遍生青竹，满谷翠绿，生机盎然，阵阵山风吹来，只听沙沙竹叶声，不见人踪。} {华山} {} {huashan} {} {1.000}
E {  111} {nd} {nd} {33} {0} {}
E {  113} {eu} {eu} {18} {0} {}
E {  114} {wu} {wu} {24} {0} {}

R {  113} {0} {<acf>} {紫薇洞} {紫薇洞} {此处是一孔依崖凿刻的人工山洞。} {华山} {} {huashan} {脚行僧} {1.000}
E {  112} {wd} {wd} {40} {0} {}

R {  114} {0} {<acf>} {菖蒲池} {菖蒲池} {山半腰有个小池塘，水色明亮如镜而且终年不干，一路走来却也不见有溪流注入其中。} {华山} {} {huashan} {} {1.000}
E {  112} {ed} {ed} {34} {0} {}
E {  115} {n} {n} {1} {0} {}
E {  116} {wu} {wu} {24} {0} {}

R {  115} {0} {<acf>} {古栈道} {古栈道} {崖壁似垂直，然而在这半山腰上却建了一条栈道} {华山} {} {huashan} {} {1.000}
E {  114} {s} {s} {4} {0} {}

R {  116} {0} {<acf>} {玉泉院} {玉泉院} {玉泉院位于华山峪口，乃攀登华山主峰必经之径。} {华山} {} {huashan} {卖面的老头子} {1.000}
E {  114} {ed} {ed} {34} {0} {}
E {  117} {wu} {wu} {24} {0} {}
E {  118} {nw} {nw} {9} {0} {}

R {  117} {0} {<acf>} {五里关} {五里关} {五里关为华山天险第一关，此处西依绝壁，东临深渊，地势险要} {华山} {} {huashan} {探险者} {1.000}
E {  116} {ed} {ed} {34} {0} {}
E {  120} {se} {se} {6} {0} {}

R {  118} {0} {<acf>} {青砖甬道} {青砖甬道} {两侧是一人多高的白布帐幔，大青砖铺成的甬道笔直的通向前方} {华山} {} {huashan} {「火凤凰」金灵芝} {1.000}
E {  116} {se} {se} {6} {0} {}
E {  119} {n} {n} {1} {0} {}

R {  119} {0} {<acf>} {玉泉池} {玉泉池} {这里是一眼温泉，四周围以白布幛幔，旁边还摆放着几张桌椅。} {华山} {} {huashan} {无拘无束 裸体男人} {1.000}
E {  118} {s} {s} {4} {0} {}

R {  120} {0} {<acf>} {莎萝坪} {莎萝坪} {此处地势平坦，视野开阔。向东望，可观赏白云峰腰桃石和金龟戏玉蟾} {华山} {} {huashan} {} {1.000}
E {  117} {nw} {nw} {9} {0} {}
E {  121} {e} {e} {2} {0} {}
E {  122} {sw} {sw} {12} {0} {}
E {  123} {su} {su} {20} {0} {}

R {  121} {0} {<acf>} {华山别院} {华山别院} {华山别院为一座北方园林，占地十余亩，观门前曲水修竹，观内古树婆娑} {华山} {} {huashan} {华山派 第十七代弟子 小铃儿} {1.000}
E {  120} {w} {w} {8} {0} {}
E {  124} {e} {e} {2} {0} {}

R {  122} {0} {<acf>} {十八盘} {十八盘} {此处山势陡峭，盘山土路陡峭艰辛，路随山势曲折盘环，十有八折盘山而上} {华山} {} {huashan} {} {1.000}
E {  120} {ne} {ne} {3} {0} {}
E {  125} {se} {se} {6} {0} {}

R {  123} {0} {<acf>} {毛女洞} {毛女洞} {毛女洞传说是毛女隐遁栖身处。} {华山} {} {huashan} {} {1.000}
E {  120} {nd} {nd} {33} {0} {}

R {  124} {0} {<acf>} {正堂} {正堂} {屋内光线充足，正对大门靠墙摆着一张紫檀木桌，上面摊放着一幅还没有完成的字画，遒劲的笔力显示着作画人深厚的功力。} {华山} {} {huashan} {华山派 第十六代掌门「铁仙姑」枯梅大师} {1.000}
E {  121} {w} {w} {8} {0} {}

R {  125} {0} {<acf>} {十八盘} {十八盘} {此处山势陡峭，盘山土路陡峭艰辛，路随山势曲折盘环，十有八折盘山而上} {华山} {} {huashan} {登山的勇者} {1.000}
E {  122} {nw} {nw} {9} {0} {}
E {  126} {sw} {sw} {12} {0} {}

R {  126} {0} {<acf>} {十八盘} {十八盘} {此处山势陡峭，盘山土路陡峭艰辛，路随山势曲折盘环，十有八折盘山而上} {华山} {} {huashan} {登山的勇者} {1.000}
E {  125} {ne} {ne} {3} {0} {}
E {  127} {e} {e} {2} {0} {}

R {  127} {0} {<acf>} {青柯坪} {青柯坪} {穿过水帘洞瀑布，山路一转，眼前豁然开朗，一块平地出现在眼前。} {华山} {} {huashan} {「挑担卖酒的」红鼻子老头} {1.000}
E {  126} {w} {w} {8} {0} {}
E {  128} {ne} {ne} {3} {0} {}
E {  129} {su} {su} {20} {0} {}

R {  128} {0} {<acf>} {雪花洞} {雪花洞} {崖壁上是一个人工凿刻的山洞，洞不大，没有人知道当初为什么要凿这山洞。} {华山} {} {huashan} {「江里白龙」孙远超} {1.000}
E {  127} {sw} {sw} {12} {0} {}

R {  129} {0} {<acf>} {迴心石} {迴心石} {山回路转，又开始了登山的道路，突然眼前路边出现一块巨石，石高数丈} {华山} {} {huashan} {三清宫 天师 玄清} {1.000}
E {  127} {nd} {nd} {33} {0} {}
E {  130} {su} {su} {20} {0} {}

R {  130} {0} {<acf>} {千尺幢} {千尺幢} {面前一石崖似被利斧从中劈开形成一个裂缝，缝宽仅三尺，直立七十度，后人级。} {华山} {} {huashan} {小弥猴} {1.000}
E {  129} {nd} {nd} {33} {0} {}
E {  131} {eu} {eu} {18} {0} {}

R {  131} {0} {<acf>} {苍龙岭} {苍龙岭} {刀形的山脊呈苍黑色，石路长约百米，宽不足三尺，两侧深渊千尺} {华山} {} {huashan} {华山派 第十七代弟子 高亚男} {1.000}
E {  130} {wd} {wd} {40} {0} {}
E {  132} {ed} {ed} {34} {0} {}
E {  133} {su} {su} {20} {0} {}
E {  134} {nu} {nu} {17} {0} {}

R {  132} {0} {<acf>} {山间小道} {山间小道} {这一段路地势平缓，四周山峦拔地而起，小路在山间谷地盘环而行} {华山} {} {huashan} {樵夫} {1.000}
E {  131} {wu} {wu} {24} {0} {}
E {  136} {eu} {eu} {18} {0} {}

R {  133} {0} {<acf>} {玉女峰} {玉女峰} {一路行来风景秀丽，峰上更是林木茂密，环境清幽。} {华山} {} {huashan} {} {1.000}
E {  131} {nd} {nd} {33} {0} {}

R {  134} {0} {<acf>} {云台峰} {云台峰} {站在山峰顶端，回首遥望，来路若隐若现，不时飘过的云雾挡住你的视线。} {华山} {} {huashan} {白衣人} {1.000}
E {  131} {sd} {sd} {36} {0} {}

R {  135} {0} {<acf>} {阴暗小路} {阴暗小路} {这是一条阴暗潮湿的小路，位于沉香城之西南，周围散落着一些残垣断壁，路边杂草丛生。} {狼山} {} {wolfmount} {} {1.000}
E {   43} {e} {e} {2} {0} {}
E {  150} {s} {s} {4} {0} {}

R {  136} {0} {<acf>} {山间小道} {山间小道} {路依然在山间谷地盘环而行，只是路随山势渐渐向上} {华山} {} {huashan} {} {1.000}
E {  132} {wd} {wd} {40} {0} {}
E {  137} {se} {se} {6} {0} {}
E {  565} {e} {dash} {2} {0} {}

R {  137} {0} {<acf>} {朝阳峰} {朝阳峰} {此峰位于华山五峰之东，向上看整个山峰顶部犹如一块巨大的岩石} {华山} {} {huashan} {小松鼠} {1.000}
E {  136} {nw} {nw} {9} {0} {}
E {  138} {se} {se} {6} {0} {}
E {  139} {sd} {sd} {36} {0} {}

R {  138} {0} {<acf>} {鹞子翻身} {鹞子翻身} {此处崖壁直立，看似无道路可行，但仔细观，有几个脚窝凿于悬崖之上} {华山} {} {huashan} {小黄雀} {1.000}
E {  137} {nw} {nw} {9} {0} {}
E {  140} {s} {s} {4} {0} {}

R {  139} {0} {<acf>} {紫气台} {紫气台} {这里称台却不在山顶，半山腰出现一块平地，四周巨大的古柏着天蔽日。} {华山} {} {huashan} {华山派 第十七代弟子 白菊} {1.000}
E {  137} {nu} {nu} {17} {0} {}
E {  141} {sw} {sw} {12} {0} {}

R {  140} {0} {<acf>} {棋盘台} {棋盘台} {孤峰顶上原本平坦，更有后人凿削峰顶建成台，台上建有铁亭一座，亭内置古围棋一盘。} {华山} {} {huashan} {公冶长} {1.000}
E {  138} {n} {n} {1} {0} {}

R {  141} {0} {<acf>} {山路} {山路} {穿过松树林，一条小路出现在眼前，石阶铺就的山路断断续续先前延伸。} {华山} {} {huashan} {} {1.000}
E {  139} {ne} {ne} {3} {0} {}
E {  142} {wu} {wu} {24} {0} {}

R {  142} {0} {<acf>} {雁落峰} {雁落峰} {此为华山最高峰，站在峰顶四处观望，只见山峦起伏，苍苍茫茫。} {华山} {} {huashan} {} {1.000}
E {  141} {ed} {ed} {34} {0} {}
E {  143} {wd} {wd} {40} {0} {}
E {  144} {n} {n} {1} {0} {}

R {  143} {0} {<acf>} {断崖} {断崖} {峰回路转，一片断崖立于眼前，四周林木茂密，一片翠绿。} {华山} {} {huashan} {鹤发童颜 姜仙公} {1.000}
E {  142} {eu} {eu} {18} {0} {}
E {  145} {nw} {nw} {9} {0} {}

R {  144} {0} {<acf>} {仰天池} {仰天池} {仰天池在华山南峰绝顶，池为岩石上一天然石凹，呈不规则形} {华山} {} {huashan} {「地绝剑」于一飞} {1.000}
E {  142} {s} {s} {4} {0} {}

R {  145} {0} {<acf>} {山路} {山路} {沿山路再向西行即莲花峰，小路从枫树林中穿过，风从树林中穿过} {华山} {} {huashan} {} {1.000}
E {  143} {se} {se} {6} {0} {}
E {  146} {wu} {wu} {24} {0} {}

R {  146} {0} {<acf>} {莲花峰} {莲花峰} {西峰因峰巅有巨石形似莲花，所以又叫莲花峰。} {华山} {} {huashan} {小担贩} {1.000}
E {  145} {ed} {ed} {34} {0} {}
E {  147} {se} {se} {6} {0} {}
E {  148} {nd} {nd} {33} {0} {}
E {  149} {sw} {sw} {12} {0} {}

R {  147} {0} {<acf>} {镇岳宫} {镇岳宫} {此宫依西峰东麓而筑，随崖就势，建筑独特。} {华山} {} {huashan} {} {1.000}
E {  146} {nw} {nw} {9} {0} {}

R {  148} {0} {<acf>} {斧劈石} {斧劈石} {仰望峰巅，古松奇石参差，半棵焦黑的树下立有一块巨石，高一长有余} {华山} {} {huashan} {驯鹰人} {1.000}
E {  146} {su} {su} {20} {0} {}

R {  149} {0} {<acf>} {舍身崖} {舍身崖} {传说古时有个孝子，为还愿报答神灵为其父母治病，在此处舍身跳崖。} {华山} {} {huashan} {峨嵋 苦庵上人} {1.000}
E {  146} {ne} {ne} {3} {0} {}

R {  150} {0} {<acf>} {阴暗小路} {阴暗小路} {这是一条阴暗潮湿的小路，位于沉香城之西南，周围散落着一些残垣断壁，路边杂草丛生。} {狼山} {} {wolfmount} {} {1.000}
E {  135} {n} {n} {1} {0} {}
E {  151} {wu} {wu} {24} {0} {}

R {  151} {0} {<acf>} {烽火台} {烽火台} {这里是一块很大的岩石，形成了一个天然的宽阔平台。} {狼山} {} {wolfmount} {狼山 第四代弟子「狼山铁卫」铁坎} {1.000}
E {  150} {ed} {ed} {34} {0} {}
E {  153} {su} {su} {20} {0} {}

R {  152} {0} {<acf>} {荒野} {荒野} {这是一个无边的沙砾地，山势到了这里突然间变的无影无踪。} {沉香镇} {} {chenxiang} {} {1.000}
E {   22} {s} {south} {4} {0} {}
E {  174} {nw} {northwest} {9} {0} {}

R {  153} {0} {<acf>} {十八盘} {十八盘} {山路崎岖盘绕难行，处处可见嶙峋的怪石奇岩，荆棘丛生，蔓藤环绕} {狼山} {} {wolfmount} {狼山 第四代弟子「狼山铁卫」铁风} {1.000}
E {  151} {nd} {nd} {33} {0} {}
E {  154} {su} {su} {20} {0} {}

R {  154} {0} {<acf>} {十八盘} {十八盘} {山路崎岖盘绕难行，处处可见嶙峋的怪石奇岩，荆棘丛生，蔓藤环绕} {狼山} {} {wolfmount} {} {1.000}
E {  153} {nd} {nd} {33} {0} {}
E {  155} {se} {se} {6} {0} {}

R {  155} {0} {<acf>} {十八盘} {十八盘} {山路崎岖盘绕难行，处处可见嶙峋的怪石奇岩，荆棘丛生，蔓藤环绕} {狼山} {} {wolfmount} {} {1.000}
E {  154} {nw} {nw} {9} {0} {}
E {  156} {eu} {eu} {18} {0} {}

R {  156} {0} {<acf>} {十八盘} {十八盘} {} {狼山} {} {wolfmount} {} {1.000}
E {  155} {wd} {wd} {40} {0} {}
E {  157} {su} {su} {20} {0} {}
E {  158} {e} {enter} {2} {0} {}

R {  157} {0} {<acf>} {狼牙岭} {狼牙岭} {群山一眼望不到尽头，狼牙般狰狞钩连。} {狼山} {} {wolfmount} {狼山 第四代弟子「战狼」拓跋战} {1.000}
E {  156} {nd} {nd} {33} {0} {}
E {  160} {su} {su} {20} {0} {}
E {  377} {ed} {ed} {34} {0} {}

R {  158} {0} {<acf>} {虎穴} {虎穴} {一个很宽阔的石洞，洞中很暗，黑漆漆一片，几乎什么都看不见} {狼山} {} {wolfmount} {剥皮匠 常无意} {1.000}
E {  156} {w} {out} {8} {0} {}

R {  159} {0} {<acf>} {野狼坡} {野狼坡} {山势渐缓，眼前坡地是一处开阔所在。} {狼山} {} {wolfmount} {野果} {1.000}
E {  160} {ne} {ne} {3} {0} {}
E {  161} {su} {su} {20} {0} {}
E {  197} {u} {crawl up} {16} {0} {}

R {  160} {0} {<acf>} {狼笔峰} {狼笔峰} {山路到了这里突然陡峭起来，两旁山峰笔立如刀，中间留出一条窄窄的山路} {狼山} {} {wolfmount} {狼山 第四代弟子「战狼」哥舒战} {1.000}
E {  157} {nd} {nd} {33} {0} {}
E {  159} {sw} {sw} {12} {0} {}

R {  161} {0} {<acf>} {鹰愁涧} {鹰愁涧} {山路崎岖难行，四面悬崖峭壁如犬牙交错，远远望去叠岭层峦连绵不断。} {狼山} {} {wolfmount} {狼山 第四代大头领「战狼盗」铁战} {1.000}
E {  159} {nd} {nd} {33} {0} {}
E {  162} {se} {se} {6} {0} {}

R {  162} {0} {<acf>} {太平客栈} {太平客栈} {狼山自然一点也不太平，唯一能让你喘口气的地方就只有半山腰这家太平客栈了。} {狼山} {} {wolfmount} {客栈老板 郝生意} {1.000}
E {  161} {nw} {nw} {9} {0} {}
E {  163} {s} {s} {4} {0} {}
E {  164} {ne} {ne} {3} {0} {}

R {  163} {0} {<acf>} {客栈后院} {客栈后院} {这里是太平客栈的后院。} {狼山} {} {wolfmount} {「母色狼」柳金莲} {1.000}
E {  162} {n} {n} {1} {0} {}
E {  165} {se} {se} {6} {0} {}

R {  164} {0} {<acf>} {一线天} {一线天} {行路至此，山路愈发变得陡峭无比，两边悬崖峭壁高高笔立} {狼山} {} {wolfmount} {} {1.000}
E {  162} {sw} {sw} {12} {0} {}

R {  165} {0} {<acf>} {云雾石径} {云雾石径} {山中云雾缭绕，小路蜿蜒而上，一丛丛不知名的小花在山风中摇曳} {狼山} {} {wolfmount} {一瓣落花} {1.000}
E {  163} {nw} {nw} {9} {0} {}
E {  166} {su} {su} {20} {0} {}

R {  166} {0} {<acf>} {云雾石径} {云雾石径} {山中云雾缭绕，小路蜿蜒而上，一丛丛不知名的小花在山风中摇曳} {狼山} {} {wolfmount} {落花} {1.000}
E {  165} {nd} {nd} {33} {0} {}
E {  167} {su} {su} {20} {0} {}

R {  167} {0} {<acf>} {云雾石径} {云雾石径} {山中云雾缭绕，小路蜿蜒而上，一丛丛不知名的小花在山风中摇曳} {狼山} {} {wolfmount} {} {1.000}
E {  166} {nd} {nd} {33} {0} {}
E {  168} {su} {su} {20} {0} {}

R {  168} {0} {<acf>} {云雾石径} {云雾石径} {山中云雾缭绕，小路蜿蜒而上，一丛丛不知名的小花在山风中摇曳} {狼山} {} {wolfmount} {} {1.000}
E {  167} {nd} {nd} {33} {0} {}
E {  169} {su} {su} {20} {0} {}

R {  169} {0} {<acf>} {云雾石径} {云雾石径} {山中云雾缭绕，小路蜿蜒而上，一丛丛不知名的小花在山风中摇曳} {狼山} {} {wolfmount} {「食人狼王」大法师} {1.000}
E {  168} {nd} {nd} {33} {0} {}
E {  170} {se} {se} {6} {0} {}

R {  170} {0} {<acf>} {白云深处} {白云深处} {“远上寒山石径斜，白云深处有人家。”} {狼山} {} {wolfmount} {跛足老人} {1.000}
E {  169} {nw} {nw} {9} {0} {}
E {  351} {su} {su} {20} {0} {}

R {  171} {0} {<acf>} {浣花溪} {浣花溪} {一道清澈见底的泉水从两旁的山中溅落下来，嘈嘈切切错杂弹地} {狼山} {} {wolfmount} {狼山 第四代弟子「迷狼」嬉小卜} {1.000}
E {  163} {e} {e} {2} {0} {}
E {  172} {nw} {nw} {9} {0} {}

R {  172} {0} {<acf>} {浣花溪} {浣花溪} {一道清澈见底的泉水从两旁的山中溅落下来，嘈嘈切切错杂弹地} {狼山} {} {wolfmount} {} {1.000}
E {  171} {se} {se} {6} {0} {}
E {  173} {nw} {nw} {9} {0} {}

R {  173} {0} {<acf>} {浣花溪} {浣花溪} {一道清澈见底的泉水从山中溅落下来，嘈嘈切切错杂弹地} {狼山} {} {wolfmount} {} {1.000}
E {  172} {se} {se} {6} {0} {}

R {  174} {0} {<acf>} {大漠风沙} {大漠风沙} {你现在处在酷热如烘炉的沙漠中，热的令人连气都透不出。} {大漠风沙} {} {quicksand} {} {1.000}
E {  176} {n} {n} {1} {0} {}
E {  179} {w} {w} {8} {0} {}

R {  175} {0} {<acf>} {石峰群} {石峰群} {这里是一片岩石，大大小小，各色各样，千奇百怪的岩石。} {石观音} {} {guanyin} {} {1.000}
E {  176} {s} {s} {4} {0} {}
E {  177} {e} {e} {2} {0} {}

R {  176} {0} {<acf>} {石峰边缘} {石峰边缘} {这里不但像是已到了沙漠的尽头，简直像是到了天地的尽头。} {石观音} {} {guanyin} {} {1.000}
E {  174} {s} {s} {4} {0} {}
E {  175} {n} {n} {1} {0} {}

R {  177} {0} {<acf>} {石峰入口} {石峰入口} {再往前走，但见前面一座高插入云的怪石奇峰，正如蹲伏的恶兽挡在前面。} {石观音} {} {guanyin} {} {1.000}
E {  175} {w} {w} {8} {0} {}
E {  178} {n} {n} {1} {0} {}

R {  178} {0} {<acf>} {小路} {小路} {石峰中竟有一条小路，蜿蜒曲折，如羊肠盘旋} {石观音} {} {guanyin} {海天双煞「天废」焦劳} {1.000}
E {  177} {s} {s} {4} {0} {}
E {  180} {w} {w} {8} {0} {}
E {  181} {nw} {nw} {9} {0} {}

R {  179} {0} {<acf>} {大漠风沙} {大漠风沙} {你现在处在酷热如烘炉的沙漠中，热的令人连气都透不出。} {大漠风沙} {} {quicksand} {} {1.000}
E {  174} {e} {e} {2} {0} {}
E {  191} {w} {w} {8} {0} {}

R {  180} {0} {<acf>} {小路} {小路} {石峰中竟有一条小路，蜿蜒曲折，如羊肠盘旋} {石观音} {} {guanyin} {} {1.000}
E {  178} {e} {e} {2} {0} {}
E {  183} {w} {w} {8} {0} {}
E {  181} {n} {n} {1} {0} {}

R {  181} {0} {<acf>} {石峰深处} {石峰深处} {这些石峰，半由天生，半由人力，其中道路盘旋} {石观音} {} {guanyin} {} {1.000}
E {  178} {se} {se} {6} {0} {}
E {  184} {w} {w} {8} {0} {}
E {  180} {s} {s} {4} {0} {}

R {  182} {0} {<acf>} {花香中} {花香中} {走了也不知多久，风中突然传来一阵阵甜蜜的花香。} {石观音} {} {guanyin} {} {1.000}
E {  185} {s} {s} {4} {0} {}
E {  186} {n} {n} {1} {0} {}

R {  183} {0} {<acf>} {石峰深处} {石峰深处} {这些石峰，半由天生，半由人力，其中道路盘旋} {石观音} {} {guanyin} {} {1.000}
E {  180} {e} {e} {2} {0} {}
E {  184} {n} {n} {1} {0} {}

R {  184} {0} {<acf>} {石峰狭道} {石峰狭道} {风，卷起黄沙，迷漫在狭谷间，更平添了一种凄秘诡谲之意} {石观音} {} {guanyin} {} {1.000}
E {  181} {e} {e} {2} {0} {}
E {  185} {n} {n} {1} {0} {}
E {  183} {s} {s} {4} {0} {}

R {  185} {0} {<acf>} {迷漫的黄沙中} {迷漫的黄沙中} {三五人影，似乎正拿着扫把扫地，他们的动作是那么缓慢} {石观音} {} {guanyin} {人影} {1.000}
E {  184} {s} {s} {4} {0} {}
E {  182} {n} {n} {1} {0} {}

R {  186} {0} {<acf>} {山谷口} {山谷口} {气温越来越暧，简直近于酷热，这整个山谷，竟似已变得一股洪炉} {石观音} {} {guanyin} {} {1.000}
E {  182} {s} {s} {4} {0} {}
E {  187} {n} {n} {1} {0} {}

R {  187} {0} {<acf>} {花海} {花海} {放眼望去，但见天地间仿佛已被鲜花充满} {石观音} {} {guanyin} {姬冰雁} {1.000}
E {  186} {s} {s} {4} {0} {}
E {  383} {d} {ask wurong about master guanyin} {32} {0} {}

R {  188} {0} {<acf>} {沙岭} {沙岭} {放眼望去，只有黄沙，无边无际，无穷无尽的黄沙，没有水，没有生命，也没有希望。} {楼兰古城} {} {loulan} {} {1.000}
E {  192} {s} {s} {4} {0} {}
E {  193} {ne} {ne} {3} {0} {}

R {  189} {0} {<acf>} {大漠风沙} {大漠风沙} {你现在处在酷热如烘炉的沙漠中，热的令人连气都透不出。} {大漠风沙} {} {quicksand} {} {1.000}
E {  192} {e} {e} {2} {0} {}
E {  152} {s} {s} {4} {0} {}
E {  267} {w} {w} {8} {0} {}

R {  190} {0} {<acf>} {阳关古址} {阳关古址} {阳关故址位于玉门关西南，古以南为阳，故称“阳关”} {楼兰古城} {} {loulan} {} {1.000}
E {  195} {e} {e} {2} {0} {}
E {  196} {n} {n} {1} {0} {}

R {  191} {0} {<acf>} {大漠风沙} {大漠风沙} {你现在处在酷热如烘炉的沙漠中，热的令人连气都透不出。} {大漠风沙} {} {quicksand} {} {1.000}
E {  179} {e} {e} {2} {0} {}
E {  192} {w} {w} {8} {0} {}

R {  192} {0} {<acf>} {绿洲} {绿洲} {你脚下的流沙突然不见，一阵凉爽的微风拂面出来，只见一个小小的湖泊呈现在你的眼前。} {大漠风沙} {} {quicksand} {驼子喇嘛} {1.000}
E {  188} {n} {n} {1} {0} {}
E {  189} {w} {w} {8} {0} {}

R {  193} {0} {<acf>} {海市蜃楼} {海市蜃楼} {突然远远望去，天边的云霞中，隐隐现出城廓的影子，河流潺潺，湖泊如碧} {楼兰古城} {} {loulan} {} {1.000}
E {  188} {sw} {sw} {12} {0} {}
E {  195} {nw} {nw} {9} {0} {}

R {  194} {0} {<acf>} {孔雀河} {孔雀河} {据传古楼兰的城池、寺院和村落便广布于孔雀河下游两岸。} {楼兰古城} {} {loulan} {江湖第一游侠儿 熊猫儿} {1.000}
E {  195} {se} {se} {6} {0} {}

R {  195} {0} {<acf>} {玉门关} {玉门关} {照着道上的黄沙，大地间仿佛已成了一片凄迷的暗黄色} {楼兰古城} {} {loulan} {} {1.000}
E {  193} {se} {se} {6} {0} {}
E {  190} {w} {w} {8} {0} {}
E {  194} {nw} {nw} {9} {0} {}

R {  196} {0} {<acf>} {古董滩} {古董滩} {一阵凉爽的微风拂面而来，这儿是一条南北走向的深沟} {楼兰古城} {} {loulan} {} {1.000}
E {  190} {s} {s} {4} {0} {}

R {  197} {0} {<acf>} {狼窝} {狼窝} {这山洞的入口虽然窄得只能爬行，但里面倒是十分宽敞} {狼山} {} {wolfmount} {不学无术 万小春} {1.000}
E {  159} {d} {crawl down} {32} {0} {}

R {  198} {0} {<acf>} {山崖边} {山崖边} {前面是一道深不见底的万丈深渊。} {幽灵山庄} {} {ghost} {} {1.000}
E {  255} {nd} {northdown} {33} {0} {}
E {  200} {e} {get pipe from rock;blow pipe;e} {2} {0} {}

R {  199} {0} {<acf>} {幽灵山庄} {幽灵山庄} {这是一个死人的世界。放眼四望，一片空蒙，什么都看不见。} {幽灵山庄} {} {ghost} {} {1.000}
E {  200} {w} {w} {8} {0} {}
E {  341} {n} {n} {1} {0} {}
E {  342} {e} {e} {2} {0} {}

R {  200} {0} {<acf>} {钢索桥上} {钢索桥上} {钢索很滑，山风很大，人走在上面，就象是风中的残烛。} {幽灵山庄} {} {ghost} {幽灵山庄 第二代弟子 勾魂使者} {1.000}
E {  198} {w} {w} {8} {0} {}
E {  199} {e} {accept test;tell ghost no face;e} {2} {0} {}

R {  201} {0} {<acf>} {迎梅客栈} {迎梅客栈} {这是布达拉宫中最大的一家客栈。据说这家店主是一个痴情的年青人。} {关外} {} {guanwai} {老板 吕恭} {1.000}
E {  202} {w} {w} {8} {0} {}

R {  202} {0} {<acf>} {八角街} {八角街} {大昭寺外，围绕着寺院的八角街是布达拉宫里最繁华热闹的地方。} {关外} {} {guanwai} {} {1.000}
E {  201} {e} {e} {2} {0} {}
E {  203} {s} {s} {4} {0} {}
E {  204} {n} {n} {1} {0} {}

R {  203} {0} {<acf>} {八角街} {八角街} {大昭寺外，围绕着寺院的八角街是布达拉宫里最繁华热闹的地方。} {关外} {} {guanwai} {} {1.000}
E {  202} {n} {n} {1} {0} {}
E {  208} {w} {w} {8} {0} {}

R {  204} {0} {<acf>} {八角街} {八角街} {大昭寺外，围绕着寺院的八角街是布达拉宫里最繁华热闹的地方。} {关外} {} {guanwai} {} {1.000}
E {  202} {s} {s} {4} {0} {}
E {  205} {n} {n} {1} {0} {}
E {  206} {e} {e} {2} {0} {}
E {  207} {w} {w} {8} {0} {}

R {  205} {0} {<acf>} {八角街} {八角街} {大昭寺外，围绕着寺院的八角街是布达拉宫里最繁华热闹的地方。} {关外} {} {guanwai} {大昭寺 第二十四代弟子 护寺藏尼} {1.000}
E {  204} {s} {s} {4} {0} {}
E {  209} {n} {n} {1} {0} {}

R {  206} {0} {<acf>} {城门} {城门} {石砌的城垣横布在布达拉宫和恰克卜里山之间。} {关外} {} {guanwai} {城卫} {1.000}
E {  204} {w} {w} {8} {0} {}
E {  211} {s} {s} {4} {0} {}
E {  212} {n} {n} {1} {0} {}
E {  213} {e} {e} {2} {0} {}
E {  214} {u} {u} {16} {0} {}

R {  207} {0} {<acf>} {大昭寺} {大昭寺} {宫殿高四十丈，宽一百二十丈。} {关外} {} {guanwai} {大昭寺 第二十四代弟子 护寺藏尼} {1.000}
E {  204} {e} {e} {2} {0} {}
E {  210} {w} {w} {8} {0} {}

R {  208} {0} {<acf>} {八角街} {八角街} {大昭寺外，围绕着寺院的八角街是布达拉宫里最繁华热闹的地方。} {关外} {} {guanwai} {} {1.000}
E {  203} {e} {e} {2} {0} {}
E {  233} {w} {w} {8} {0} {}

R {  209} {0} {<acf>} {八角街} {八角街} {大昭寺外，围绕着寺院的八角街是布达拉宫里最繁华热闹的地方。} {关外} {} {guanwai} {} {1.000}
E {  205} {s} {s} {4} {0} {}
E {  221} {e} {e} {2} {0} {}
E {  222} {w} {w} {8} {0} {}

R {  210} {0} {<acf>} {寺院} {寺院} {壮丽的寺院，光线却十分阴森幽暗。} {关外} {} {guanwai} {天下九鼎  睚眦之鼎} {1.000}
E {  207} {e} {e} {2} {0} {}
E {  215} {n} {n} {1} {0} {}
E {  216} {w} {w} {8} {0} {}

R {  211} {0} {<acf>} {小路} {小路} {这是一条弯曲的泥土路。} {幽灵山庄} {} {ghost} {} {1.000}
E {  206} {n} {n} {1} {0} {}
E {  253} {s} {s} {4} {0} {}

R {  212} {0} {<acf>} {羊肠小道} {羊肠小道} {一条被在恰克卜里山中砍柴的樵夫踏出的小道弯弯曲曲的向北面的山幽伸展。} {铁雪山庄} {} {resort} {} {1.000}
E {  206} {s} {s} {4} {0} {}
E {  234} {n} {n} {1} {0} {}

R {  213} {0} {<acf>} {草原} {草原} {这里是一望无际的大草原。绿色的草地美丽得就象晴朗的蓝天。} {关外} {} {guanwai} {} {1.000}
E {  206} {w} {w} {8} {0} {}
E {  256} {e} {e} {2} {0} {}

R {  214} {0} {<acf>} {塔顶} {塔顶} {这里异常窄小，使人无法移动。} {关外} {} {guanwai} {塔僧} {1.000}
E {  206} {d} {d} {32} {0} {}

R {  215} {0} {<acf>} {穹形石窟} {穹形石窟} {这是在大昭寺右壁上的石窟。} {关外} {} {guanwai} {孩子王 齐小燕} {1.000}
E {  210} {s} {s} {4} {0} {}
E {  217} {e} {e} {2} {0} {}

R {  216} {0} {<acf>} {宝塔} {宝塔} {这是一个中空约十丈高的尖塔。} {关外} {} {guanwai} {塔祝} {1.000}
E {  210} {e} {e} {2} {0} {}
E {  218} {n} {n} {1} {0} {}
E {  219} {s} {s} {4} {0} {}
E {  220} {w} {w} {8} {0} {}

R {  217} {0} {<acf>} {木屋} {木屋} {木屋里宽大空阔，中壁的木板却已很陈旧，有的甚至已干裂，无疑是栋多年的老屋。} {关外} {} {guanwai} {大昭寺 第二十一代弟子 胭松} {1.000}
E {  215} {w} {w} {8} {0} {}

R {  218} {0} {<acf>} {寺院} {寺院} {壮丽的寺院，光线却十分阴森幽暗。} {关外} {} {guanwai} {} {1.000}
E {  216} {s} {s} {4} {0} {}

R {  219} {0} {<acf>} {寺院} {寺院} {壮丽的寺院，光线却十分阴森幽暗。} {关外} {} {guanwai} {大昭寺 第二十四代弟子 护寺喇嘛} {1.000}
E {  216} {n} {n} {1} {0} {}

R {  220} {0} {<acf>} {禅房} {禅房} {禅房阴暗潮湿，破旧不堪，和雄伟瑰丽的布达拉宫行成鲜明的对比。} {关外} {} {guanwai} {大昭寺 第二十代主持 葛伦} {1.000}
E {  216} {e} {e} {2} {0} {}

R {  221} {0} {<acf>} {鹰记商号} {鹰记商号} {鹰记一向是信用卓著，生意鼎盛的商号。} {关外} {} {guanwai} {鹰记新老板 胡大掌柜} {1.000}
E {  209} {w} {w} {8} {0} {}

R {  222} {0} {<acf>} {八角街} {八角街} {城市赤如皮革，有光滑美丽的一面，也有粗糙丑陋的一面。} {关外} {} {guanwai} {红教喇嘛} {1.000}
E {  209} {e} {e} {2} {0} {}
E {  223} {w} {w} {8} {0} {}

R {  223} {0} {<acf>} {八角街} {八角街} {城市赤如皮革，有光滑美丽的一面，也有粗糙丑陋的一面。} {关外} {} {guanwai} {大昭寺 第二十五代弟子 护寺藏尼} {1.000}
E {  222} {e} {e} {2} {0} {}
E {  224} {w} {w} {8} {0} {}

R {  224} {0} {<acf>} {八角街} {八角街} {城市赤如皮革，有光滑美丽的一面，也有粗糙丑陋的一面。} {关外} {} {guanwai} {大昭寺 第二十四代弟子 护寺藏尼} {1.000}
E {  223} {e} {e} {2} {0} {}
E {  225} {w} {w} {8} {0} {}

R {  225} {0} {<acf>} {八角街} {八角街} {城市赤如皮革，有光滑美丽的一面，也有粗糙丑陋的一面。} {关外} {} {guanwai} {大昭寺 第二十四代弟子 护寺喇嘛} {1.000}
E {  224} {e} {e} {2} {0} {}
E {  226} {s} {s} {4} {0} {}

R {  226} {0} {<acf>} {八角街} {八角街} {城市赤如皮革，有光滑美丽的一面，也有粗糙丑陋的一面。} {关外} {} {guanwai} {} {1.000}
E {  225} {n} {n} {1} {0} {}
E {  227} {s} {s} {4} {0} {}

R {  227} {0} {<acf>} {八角街} {八角街} {城市赤如皮革，有光滑美丽的一面，也有粗糙丑陋的一面。} {关外} {} {guanwai} {} {1.000}
E {  226} {n} {n} {1} {0} {}
E {  228} {s} {s} {4} {0} {}

R {  228} {0} {<acf>} {八角街} {八角街} {城市赤如皮革，有光滑美丽的一面，也有粗糙丑陋的一面。} {关外} {} {guanwai} {} {1.000}
E {  227} {n} {n} {1} {0} {}
E {  229} {s} {s} {4} {0} {}

R {  229} {0} {<acf>} {八角街} {八角街} {城市赤如皮革，有光滑美丽的一面，也有粗糙丑陋的一面。} {关外} {} {guanwai} {} {1.000}
E {  228} {n} {n} {1} {0} {}
E {  230} {s} {s} {4} {0} {}

R {  230} {0} {<acf>} {八角街} {八角街} {城市赤如皮革，有光滑美丽的一面，也有粗糙丑陋的一面。} {关外} {} {guanwai} {红教喇嘛} {1.000}
E {  229} {n} {n} {1} {0} {}
E {  231} {e} {e} {2} {0} {}

R {  231} {0} {<acf>} {八角街} {八角街} {大昭寺外，围绕着寺院的八角街是布达拉宫里最繁华热闹的地方。} {关外} {} {guanwai} {大昭寺 第二十四代弟子 护寺喇嘛} {1.000}
E {  230} {w} {w} {8} {0} {}
E {  232} {s} {s} {4} {0} {}
E {  233} {e} {e} {2} {0} {}

R {  232} {0} {<acf>} {石场} {石场} {恰克卜里山盛产各种上等石料。这里硝烟弥漫，很多人都在辛苦的劳动着。} {关外} {} {guanwai} {} {1.000}
E {  231} {n} {n} {1} {0} {}
E {  247} {s} {s} {4} {0} {}
E {  250} {w} {w} {8} {0} {}

R {  233} {0} {<acf>} {八角街} {八角街} {大昭寺外，围绕着寺院的八角街是布达拉宫里最繁华热闹的地方。} {关外} {} {guanwai} {} {1.000}
E {  231} {w} {w} {8} {0} {}
E {  208} {e} {e} {2} {0} {}

R {  234} {0} {<acf>} {羊肠小道} {羊肠小道} {一条被在恰克卜里山中砍柴的樵夫踏出的小道弯弯曲曲的向北面的山幽伸展。} {铁雪山庄} {} {resort} {樵夫} {1.000}
E {  212} {s} {s} {4} {0} {}
E {  235} {n} {n} {1} {0} {}

R {  235} {0} {<acf>} {羊肠小道} {羊肠小道} {一条被在恰克卜里山中砍柴的樵夫踏出的小道弯弯曲曲的向北面的山幽伸展。} {铁雪山庄} {} {resort} {} {1.000}
E {  234} {s} {s} {4} {0} {}
E {  236} {n} {n} {1} {0} {}

R {  236} {0} {<acf>} {羊肠小道} {羊肠小道} {一条被在恰克卜里山中砍柴的樵夫踏出的小道弯弯曲曲的向北面的山幽伸展。} {铁雪山庄} {} {resort} {} {1.000}
E {  235} {s} {s} {4} {0} {}
E {  237} {w} {pushaside grass;w} {8} {0} {}

R {  237} {0} {<acf>} {密道} {密道} {道边高达丈许的灌木丛形成了天然的屏障，再加上地势渐低} {铁雪山庄} {} {resort} {} {1.000}
E {  236} {e} {e} {2} {0} {}
E {  238} {w} {w} {8} {0} {}

R {  238} {0} {<acf>} {穿山洞} {穿山洞} {方圆丈许的山洞还留着人工斧凿的痕迹。} {铁雪山庄} {} {resort} {} {1.000}
E {  237} {e} {e} {2} {0} {}
E {  239} {w} {w} {8} {0} {}

R {  239} {0} {<acf>} {世外桃源} {世外桃源} {微风拂着你的面孔，送来阵阵花香。} {铁雪山庄} {} {resort} {} {1.000}
E {  238} {e} {e} {2} {0} {}
E {  240} {w} {w} {8} {0} {}

R {  240} {0} {<acf>} {小桥流水} {小桥流水} {一条清澈的小溪上横跨着一座木桥。桥的那边是一片茂盛的竹林。} {铁雪山庄} {} {resort} {} {1.000}
E {  239} {e} {e} {2} {0} {}
E {  241} {n} {n} {1} {0} {}

R {  241} {0} {<acf>} {翠竹庄门} {翠竹庄门} {这是一座精巧的山庄。庄院依山傍水，似乎聚集着天地间的灵气。} {铁雪山庄} {} {resort} {老张} {1.000}
E {  240} {s} {s} {4} {0} {}
E {  242} {n} {n} {1} {0} {}

R {  242} {0} {<acf>} {山庄前院} {山庄前院} {这里的装饰古朴而幽雅。院子的四周斑斑点点的种着黄色的枚瑰。} {铁雪山庄} {} {resort} {} {1.000}
E {  241} {s} {s} {4} {0} {}
E {  243} {n} {n} {1} {0} {}

R {  243} {0} {<acf>} {翠竹屋} {翠竹屋} {青青的软竹搭成小小的翠竹屋。} {铁雪山庄} {} {resort} {铁雪山庄 庄主「多情刀客」铁少} {1.000}
E {  242} {s} {s} {4} {0} {}
E {  244} {n} {n} {1} {0} {}
E {  245} {e} {e} {2} {0} {}
E {  246} {w} {w} {8} {0} {}

R {  244} {0} {<acf>} {山庄后院} {山庄后院} {庄外的小溪在这里形成一个小小的瀑布，瀑布下是一小潭水。} {铁雪山庄} {} {resort} {白袍公} {1.000}
E {  243} {s} {s} {4} {0} {}
E {  248} {w} {w} {8} {0} {}
E {  249} {nd} {nd} {33} {0} {}

R {  245} {0} {<acf>} {梅花小筑} {梅花小筑} {这是铁少夫妇歇息的地方，房中虽然收拾的一尘不染，皓白如雪} {铁雪山庄} {} {resort} {} {1.000}
E {  243} {w} {w} {8} {0} {}

R {  246} {0} {<acf>} {茶园} {茶园} {一间还算开阔的茶园，进得门来，满目嫩绿} {铁雪山庄} {} {resort} {} {1.000}
E {  243} {e} {e} {2} {0} {}

R {  247} {0} {<acf>} {鸟道} {鸟道} {远处便是圣母雪峰了，藏人也称之为喜马拉雅山} {关外} {} {guanwai} {} {1.000}
E {  232} {n} {n} {1} {0} {}
E {  252} {sw} {sw} {12} {0} {}

R {  248} {0} {<acf>} {练功室} {练功室} {干干净净的墙上挂着一幅字画，上面写到“知山有路勤为径，学海无涯苦作舟。”} {铁雪山庄} {} {resort} {竹刀} {1.000}
E {  244} {e} {e} {2} {0} {}

R {  249} {0} {<acf>} {梅雨潭} {梅雨潭} {从山庄后院走出，山瀑愈来愈大，逐渐汇聚成湍急激荡的瀑布。} {铁雪山庄} {} {resort} {} {1.000}
E {  244} {su} {su} {20} {0} {}

R {  250} {0} {<acf>} {石山} {石山} {这里的山峰多是光秃秃的，不同于江南黛青色秀丽的山峦} {关外} {} {guanwai} {} {1.000}
E {  232} {e} {e} {2} {0} {}
E {  251} {w} {w} {8} {0} {}

R {  251} {0} {<acf>} {石屋} {石屋} {石屋不大，石头是就地取材在附近山上采的，青色的石料异常的厚实} {关外} {} {guanwai} {老石匠 罗达成} {1.000}
E {  250} {e} {e} {2} {0} {}

R {  252} {0} {<acf>} {鸟道} {鸟道} {远处便是圣母雪峰了，藏人也称之为喜马拉雅山} {关外} {} {guanwai} {} {1.000}
E {  247} {ne} {ne} {3} {0} {}
E {  254} {sw} {sw} {12} {0} {}
E {  386} {se} {se} {6} {0} {}

R {  253} {0} {<acf>} {小路} {小路} {这是一条弯曲的泥土路。路边杂草丛生，路上泥泞不堪。} {幽灵山庄} {} {ghost} {} {1.000}
E {  211} {n} {n} {1} {0} {}
E {  255} {s} {s} {4} {0} {}

R {  254} {0} {<acf>} {光阴树} {光阴树} {一种不知名的古树，树干上缓缓流着乳白的汁液，藏人们称之为光阴树。} {关外} {} {guanwai} {圣母峰下 第一勇士「五花箭神」班察巴那} {1.000}
E {  252} {ne} {ne} {3} {0} {}

R {  255} {0} {<acf>} {小路} {小路} {这是一条弯曲的泥土路。路边杂草丛生，路上泥泞不堪。} {幽灵山庄} {} {ghost} {} {1.000}
E {  253} {n} {n} {1} {0} {}

R {  256} {0} {<acf>} {死颈} {死颈} {这里便是通往拉萨的天险死颈，但见群山环插，壁立千仞，青天如一线，道路如羊肠。} {关外} {} {guanwai} {「怒箭神弓斩鬼刀」卫天鹏} {1.000}
E {  213} {w} {w} {8} {0} {}
E {  257} {e} {e} {2} {0} {}

R {  257} {0} {<acf>} {草原} {草原} {这里是一望无际的大草原。绿色的草地美丽得就象晴朗的蓝天。} {关外} {} {guanwai} {朝圣信徒 苏玛} {1.000}
E {  256} {w} {w} {8} {0} {}
E {  258} {s} {s} {4} {0} {}
E {  259} {n} {n} {1} {0} {}
E {  260} {e} {e} {2} {0} {}

R {  258} {0} {<acf>} {红羽之帐} {红羽之帐} {一个宽敞华丽的帐篷，顶上挂着红色鹰羽——红色的鹰羽，在藏边象征的是战争，流血和胜利。} {关外} {} {guanwai} {金色的 蓝阳光} {1.000}
E {  257} {n} {n} {1} {0} {}

R {  259} {0} {<acf>} {黑羽之帐} {黑羽之帐} {一个顶上挂着黑色鹰羽的华丽无比的帐篷，在这无边无际的大草原里} {关外} {} {guanwai} {悬壶济世 宋老夫子} {1.000}
E {  257} {s} {s} {4} {0} {}

R {  260} {0} {<acf>} {草原} {草原} {这里是一望无际的大草原。绿色的草地美丽得就象晴朗的蓝天。} {关外} {} {guanwai} {牧羊女} {1.000}
E {  257} {w} {w} {8} {0} {}
E {  261} {e} {e} {2} {0} {}

R {  261} {0} {<acf>} {草原} {草原} {这里是一望无际的大草原。绿色的草地美丽得就象晴朗的蓝天。} {关外} {} {guanwai} {牧羊女} {1.000}
E {  260} {w} {w} {8} {0} {}
E {  262} {e} {e} {2} {0} {}

R {  262} {0} {<acf>} {草原} {草原} {这里是一望无际的大草原。绿色的草地美丽得就象晴朗的蓝天。} {关外} {} {guanwai} {朝圣信徒 马鲁} {1.000}
E {  261} {w} {w} {8} {0} {}
E {  263} {e} {e} {2} {0} {}

R {  263} {0} {<acf>} {山路} {山路} {这是一条被人走出来的小山路，虽然不宽却是够一辆马车通行。} {大漠风沙} {} {quicksand} {} {1.000}
E {  262} {w} {w} {8} {0} {}
E {  264} {s} {s} {4} {0} {}
E {  265} {e} {e} {2} {0} {}

R {  264} {0} {<acf>} {绝崖} {绝崖} {这座绝崖上光秃秃的，除了一块块的巨石什么也没有。} {关外} {} {guanwai} {波斯奴} {1.000}
E {  263} {n} {n} {1} {0} {}

R {  265} {0} {<acf>} {山路} {山路} {这是一条被人走出来的小山路，虽然不宽却是够一辆马车通行。} {大漠风沙} {} {quicksand} {} {1.000}
E {  263} {w} {w} {8} {0} {}
E {  266} {e} {e} {2} {0} {}

R {  266} {0} {<acf>} {山脚} {山脚} {沙漠到了这里似乎已经被西边的山冈挡住了。} {大漠风沙} {} {quicksand} {} {1.000}
E {  265} {w} {w} {8} {0} {}
E {  267} {e} {e} {2} {0} {}
E {  268} {nw} {northwest} {9} {0} {}

R {  267} {0} {<acf>} {大漠风沙} {大漠风沙} {你现在处在酷热如烘炉的沙漠中，热的令人连气都透不出。} {大漠风沙} {} {quicksand} {} {1.000}
E {  266} {w} {w} {8} {0} {}
E {  189} {e} {e} {2} {0} {}

R {  268} {0} {<acf>} {天涯路} {天涯路} {万里荒寒，连残阳都似已因寂寞而变了颜色，变成一种空虚而苍凉的灰白色。} {大漠风沙} {} {quicksand} {} {1.000}
E {  266} {se} {southeast} {6} {0} {}
E {  269} {nw} {northwest} {9} {0} {}

R {  269} {0} {<acf>} {天涯路} {天涯路} {万里荒寒，连残阳都似已因寂寞而变了颜色，变成一种空虚而苍凉的灰白色。} {大漠风沙} {} {quicksand} {商人} {1.000}
E {  268} {se} {southeast} {6} {0} {}
E {  270} {ne} {northeast} {3} {0} {}

R {  270} {0} {<acf>} {天涯路} {天涯路} {万里荒寒，连残阳都似已因寂寞而变了颜色，变成一种空虚而苍凉的灰白色。} {大漠风沙} {} {quicksand} {} {1.000}
E {  269} {sw} {southwest} {12} {0} {}
E {  271} {nw} {northwest} {9} {0} {}

R {  271} {0} {<acf>} {黑庙} {黑庙} {屋子里没有别的颜色，只有黑！连夕阳照进来，都变成一种不吉祥的死灰色。} {乌拉泊} {} {xinjiang} {双手如鸡爪的老妇} {1.000}
E {  270} {se} {se} {6} {0} {}
E {  272} {nw} {nw} {9} {0} {}

R {  272} {0} {<acf>} {丝绸之路} {丝绸之路} {一条看起来很不起眼的土路，但在它千年的历史中，曾经吞食了无数人的性命，将他们的白骨吐在道路两旁。} {乌拉泊} {} {xinjiang} {「双头秃鹰」阿里木} {1.000}
E {  271} {se} {se} {6} {0} {}
E {  273} {nw} {nw} {9} {0} {}

R {  273} {0} {<acf>} {丝绸之路} {丝绸之路} {一条看起来很不起眼的土路} {乌拉泊} {} {xinjiang} {} {1.000}
E {  272} {se} {se} {6} {0} {}
E {  274} {nw} {nw} {9} {0} {}

R {  274} {0} {<acf>} {火焰山} {火焰山} {火焰山有十多个山头，均呈橘红色} {乌拉泊} {} {xinjiang} {买买提} {1.000}
E {  273} {se} {se} {6} {0} {}
E {  275} {wd} {wd} {40} {0} {}
E {  276} {e} {e} {2} {0} {}

R {  275} {0} {<acf>} {葡萄沟} {葡萄沟} {这里水渠纵横，终日川流着天山雪水。} {乌拉泊} {} {xinjiang} {阿依古丽} {1.000}
E {  274} {eu} {eu} {18} {0} {}
E {  277} {wu} {wu} {24} {0} {}

R {  276} {0} {<acf>} {柏孜克里克千佛洞} {柏孜克里克千佛洞} {始建于公元六世纪曲氏高昌国时期，一直是高昌地区的佛教重地。} {乌拉泊} {} {xinjiang} {游客} {1.000}
E {  274} {w} {w} {8} {0} {}

R {  277} {0} {<acf>} {额敏塔} {额敏塔} {全称为额敏和卓报恩塔，又称苏公塔。} {乌拉泊} {} {xinjiang} {吐鲁番商人} {1.000}
E {  275} {ed} {ed} {34} {0} {}
E {  278} {wd} {wd} {40} {0} {}
E {  279} {se} {se} {6} {0} {}

R {  278} {0} {<acf>} {吐鲁番} {吐鲁番} {这盆地中部，气候变化无常，＂早穿棉，午穿纱，抱着火炉吃西瓜＂指的就是这里。} {乌拉泊} {} {xinjiang} {吐鲁番少女} {1.000}
E {  277} {eu} {eu} {18} {0} {}
E {  280} {wu} {wu} {24} {0} {}
E {  281} {sw} {sw} {12} {0} {}

R {  279} {0} {<acf>} {阿斯塔那} {阿斯塔那} {阿斯塔那是维吾尔语，意思是“首府”。} {乌拉泊} {} {xinjiang} {吐鲁番商人} {1.000}
E {  277} {nw} {nw} {9} {0} {}

R {  280} {0} {<acf>} {交河故城} {交河故城} {此城位于雅尔乃孜沟中，系古西域三十六国“车师前国”的故城，该城建在自北向南高十多丈的黄土台地上，四周无城墙} {乌拉泊} {} {xinjiang} {麻雀} {1.000}
E {  278} {ed} {ed} {34} {0} {}
E {  284} {nw} {nw} {9} {0} {}

R {  281} {0} {<acf>} {艾丁湖} {艾丁湖} {艾丁湖，意为月光湖。因湖大部分是皱褶如波的干涸湖底} {乌拉泊} {} {xinjiang} {李豹} {1.000}
E {  278} {ne} {ne} {3} {0} {}
E {  282} {wd} {wd} {40} {0} {}

R {  282} {0} {<acf>} {瀑布} {瀑布} {这里是沟的尽头，数十丈高的悬崖就象是被人一刀砍出来的。} {乌拉泊} {} {xinjiang} {黑冠巨蟒} {1.000}
E {  281} {eu} {eu} {18} {0} {}
E {  283} {w} {w} {8} {0} {}

R {  283} {0} {<acf>} {沟底} {沟底} {沟底两边长满了老树，即使是盛夏天气，这里的温度也相当低} {乌拉泊} {} {xinjiang} {土匪} {1.000}
E {  282} {e} {e} {2} {0} {}

R {  284} {0} {<acf>} {丝绸之路} {丝绸之路} {一条看起来很不起眼的土路，但在它千年的历史中，曾经吞食了无数人的性命，将他们的白骨吐在道路两旁。} {乌拉泊} {} {xinjiang} {乌拉泊商人} {1.000}
E {  280} {se} {se} {6} {0} {}
E {  285} {nw} {nw} {9} {0} {}

R {  285} {0} {<acf>} {丝绸之路} {丝绸之路} {一条看起来很不起眼的土路，但在它千年的历史中，曾经吞食了无数人的性命，将他们的白骨吐在道路两旁。} {乌拉泊} {} {xinjiang} {} {1.000}
E {  284} {se} {se} {6} {0} {}
E {  286} {w} {w} {8} {0} {}

R {  286} {0} {<acf>} {土路} {土路} {荒原上的一段蜿蜒曲折的土路，伴随一条默默的溪流} {乌拉泊} {} {xinjiang} {} {1.000}
E {  285} {e} {e} {2} {0} {}
E {  287} {w} {w} {8} {0} {}

R {  287} {0} {<acf>} {土路} {土路} {荒原上的一段蜿蜒曲折的土路，伴随一条默默的溪流} {乌拉泊} {} {xinjiang} {「断翅金鹰」古丽娜} {1.000}
E {  286} {e} {e} {2} {0} {}
E {  288} {s} {s} {4} {0} {}
E {  289} {n} {n} {1} {0} {}
E {  290} {wu} {wu} {24} {0} {}

R {  288} {0} {<acf>} {土路} {土路} {荒原上的一段蜿蜒曲折的土路，伴随一条默默的溪流} {乌拉泊} {} {xinjiang} {} {1.000}
E {  287} {n} {n} {1} {0} {}
E {  337} {s} {s} {4} {0} {}

R {  289} {0} {<acf>} {乌拉泊南城门} {乌拉泊南城门} {乌拉泊自唐元以来就是这里最热闹的城镇} {乌拉泊} {} {xinjiang} {值勤兵} {1.000}
E {  287} {s} {s} {4} {0} {}
E {  317} {n} {n} {1} {0} {}

R {  290} {0} {<acf>} {小径} {小径} {一条弯弯曲曲的小路，两旁有几棵很高大的杉树，银白色的树干上} {恶人谷} {} {eren} {} {1.000}
E {  287} {ed} {ed} {34} {0} {}
E {  291} {n} {n} {1} {0} {}
E {  292} {e} {e} {2} {0} {}
E {  293} {w} {w} {8} {0} {}

R {  291} {0} {<acf>} {村居} {村居} {屋子的主人显是以打鱼为生的，门口一个大水缸里几条大白鲤悠闲地游来游去} {乌拉泊} {} {xinjiang} {网开一面 王小路} {1.000}
E {  290} {s} {s} {4} {0} {}

R {  292} {0} {<acf>} {小径} {小径} {一条弯弯曲曲的小路，两旁有几棵很高大的杉树} {乌拉泊} {} {xinjiang} {发呆的小孩} {1.000}
E {  290} {w} {w} {8} {0} {}
E {  308} {e} {e} {2} {0} {}

R {  293} {0} {<acf>} {小径} {小径} {一条弯弯曲曲的小路，两旁有几棵很高大的杉树} {乌拉泊} {} {xinjiang} {} {1.000}
E {  290} {e} {e} {2} {0} {}
E {  294} {n} {n} {1} {0} {}
E {  295} {w} {w} {8} {0} {}

R {  294} {0} {<acf>} {村居小院} {村居小院} {小院很清雅。挂满丝瓜、豆荚的篱笆上，绿油油的叶子淋浴在温煦的阳光下} {乌拉泊} {} {xinjiang} {} {1.000}
E {  293} {s} {s} {4} {0} {}

R {  295} {0} {<acf>} {小径} {小径} {一条弯弯曲曲的小路，两旁有几棵很高大的杉树} {乌拉泊} {} {xinjiang} {} {1.000}
E {  293} {e} {e} {2} {0} {}
E {  296} {w} {w} {8} {0} {}

R {  296} {0} {<acf>} {青草地} {青草地} {走过来是郁郁葱葱的青草地，草很绿，很齐，像是日常有人修剪。} {乌拉泊} {} {xinjiang} {} {1.000}
E {  295} {e} {e} {2} {0} {}
E {  297} {n} {n} {1} {0} {}
E {  298} {sw} {sw} {12} {0} {}

R {  297} {0} {<acf>} {大嘴居} {大嘴居} {这是件普通的农家小屋，东墙上靠着几间农具，门口贴着幅褪了色的对联} {乌拉泊} {} {xinjiang} {} {1.000}
E {  296} {s} {s} {4} {0} {}
E {  299} {e} {e} {2} {0} {}

R {  298} {0} {<acf>} {青草地} {青草地} {走过来是郁郁葱葱的青草地，草很绿，很齐，像是日常有人修剪。} {乌拉泊} {} {xinjiang} {} {1.000}
E {  296} {ne} {ne} {3} {0} {}
E {  300} {sw} {sw} {12} {0} {}

R {  299} {0} {<acf>} {大嘴居后院} {大嘴居后院} {后院三面是低低的土墙，墙上爬满藤蔓，角落里放着几个花盆，几朵火红的杜鹃花正开的绚烂。} {乌拉泊} {} {xinjiang} {胡药师} {1.000}
E {  297} {w} {w} {8} {0} {}

R {  300} {0} {<acf>} {村外鱼塘} {村外鱼塘} {村外景色尤佳，石砌上的苔痕，垣墙外的野草，虬干的古梅，清幽的竹径} {乌拉泊} {} {xinjiang} {} {1.000}
E {  298} {ne} {ne} {3} {0} {}
E {  301} {sw} {sw} {12} {0} {}

R {  301} {0} {<acf>} {山村口} {山村口} {过了石碑，道路转为平坦，传说中凶神恶煞云集的“恶人谷”} {乌拉泊} {} {xinjiang} {老妇人} {1.000}
E {  300} {ne} {ne} {3} {0} {}
E {  303} {w} {w} {8} {0} {}
E {  400} {e} {e} {2} {0} {}

R {  302} {0} {<acf>} {山道} {山道} {地势越发平坦，再往前走便是一片松林。} {恶人谷} {} {eren} {} {1.000}
E {  304} {su} {su} {20} {0} {}
E {  303} {nd} {nd} {33} {0} {}

R {  303} {0} {<acf>} {山道} {山道} {只见迎面飞来一道白练，如万丈银河，泻入深谷，又似静止一般，不闻其声。} {乌拉泊} {} {xinjiang} {} {1.000}
E {  301} {e} {e} {2} {0} {}
E {  304} {su} {su} {20} {0} {}

R {  304} {0} {<acf>} {山道} {山道} {山路蜿蜒曲折，转了几个弯走进谷口，景色忽然一变，奇峰怪石，苍松青藤} {恶人谷} {} {eren} {} {1.000}
E {  302} {nd} {nd} {33} {0} {}
E {  305} {su} {su} {20} {0} {}

R {  305} {0} {<acf>} {山道} {山道} {群山似在远处，又似在近处，孤寂的山谷，像哀伤的笛韵，流露出人间侧腓的哀息。} {恶人谷} {} {eren} {} {1.000}
E {  304} {nd} {look rock;northdown} {33} {0} {}
E {  306} {wu} {wu} {24} {0} {}
E {  307} {sd} {sd} {36} {0} {}

R {  306} {0} {} {} { } {} {} {} {} {} {1.000}
E {  305} {ed} {ed} {34} {0} {}

R {  307} {0} {<acf>} {山道} {山道} {山路更见崎岖，乱石丛中几棵野草顽强地伸出头来。} {恶人谷} {} {eren} {} {1.000}
E {  305} {nu} {nu} {17} {0} {}
E {  405} {nd} {nd} {33} {0} {}

R {  308} {0} {<acf>} {竹林} {竹林} {竹林稀疏了，透过枝叶，隐约看见北面有一间竹舍} {乌拉泊} {} {xinjiang} {} {1.000}
E {  292} {w} {w} {8} {0} {}
E {  309} {s} {s} {4} {0} {}
E {  310} {n} {n} {1} {0} {}

R {  309} {0} {<acf>} {竹林} {竹林} {竹林茂密，你脚下的柔软细草恰可没足，耳边有啾啾鸟语} {乌拉泊} {} {xinjiang} {} {1.000}
E {  308} {n} {n} {1} {0} {}
E {  312} {s} {s} {4} {0} {}

R {  310} {0} {<acf>} {回春阁} {回春阁} {这是间极大的房子，四面堆满各式各样的药草，占据了屋子十之五大} {乌拉泊} {} {xinjiang} {「神医」万春流} {1.000}
E {  308} {s} {s} {4} {0} {}
E {  311} {n} {n} {1} {0} {}

R {  311} {0} {<acf>} {回春阁后房} {回春阁后房} {掀起一道薄薄的竹帘，就到了后房。} {乌拉泊} {} {xinjiang} {} {1.000}
E {  310} {s} {s} {4} {0} {}

R {  312} {0} {<acf>} {竹林} {竹林} {竹林茂密，你脚下的柔软细草恰可没足，耳边有啾啾鸟语} {乌拉泊} {} {xinjiang} {} {1.000}
E {  309} {n} {n} {1} {0} {}
E {  313} {se} {se} {6} {0} {}

R {  313} {0} {<acf>} {山村道尽头} {山村道尽头} {再往前就快出村了，青石路至此而止。} {恶人谷} {} {eren} {} {1.000}
E {  312} {nw} {nw} {9} {0} {}
E {  314} {e} {e} {2} {0} {}
E {  315} {se} {se} {6} {0} {}
E {  316} {w} {w} {8} {0} {}

R {  314} {0} {<acf>} {果园} {果园} {清凉的果树园子里，浓密的树叶在伸展开去的枝条上微微的摆动} {恶人谷} {} {eren} {} {1.000}
E {  313} {w} {w} {8} {0} {}
E {  390} {ne} {ne} {3} {0} {}

R {  315} {0} {<acf>} {三叠泉} {三叠泉} {瀑布不高，却有三层，因此而得名。} {恶人谷} {} {eren} {} {1.000}
E {  313} {nw} {nw} {9} {0} {}

R {  316} {0} {<acf>} {山村东首} {山村东首} {山村的东面还有两家店铺，一家门口有个很大的石磨盘} {恶人谷} {} {eren} {} {1.000}
E {  313} {e} {e} {2} {0} {}
E {  391} {s} {s} {4} {0} {}
E {  392} {n} {n} {1} {0} {}
E {  393} {w} {w} {8} {0} {}

R {  317} {0} {<acf>} {大巴札} {大巴札} {巴扎就是集市的意思，乌拉泊的“巴扎”早在多年前就是“丝绸之路”上最有名的地方。} {乌拉泊} {} {xinjiang} {卖羊肉串的} {1.000}
E {  289} {s} {s} {4} {0} {}
E {  318} {ne} {ne} {3} {0} {}
E {  319} {nw} {nw} {9} {0} {}

R {  318} {0} {<acf>} {木拉提当铺} {木拉提当铺} {} {乌拉泊} {} {xinjiang} {} {1.000}
E {  317} {sw} {sw} {12} {0} {}
E {  319} {w} {w} {8} {0} {}
E {  320} {nw} {nw} {9} {0} {}

R {  319} {0} {<acf>} {南宫钱庄} {南宫钱庄} {中原南宫世家，家财万贯，产业不可胜数。此间钱庄黑匾红字，正是南宫产业之一。} {乌拉泊} {} {xinjiang} {钱庄大少 南宫十二郎} {1.000}
E {  317} {se} {se} {6} {0} {}
E {  318} {e} {e} {2} {0} {}
E {  320} {ne} {ne} {3} {0} {}

R {  320} {0} {<acf>} {大巴札} {大巴札} {巴扎就是集市的意思，乌拉泊的“巴扎”早在多年前就是“丝绸之路”上最有名的地方。} {乌拉泊} {} {xinjiang} {卖库车白杏的} {1.000}
E {  319} {sw} {sw} {12} {0} {}
E {  318} {se} {se} {6} {0} {}
E {  321} {n} {n} {1} {0} {}

R {  321} {0} {<acf>} {没有名字的地方} {没有名字的地方} {这里是个很奇怪的地方。} {乌拉泊} {} {xinjiang} {傅红雪} {1.000}
E {  320} {s} {s} {4} {0} {}
E {  322} {n} {n} {1} {0} {}

R {  322} {0} {<acf>} {乌拉泊北城门} {乌拉泊北城门} {乌拉泊自唐元以来就是这里最热闹的城镇} {乌拉泊} {} {xinjiang} {值勤兵} {1.000}
E {  321} {s} {s} {4} {0} {}
E {  323} {n} {n} {1} {0} {}

R {  323} {0} {<acf>} {土路} {土路} {荒原上的一段蜿蜒曲折的土路，伴随一条默默的溪流} {乌拉泊} {} {xinjiang} {一动不动 白衣人} {1.000}
E {  322} {s} {s} {4} {0} {}
E {  324} {nu} {nu} {17} {0} {}

R {  324} {0} {<acf>} {红山} {红山} {红山因山呈红褐色得名，山不是很高，也不是很雄伟，但还是很有名。} {乌拉泊} {} {xinjiang} {风云一刀 第三代人杰「不带刀的人」叶开} {1.000}
E {  323} {sd} {sd} {36} {0} {}
E {  325} {u} {u} {16} {0} {}
E {  326} {su} {su} {20} {0} {}

R {  325} {0} {<acf>} {镇龙塔} {镇龙塔} {此塔位于红山山顶，塔身高过十丈，塔顶铺满青蓝色瓦片，在阳光下十分耀眼。} {乌拉泊} {} {xinjiang} {点苍「落英剑」谢长卿} {1.000}
E {  324} {d} {d} {32} {0} {}

R {  326} {0} {<acf>} {俄初山} {俄初山} {藏语中俄初山的意思就是闪光的山，山势平缓、覆盖着茫茫原始森林} {乌拉泊} {} {xinjiang} {} {1.000}
E {  327} {sw} {sw} {12} {0} {}
E {  328} {ed} {ed} {34} {0} {}

R {  327} {0} {<acf>} {山沟} {山沟} {环绕雪山的小路因为朝圣者的脚印变得宽阔，夕阳中朝圣者拉长的身影真实而又缥缈。} {乌拉泊} {} {xinjiang} {} {1.000}
E {  326} {ne} {ne} {3} {0} {}
E {  331} {sw} {sw} {12} {0} {}

R {  328} {0} {<acf>} {河谷} {河谷} {穿越俄初山莽莽苍苍的原始森林，迎面是狭窄险峻、湍流飞瀑的河谷。} {乌拉泊} {} {xinjiang} {} {1.000}
E {  326} {wu} {wu} {24} {0} {}
E {  329} {ed} {ed} {34} {0} {}

R {  329} {0} {<acf>} {河谷} {河谷} {穿越俄初山莽莽苍苍的原始森林，迎面是狭窄险峻、湍流飞瀑的河谷。} {乌拉泊} {} {xinjiang} {} {1.000}
E {  328} {wu} {wu} {24} {0} {}
E {  330} {ne} {ne} {3} {0} {}

R {  330} {0} {<acf>} {地狱谷} {地狱谷} {这是一个很阴森的山谷，即使是阳光正烈的中午，山谷中仍然是云雾弥漫。} {乌拉泊} {} {xinjiang} {} {1.000}
E {  329} {sw} {sw} {12} {0} {}

R {  331} {0} {<acf>} {山沟} {山沟} {从俄初山到海子山，沿山沟走约一个半时辰路程。} {乌拉泊} {} {xinjiang} {} {1.000}
E {  327} {ne} {ne} {3} {0} {}
E {  332} {w} {w} {8} {0} {}
E {  333} {su} {su} {20} {0} {}

R {  332} {0} {<acf>} {好汉庄} {好汉庄} {白瓦红顶，坐落在这深谷中的好汉庄就是薛家庄} {乌拉泊} {} {xinjiang} {} {1.000}
E {  331} {e} {e} {2} {0} {}
E {  334} {w} {w} {8} {0} {}

R {  333} {0} {<acf>} {海子山} {海子山} {海子指的是高山上的湖泊，在这高原的山上竟然有几百个湖泊} {乌拉泊} {} {xinjiang} {} {1.000}
E {  331} {nd} {nd} {33} {0} {}
E {  335} {se} {se} {6} {0} {}
E {  336} {ed} {ed} {34} {0} {}

R {  334} {0} {<acf>} {是在闪闪的发着光。} {是在闪闪的发着光。} {大厅中很宽阔，正中是张枣木桌，桌上有酒。} {乌拉泊} {} {xinjiang} {好汉庄老庄主 薛斌} {1.000}
E {  332} {e} {e} {2} {0} {}

R {  335} {0} {<acf>} {高山湖泊} {高山湖泊} {数百个高山湖泊如天空不经意滴下的眼泪，散落于嶙嶙乱石间，碧蓝如玉，晶莹剔透。} {乌拉泊} {} {xinjiang} {黄骏马} {1.000}
E {  333} {nw} {nw} {9} {0} {}

R {  336} {0} {<acf>} {寒梅谷} {寒梅谷} {寒梅谷是海子山东边的山溪小沟，全长二三十里。} {乌拉泊} {} {xinjiang} {银枪公子 邱凤城} {1.000}
E {  333} {wu} {wu} {24} {0} {}

R {  337} {0} {<acf>} {柴容堡湖} {柴容堡湖} {水平如镜，清可鉴人，盛产鱼蟹。} {乌拉泊} {} {xinjiang} {虾} {1.000}
E {  288} {n} {n} {1} {0} {}
E {  338} {s} {s} {4} {0} {}

R {  338} {0} {<acf>} {白杨沟} {白杨沟} {白杨沟位于天山支脉喀拉乌成山北麓中底山过渡带，沟中古树葱郁} {乌拉泊} {} {xinjiang} {} {1.000}
E {  337} {n} {n} {1} {0} {}
E {  339} {s} {s} {4} {0} {}
E {  340} {e} {e} {2} {0} {}

R {  339} {0} {<acf>} {冰川} {冰川} {第一次到这里的人一定不敢相信这是真的，就连当今的武林盟主也不例外。} {乌拉泊} {} {xinjiang} {} {1.000}
E {  338} {n} {n} {1} {0} {}

R {  340} {0} {<acf>} {沟底} {沟底} {沟底两边长满了老树，即使是盛夏天气，这里的温度也相当低} {乌拉泊} {} {xinjiang} {} {1.000}
E {  338} {w} {w} {8} {0} {}
E {  283} {e} {e} {2} {0} {}

R {  341} {0} {<acf>} {小白屋} {小白屋} {在外面看这屋子已经小得可怜了} {幽灵山庄} {} {ghost} {叶灵} {1.000}
E {  199} {s} {s} {4} {0} {}

R {  342} {0} {<acf>} {弯曲小路} {弯曲小路} {路的两旁，有各式各样的树木，还有些不知名的花草。} {幽灵山庄} {} {ghost} {} {1.000}
E {  199} {w} {w} {8} {0} {}
E {  343} {se} {se} {6} {0} {}

R {  343} {0} {<acf>} {弯曲小路} {弯曲小路} {路的两旁，有各式各样的树木，还有些不知名的花草。} {幽灵山庄} {} {ghost} {} {1.000}
E {  342} {nw} {nw} {9} {0} {}
E {  344} {ne} {ne} {3} {0} {}

R {  344} {0} {<acf>} {弯曲小路} {弯曲小路} {路的两旁，有各式各样的树木，还有些不知名的花草。} {幽灵山庄} {} {ghost} {} {1.000}
E {  343} {sw} {sw} {12} {0} {}
E {  345} {e} {e} {2} {0} {}

R {  345} {0} {<acf>} {大厅} {大厅} {铁锅摆在火炉上，火炉摆在高台前，高台就在大厅里。} {幽灵山庄} {} {ghost} {幽灵山庄 第二代弟子 将军} {1.000}
E {  344} {w} {w} {8} {0} {}
E {  346} {e} {e} {2} {0} {}

R {  346} {0} {<acf>} {弯曲小路} {弯曲小路} {路的两旁，有各式各样的树木，还有些不知名的花草。} {幽灵山庄} {} {ghost} {} {1.000}
E {  345} {w} {w} {8} {0} {}
E {  347} {se} {se} {6} {0} {}

R {  347} {0} {<acf>} {弯曲小路} {弯曲小路} {路的两旁，有各式各样的树木，还有些不知名的花草。} {幽灵山庄} {} {ghost} {} {1.000}
E {  346} {nw} {nw} {9} {0} {}
E {  348} {s} {s} {4} {0} {}
E {  349} {ne} {ne} {3} {0} {}

R {  348} {0} {<acf>} {小屋} {小屋} {屋子不大，但布置得很雅致。} {幽灵山庄} {} {ghost} {幽灵山庄 第二代弟子 花寡妇} {1.000}
E {  347} {n} {n} {1} {0} {}

R {  349} {0} {<acf>} {弯曲小路} {弯曲小路} {路的两旁，有各式各样的树木，还有些不知名的花草。} {幽灵山庄} {} {ghost} {} {1.000}
E {  347} {sw} {sw} {12} {0} {}
E {  350} {n} {n} {1} {0} {}

R {  350} {0} {<acf>} {石屋} {石屋} {曲折蜿蜒的小路尽头，是一栋形式古老的石屋} {幽灵山庄} {} {ghost} {幽灵山庄 第三代弟子 叶雪} {1.000}
E {  349} {s} {s} {4} {0} {}

R {  351} {0} {<acf>} {花丛中} {花丛中} {四处都是花，这里简直就是花的海洋，四下静悄悄，异常安静。} {狼山} {} {wolfmount} {} {1.000}
E {  170} {nd} {nd} {33} {0} {}
E {  352} {e} {#3 knock door;enter} {2} {0} {}

R {  352} {0} {<acf>} {草堂} {草堂} {一间很小的草堂，空空地什么也没有，但却打扫地异常干净} {狼山} {} {wolfmount} {狼山 第三代大头领「战狼王」卜战} {1.000}
E {  351} {w} {out} {8} {0} {}
E {  353} {s} {s} {4} {0} {}

R {  353} {0} {<acf>} {率意厅} {率意厅} {这是间七丈宽、二十七丈长的大厅，当你走进竹篱时，实在想不到那几间草堂后竟有这么样一个地方。} {狼山} {} {wolfmount} {「病入膏肓」朱云} {1.000}
E {  352} {n} {n} {1} {0} {}
E {  381} {s} {open zhulian;s} {4} {0} {}

R {  354} {0} {<acf>} {南佛塔} {南佛塔} {你的眼前骤然一变，便从黑暗的世界中，进入了个辉煌灿烂的天地，有如奇迹。} {楼兰} {} {loulan} {快活林 色使 江左司徒} {1.000}
E {  355} {n} {n} {1} {0} {}
E {  194} {u} {u} {16} {0} {}

R {  355} {0} {<acf>} {南天街} {南天街} {一条灯火通明的长廊，似乎原先本是繁华的街道，两旁是一些寺院民宅} {楼兰} {} {loulan} {} {1.000}
E {  354} {s} {s} {4} {0} {}
E {  357} {n} {n} {1} {0} {}

R {  356} {0} {} {} { } {} {} {} {} {} {1.000}
E {  367} {s} {s} {4} {0} {}

R {  357} {0} {<acf>} {南天街} {南天街} {一条灯火通明的长廊，似乎原先本是繁华的街道，两旁是一些寺院民宅} {楼兰} {} {loulan} {快活林 急风第三骑 李义骑} {1.000}
E {  355} {s} {s} {4} {0} {}
E {  358} {n} {n} {1} {0} {}
E {  359} {e} {e} {2} {0} {}
E {  360} {w} {w} {8} {0} {}

R {  358} {0} {<acf>} {南天街} {南天街} {一条灯火通明的长廊，似乎原先本是繁华的街道，两旁是一些寺院民宅} {楼兰} {} {loulan} {} {1.000}
E {  357} {s} {s} {4} {0} {}
E {  361} {n} {n} {1} {0} {}

R {  359} {0} {<acf>} {土牢} {土牢} {这间砂土砌的屋子十分阴暗，石壁已经龟裂脱落，原本是古楼兰的平民所住} {楼兰} {} {loulan} {朱家七小姐「天若有情天亦老」朱七七} {1.000}
E {  357} {w} {w} {8} {0} {}

R {  360} {0} {<acf>} {百兵库} {百兵库} {快活王志在天下，暗中征召天下豪杰，铸造百兵以供沙场之用} {楼兰} {} {loulan} {百辟宝刀} {1.000}
E {  357} {e} {e} {2} {0} {}

R {  361} {0} {<acf>} {圣殿} {圣殿} {故老相传楼兰的王族世代传下一件神奇的宝物，但代代无人能参详出宝物的奥秘，相传若有人能参出其奥秘，此人便是上天派到楼兰的圣人} {楼兰} {} {loulan} {快活王} {1.000}
E {  358} {s} {s} {4} {0} {}
E {  362} {n} {n} {1} {0} {}
E {  363} {e} {e} {2} {0} {}
E {  364} {w} {w} {8} {0} {}

R {  362} {0} {<acf>} {北天街} {北天街} {一条灯火通明的长廊，似乎原先本是繁华的街道，两旁是一些寺院民宅} {楼兰} {} {loulan} {} {1.000}
E {  361} {s} {s} {4} {0} {}
E {  365} {n} {n} {1} {0} {}

R {  363} {0} {<acf>} {东天街} {东天街} {一条灯火通明的长廊，似乎原先本是繁华的街道，两旁是一些寺院民宅} {楼兰} {} {loulan} {} {1.000}
E {  361} {w} {w} {8} {0} {}
E {  367} {e} {e} {2} {0} {}

R {  364} {0} {<acf>} {西天街} {西天街} {一条灯火通明的长廊，似乎原先本是繁华的街道，两旁是一些寺院民宅} {楼兰} {} {loulan} {} {1.000}
E {  361} {e} {e} {2} {0} {}
E {  366} {w} {w} {8} {0} {}

R {  365} {0} {<acf>} {北天街} {北天街} {一条灯火通明的长廊，似乎原先本是繁华的街道，两旁是一些寺院民宅} {楼兰} {} {loulan} {快活林 急风第一骑 方心骑} {1.000}
E {  362} {s} {s} {4} {0} {}
E {  368} {n} {n} {1} {0} {}
E {  369} {e} {e} {2} {0} {}
E {  370} {w} {w} {8} {0} {}

R {  366} {0} {<acf>} {西天街} {西天街} {一条灯火通明的长廊，似乎原先本是繁华的街道，两旁是一些寺院民宅} {楼兰} {} {loulan} {王侠骑} {1.000}
E {  364} {e} {e} {2} {0} {}
E {  372} {s} {s} {4} {0} {}
E {  373} {w} {w} {8} {0} {}

R {  367} {0} {<acf>} {东天街} {东天街} {一条灯火通明的长廊，似乎原先本是繁华的街道，两旁是一些寺院民宅} {楼兰} {} {loulan} {快活林 急风第二骑 孙驰骑} {1.000}
E {  363} {w} {w} {8} {0} {}
E {  356} {n} {n} {1} {0} {}
E {  375} {e} {e} {2} {0} {}

R {  368} {0} {<acf>} {北天街} {北天街} {一条灯火通明的长廊，似乎原先本是繁华的街道，两旁是一些寺院民宅} {楼兰} {} {loulan} {} {1.000}
E {  365} {s} {s} {4} {0} {}
E {  371} {n} {n} {1} {0} {}

R {  369} {0} {<acf>} {御膳房} {御膳房} {快活王酒量极豪，喜欢以大曲，茅台，高粱，及竹叶青掺合之烈酒} {楼兰} {} {loulan} {御厨} {1.000}
E {  365} {w} {w} {8} {0} {}

R {  370} {0} {<acf>} {石牢} {石牢} {这是间石砌的屋子，石壁上也雕刻着奇异而古拙的图案，有的人身兽首} {楼兰} {} {loulan} {幽灵宫主「红尘有尽恨无常」白飞飞} {1.000}
E {  365} {e} {e} {2} {0} {}

R {  371} {0} {<acf>} {北佛塔} {北佛塔} {你的眼前骤然一变，便从黑暗的世界中，进入了一个辉煌灿烂的天地，有如奇迹。} {楼兰} {} {loulan} {快活林 气使 独孤伤} {1.000}
E {  368} {s} {s} {4} {0} {}
E {  194} {u} {u} {16} {0} {}

R {  372} {0} {<acf>} {争春苑} {争春苑} {这是间华丽而宽敞的庭院，华丽得不似人间所有} {楼兰} {} {loulan} {轻纱朦胧 长发少女} {1.000}
E {  366} {n} {n} {1} {0} {}

R {  373} {0} {<acf>} {西天街} {西天街} {一条灯火通明的长廊，似乎原先本是繁华的街道，两旁是一些寺院民宅} {楼兰} {} {loulan} {} {1.000}
E {  366} {e} {e} {2} {0} {}
E {  374} {w} {w} {8} {0} {}

R {  374} {0} {<acf>} {西佛塔} {西佛塔} {你的眼前骤然一变，便从黑暗的世界中，进入了个辉煌灿烂的天地，有如奇迹。} {楼兰} {} {loulan} {快活林 财使 金无望} {1.000}
E {  373} {e} {e} {2} {0} {}
E {  194} {u} {u} {16} {0} {}

R {  375} {0} {<acf>} {东天街} {东天街} {一条灯火通明的长廊，似乎原先本是繁华的街道，两旁是一些寺院民宅} {楼兰} {} {loulan} {} {1.000}
E {  367} {w} {w} {8} {0} {}
E {  376} {e} {e} {2} {0} {}

R {  376} {0} {<acf>} {东佛塔} {东佛塔} {你的眼前骤然一变，便从黑暗的世界中，进入了个辉煌灿烂的天地，有如奇迹。} {楼兰} {} {loulan} {} {1.000}
E {  375} {w} {w} {8} {0} {}
E {  194} {u} {u} {16} {0} {}

R {  377} {0} {<fca>} {悬崖栈道} {悬崖栈道} {一条依傍着悬崖峭壁的栈道，弯弯曲曲不知通向何方。} {狼山} {} {wolfmount} {} {1.000}
E {  157} {wu} {wu} {24} {0} {}
E {  378} {se} {se} {6} {0} {}

R {  378} {0} {<acf>} {悬崖栈道} {悬崖栈道} {一条依傍着悬崖峭壁的栈道，弯弯曲曲不知通向何方。} {狼山} {} {wolfmount} {} {1.000}
E {  377} {nw} {nw} {9} {0} {}
E {  379} {se} {se} {6} {0} {}

R {  379} {0} {<fca>} {悬崖栈道} {悬崖栈道} {一条依傍着悬崖峭壁的栈道，弯弯曲曲不知通向何方。} {狼山} {} {wolfmount} {} {1.000}
E {  378} {nw} {nw} {9} {0} {}
E {  380} {e} {e} {2} {0} {}

R {  380} {0} {} {} { } {} {} {} {} {} {1.000}
E {  379} {w} {w} {8} {0} {}

R {  381} {0} {<acf>} {后厅} {后厅} {珠帘后是个小厅，一个红木高台上摆着张虎皮椅} {狼山} {} {wolfmount} {(鬼气) 狼山 第三代山主 朱五太爷} {1.000}
E {  353} {n} {n} {1} {0} {}

R {  382} {0} {<acf>} {石室} {石室} {两尺厚的石门里，是一间九尺宽的石屋子。} {沉香镇} {} {chenxiang} {青龙会弟子} {1.000}
E {   10} {w} {w} {8} {0} {}

R {  383} {0} {<acf>} {巨大的镜子} {巨大的镜子} {拉起空布幔便露出一面晶莹而巨大的镜子，镜框上镶满了翡翠和珠宝} {石观音} {} {guanyin} {} {1.000}
E {  385} {nu} {nu} {17} {0} {}
E {  187} {su} {su} {20} {0} {}

R {  384} {0} {<acf>} {听风阁} {听风阁} {绣槛雕栏，绿窗朱户，屋中布置得相当考究，屋中点了支檀香} {沉香镇} {} {chenxiang} {长生剑客「天上」白玉京} {1.000}
E {   11} {e} {e} {2} {0} {}

R {  385} {0} {<acf>} {精致卧房} {精致卧房} {没有妆台，没有绣被，没有锦帐流苏，也没有任何华贵的阵设} {石观音} {} {guanyin} {「芳华永驻」石观音} {1.000}
E {  383} {sd} {sd} {36} {0} {}

R {  386} {0} {<acf>} {茶马古道} {茶马古道} {远在西汉时，张骞历尽艰辛，开辟出了这条西达西藏，北通巴蜀} {关外} {} {guanwai} {} {1.000}
E {  252} {nw} {northwest} {9} {0} {}
E {  387} {e} {east} {2} {0} {}

R {  387} {0} {<acf>} {茶马古道} {茶马古道} {远在西汉时，张骞历尽艰辛，开辟出了这条西达西藏，北通巴蜀} {关外} {} {guanwai} {} {1.000}
E {  386} {w} {west} {8} {0} {}
E {  388} {se} {southeast} {6} {0} {}

R {  388} {0} {<acf>} {怒江} {怒江} {汹涌的雅鲁藏布江奔流至此，江口突然奇窄，江水怒涛拍岸，轰轰如雷} {关外} {} {guanwai} {黑骏马} {1.000}
E {  387} {nw} {nw} {9} {0} {}

R {  389} {0} {<acf>} {寒潭} {寒潭} {潭面成不规则状，深绿色的潭水看不到底，潭边寒气刺骨，一缕缕雾气从水面升起，潭上笼罩着一层薄薄的白色雾气。} {黄山} {} {huangshan} {} {1.000}
E {   75} {d} {d} {32} {0} {}

R {  390} {0} {<acf>} {果园} {果园} {果园里的树枝上挂满了各种果实。} {恶人谷} {} {eren} {} {1.000}
E {  314} {sw} {sw} {12} {0} {}

R {  391} {0} {<acf>} {杜氏暗器铺} {杜氏暗器铺} {小小的铁铺，墙壁已被火熏黑。一个小孩子正在拉着风糟。} {恶人谷} {} {eren} {杜老爹} {1.000}
E {  316} {n} {n} {1} {0} {}

R {  392} {0} {<acf>} {欧阳豆腐铺} {欧阳豆腐铺} {欧阳豆腐铺的豆腐白如纯玉，细若凝脂，其味清淡中藏着鲜美} {恶人谷} {} {eren} {欧阳丁} {1.000}
E {  316} {s} {s} {4} {0} {}

R {  393} {0} {<acf>} {山村道} {山村道} {走过集市口，两旁冷清了许多，街上打扫得干干净净，没有一点浮土。} {恶人谷} {} {eren} {} {1.000}
E {  316} {e} {e} {2} {0} {}
E {  394} {n} {n} {1} {0} {}
E {  395} {s} {s} {4} {0} {}
E {  396} {w} {w} {8} {0} {}

R {  394} {0} {<acf>} {三光当铺} {三光当铺} {三光当铺，顾名思义，自然是轩辕三光的铺子了。} {恶人谷} {} {eren} {「天光，地光，人也光」轩辕三光} {1.000}
E {  393} {s} {s} {4} {0} {}

R {  395} {0} {<acf>} {南宫钱庄} {南宫钱庄} {中原南宫世家，家财万贯，产业不可胜数。此间钱庄黑匾红字，正是南宫产业之一。} {恶人谷} {} {eren} {钱庄大少 南宫十四郎} {1.000}
E {  393} {n} {n} {1} {0} {}

R {  396} {0} {<acf>} {山村中心} {山村中心} {再往前就是这个小山村的集市口了，青石小路变得宽敞起来，路旁没有店铺} {恶人谷} {} {eren} {} {1.000}
E {  393} {e} {e} {2} {0} {}
E {  397} {w} {w} {8} {0} {}

R {  397} {0} {<acf>} {山村道} {山村道} {沿着青石小路向前走，路旁的屋舍越来越多，不觉已快到山村的中心。} {恶人谷} {} {eren} {} {1.000}
E {  396} {e} {e} {2} {0} {}
E {  398} {s} {s} {4} {0} {}
E {  399} {n} {n} {1} {0} {}
E {  400} {w} {w} {8} {0} {}

R {  398} {0} {<acf>} {哈哈酒楼} {哈哈酒楼} {雅致的厅房中，摆着五六张雅致的桌子，有两张桌子上坐着几人浅浅饮酒} {恶人谷} {} {eren} {「笑里藏刀」哈哈儿} {1.000}
E {  397} {n} {n} {1} {0} {}
E {  402} {e} {e} {2} {0} {}

R {  399} {0} {<acf>} {娇娇客栈} {娇娇客栈} {这里是小村里最大的，也是唯一的一家客店} {恶人谷} {} {eren} {屠小娇} {1.000}
E {  397} {s} {s} {4} {0} {}
E {  401} {u} {u} {16} {0} {}

R {  400} {0} {<acf>} {山村西首} {山村西首} {道路两旁，已有房舍，每一栋屋，建造得极精巧。} {恶人谷} {} {eren} {} {1.000}
E {  397} {e} {e} {2} {0} {}
E {  403} {n} {n} {1} {0} {}
E {  404} {s} {s} {4} {0} {}
E {  301} {w} {w} {8} {0} {}

R {  401} {0} {<acf>} {客房} {客房} {娇娇客栈的客房，一套红杉木的家具，一张六尺宽的大床。} {恶人谷} {} {eren} {} {1.000}
E {  399} {d} {d} {32} {0} {}

R {  402} {0} {<acf>} {厨房} {厨房} {厨房很大，油烟气也很浓，浓烈的菜香，化做一团团蒸气，弥漫了屋子} {恶人谷} {} {eren} {厨师} {1.000}
E {  398} {w} {w} {8} {0} {}

R {  403} {0} {<acf>} {菜田} {菜田} {田野经过夜来的雨洗，庄稼饱润地举起头来，颜色又浓又绿。} {恶人谷} {} {eren} {} {1.000}
E {  400} {s} {s} {4} {0} {}

R {  404} {0} {<acf>} {菜田} {菜田} {道路旁种满了蔬菜，金黄的菜花，碧绿的豌豆，嫩红的西红柿，酱紫的茄子} {恶人谷} {} {eren} {小孩} {1.000}
E {  400} {n} {n} {1} {0} {}

R {  405} {0} {<acf>} {山道} {山道} {山路更见崎岖，乱石丛中几棵野草顽强地伸出头来。} {恶人谷} {} {eren} {} {1.000}
E {  307} {su} {su} {20} {0} {}
E {  406} {wu} {wu} {24} {0} {}
E {  407} {sd} {sd} {36} {0} {}

R {  406} {0} {<acf>} {山腰} {山腰} {走至半山，有一块小平地，两棵大树下几张青石凳，是给登山者歇脚之处。} {恶人谷} {} {eren} {昆仑四鹫 藏翼子} {1.000}
E {  405} {ed} {ed} {34} {0} {}
E {  408} {wd} {wd} {40} {0} {}

R {  407} {0} {<acf>} {山道} {山道} {山路更见崎岖，乱石丛中几棵野草顽强地伸出头来。} {恶人谷} {} {eren} {} {1.000}
E {  405} {nu} {nu} {17} {0} {}
E {  415} {sd} {sd} {36} {0} {}

R {  408} {0} {<acf>} {松林小道} {松林小道} {两旁是松林，娇嫩的松球果象黄澄澄的小灯笼似的闪亮} {恶人谷} {} {eren} {} {1.000}
E {  406} {eu} {eu} {18} {0} {}
E {  409} {wd} {wd} {40} {0} {}

R {  409} {0} {<acf>} {松林小道} {松林小道} {两旁是松林，娇嫩的松球果象黄澄澄的小灯笼似的闪亮} {恶人谷} {} {eren} {绿林好汉 薛大汉} {1.000}
E {  408} {eu} {eu} {18} {0} {}
E {  410} {w} {w} {8} {0} {}

R {  410} {0} {<acf>} {道路} {道路} {道路渐渐宽敞了起来，可以容得下一辆四轮马车驰过。} {恶人谷} {} {eren} {} {1.000}
E {  409} {e} {e} {2} {0} {}
E {  411} {w} {w} {8} {0} {}

R {  411} {0} {<acf>} {道路} {道路} {不远处就是白云山庄。} {恶人谷} {} {eren} {} {1.000}
E {  410} {e} {east} {2} {0} {}
E {  412} {n} {north} {1} {0} {}

R {  412} {0} {<acf>} {白云山庄} {白云山庄} {袁家本是这里的首户，提起袁家的白云山庄来，在这周围八百里的人有谁不知道的呢？} {恶人谷} {} {eren} {} {1.000}
E {  411} {s} {s} {4} {0} {}
E {  413} {n} {n} {1} {0} {}

R {  413} {0} {<acf>} {白云山庄大厅} {白云山庄大厅} {大厅里铺着大红的地毯，墙上点着一十八支通红的牛油巨烛。} {恶人谷} {} {eren} {白云山庄庄主 袁秋云} {1.000}
E {  412} {s} {s} {4} {0} {}
E {  414} {e} {e} {2} {0} {}

R {  414} {0} {<acf>} {白云山庄偏厅} {白云山庄偏厅} {偏厅里摆着一百二十张八仙桌，每张桌旁都坐满了客人} {恶人谷} {} {eren} {} {1.000}
E {  413} {w} {w} {8} {0} {}

R {  415} {0} {<acf>} {玉龙峰} {玉龙峰} {终于来到玉龙峰下，巨大的山影，沉重地压在过往的车马上。} {恶人谷} {} {eren} {} {1.000}
E {  407} {nu} {nu} {17} {0} {}
E {  416} {se} {se} {6} {0} {}
E {  417} {w} {w} {8} {0} {}
E {  418} {sw} {sw} {12} {0} {}

R {  416} {0} {<acf>} {昆仑山区} {昆仑山区} {再往前走，道路愈为荒凉，行人愈渐稀少起来。} {恶人谷} {} {eren} {破马车} {1.000}
E {  415} {nw} {nw} {9} {0} {}
E {  419} {e} {e} {2} {0} {}

R {  417} {0} {<acf>} {昆仑山区} {昆仑山区} {昆仑山的西麓，山峦起伏，风景秀丽，向北有著名的二郎山，神仙阁。} {藏北} {} {zangbei} {} {1.000}
E {  415} {e} {e} {2} {0} {}
E {  467} {s} {s} {4} {0} {}
E {  468} {n} {n} {1} {0} {}
E {  469} {w} {w} {8} {0} {}

R {  418} {0} {<acf>} {荒原} {荒原} {玉龙峰往西，地势平坦。} {恶人谷} {} {eren} {} {1.000}
E {  415} {ne} {ne} {3} {0} {}
E {  560} {w} {w} {8} {0} {}

R {  419} {0} {<acf>} {玉龙哈什河} {玉龙哈什河} {和阗河滚滚的河水，在六月的残阳下发着光。} {恶人谷} {} {eren} {} {1.000}
E {  416} {w} {w} {8} {0} {}
E {  420} {e} {e} {2} {0} {}

R {  420} {0} {<acf>} {和阗河} {和阗河} {穿过沙漠，便到了塞北之地。和阗河滚滚的河水，在六月的残阳下发着光。} {恶人谷} {} {eren} {} {1.000}
E {  419} {w} {w} {8} {0} {}
E {  421} {n} {n} {1} {0} {}
E {  423} {sw} {sw} {12} {0} {}

R {  421} {0} {<acf>} {青铜峡} {青铜峡} {青铜峡位于二山之间，东是牛首山，西为贺兰山，和阗河从中穿峡而过，景色迤逦。} {恶人谷} {} {eren} {} {1.000}
E {  420} {s} {s} {4} {0} {}
E {  424} {ne} {ne} {3} {0} {}
E {  425} {nw} {nw} {9} {0} {}

R {  422} {0} {<acf>} {驿站} {驿站} {“一骑红尘妃子笑，无人知是荔枝来。} {太平镇} {} {taiping} {太平镇驿丞「万事通」安子豪} {1.000}
E {  423} {w} {w} {8} {0} {}
E {  428} {n} {n} {1} {0} {}
E {  429} {e} {e} {2} {0} {}

R {  423} {0} {<acf>} {太平镇} {太平镇} {太平镇原先只是个官家的驿站，来往的人多了，才逐渐开起了几个店铺。} {太平镇} {} {taiping} {} {1.000}
E {  420} {ne} {ne} {3} {0} {}
E {  422} {e} {e} {2} {0} {}
E {  427} {sw} {sw} {12} {0} {}

R {  424} {0} {<fac>} {} { } {} {} {} {} {} {1.000}
E {  421} {sw} {sw} {12} {0} {}

R {  425} {0} {<acf>} {一百零八塔} {一百零八塔} {一百零八塔位于河西岸一处陡峭的山坡上。} {恶人谷} {} {eren} {} {1.000}
E {  421} {se} {se} {6} {0} {}
E {  426} {n} {n} {1} {0} {}

R {  426} {0} {<acf>} {嵩岳寺} {嵩岳寺} {嵩岳寺建造年代在北魏永平元年至正光元年，原名闲居寺} {恶人谷} {} {eren} {} {1.000}
E {  425} {s} {s} {4} {0} {}

R {  427} {0} {<acf>} {太平镇小街} {太平镇小街} {街的两旁种满了枫树。枫是秋天的树木，秋风一吹到，叶就绯红了起来} {太平镇} {} {taiping} {} {1.000}
E {  423} {ne} {ne} {3} {0} {}
E {  430} {e} {e} {2} {0} {}
E {  431} {w} {w} {8} {0} {}
E {  432} {sw} {sw} {12} {0} {}

R {  428} {0} {<acf>} {驿站马房} {驿站马房} {人须健儿，马须良驹，每个驿站都配有专门的马房。} {太平镇} {} {taiping} {马夫} {1.000}
E {  422} {s} {s} {4} {0} {}

R {  429} {0} {<acf>} {驿站厢房} {驿站厢房} {厢房是一间又长，又窄，又低的屋子，一张狭长的黄杨木桌子从这头摆到那一头，桌上铺着张旧得看不出原来颜色的台布。} {太平镇} {} {taiping} {太平镇 捕快} {1.000}
E {  422} {w} {w} {8} {0} {}

R {  430} {0} {<acf>} {巷口} {巷口} {小街东侧有一条巷子，被街边的树遮住了大半} {太平镇} {} {taiping} {捡破烂的} {1.000}
E {  427} {w} {w} {8} {0} {}
E {  434} {e} {e} {2} {0} {}

R {  431} {0} {<fac>} {西宅} {西宅} {e} {太平镇} {} {taiping} {谭门三霸天 老大 谭天龙} {1.000}
E {  427} {e} {e} {2} {0} {}
E {  433} {u} {u} {16} {0} {}

R {  432} {0} {<acf>} {太平镇小街} {太平镇小街} {街的两旁种满了枫树。枫是秋天的树木，秋风一吹到，叶就绯红了起来} {太平镇} {} {taiping} {} {1.000}
E {  427} {ne} {ne} {3} {0} {}
E {  438} {s} {s} {4} {0} {}
E {  439} {w} {w} {8} {0} {}

R {  433} {0} {} {} { } {} {} {} {} {} {1.000}
E {  431} {d} {d} {32} {0} {}

R {  434} {0} {<acf>} {阴暗小巷} {阴暗小巷} {小巷向里，没有灯光，一点都没有。一种说不出的阴森笼罩着整条胡同里。} {太平镇} {} {taiping} {捡破烂的} {1.000}
E {  430} {w} {w} {8} {0} {}
E {  435} {e} {e} {2} {0} {}

R {  435} {0} {<acf>} {阴暗小巷} {阴暗小巷} {小巷向里，没有灯光，一点都没有。} {太平镇} {} {taiping} {} {1.000}
E {  434} {w} {w} {8} {0} {}
E {  436} {e} {e} {2} {0} {}

R {  436} {0} {<acf>} {阴暗小巷} {阴暗小巷} {小巷向里，没有灯光，一点都没有。} {太平镇} {} {taiping} {七杀手 老大(Laoda)} {1.000}
E {  435} {w} {w} {8} {0} {}
E {  437} {ne} {ne} {3} {0} {}

R {  437} {0} {<acf>} {小巷尽头} {小巷尽头} {小巷没多远就到了尽头，一盏灰暗的马灯挂在墙上，风吹过咣咣地响} {太平镇} {} {taiping} {} {1.000}
E {  436} {sw} {sw} {12} {0} {}

R {  438} {0} {<acf>} {太平镇小街} {太平镇小街} {再往镇里走，两旁的店铺多了起来，西侧的“平安老店”既是个客栈} {太平镇} {} {taiping} {醉汉} {1.000}
E {  432} {n} {n} {1} {0} {}
E {  440} {s} {s} {4} {0} {}
E {  441} {e} {e} {2} {0} {}
E {  442} {w} {w} {8} {0} {}

R {  439} {0} {<acf>} {太平杂货铺} {太平杂货铺} {太平杂货铺实在是个标标准准的杂物铺，刷墙的白粉，各色各样的桐油和漆} {太平镇} {} {taiping} {杂货铺老板 老蛔虫} {1.000}
E {  432} {e} {e} {2} {0} {}

R {  440} {0} {<acf>} {太平镇小街} {太平镇小街} {小街两旁是住家，很普通的那种平房，西北最普通，最常见的砖土四合院} {太平镇} {} {taiping} {} {1.000}
E {  438} {n} {n} {1} {0} {}
E {  443} {s} {s} {4} {0} {}
E {  444} {w} {w} {8} {0} {}

R {  441} {0} {<acf>} {甘家铁铺} {甘家铁铺} {那是间小小的铁铺，墙壁已被火熏黑。一个小孩子正在拉着风槽。} {太平镇} {} {taiping} {千锤百炼 甘老头} {1.000}
E {  438} {w} {w} {8} {0} {}

R {  442} {0} {<acf>} {平安老店} {平安老店} {平安老店是个客栈，也是家酒铺。} {太平镇} {} {taiping} {老掌柜} {1.000}
E {  438} {e} {e} {2} {0} {}

R {  443} {0} {<acf>} {小街口} {小街口} {这儿也许是太平镇最热闹的地方，来往的客商们打个弯儿就去了西首的胡同} {太平镇} {} {taiping} {} {1.000}
E {  440} {n} {n} {1} {0} {}
E {  445} {s} {s} {4} {0} {}
E {  446} {e} {e} {2} {0} {}
E {  447} {se} {se} {6} {0} {}
E {  448} {w} {w} {8} {0} {}

R {  444} {0} {<acf>} {商人居} {商人居} {小街两侧是一排平房，西北最普通，最常见的砖土四合院} {太平镇} {} {taiping} {} {1.000}
E {  440} {e} {e} {2} {0} {}

R {  445} {0} {<acf>} {太平镇小街} {太平镇小街} {小街的两旁是一排平房，西北最普通，最常见的砖土四合院} {太平镇} {} {taiping} {} {1.000}
E {  443} {n} {n} {1} {0} {}
E {  457} {s} {s} {4} {0} {}
E {  458} {w} {w} {8} {0} {}

R {  446} {0} {<acf>} {大宅院} {大宅院} {这是一所只有两扇窗宽、四层楼高的宅子，是镇上唯一几幢像样的房子之一。} {太平镇} {} {taiping} {戴红缨帽的官差 张铁} {1.000}
E {  443} {w} {w} {8} {0} {}
E {  449} {e} {e} {2} {0} {}
E {  450} {u} {u} {16} {0} {}

R {  447} {0} {<acf>} {小路} {小路} {向东南的小路通向李家庄，庄主李大娘三年前搬到太平镇，在镇边买下了这一座庄园。} {太平镇} {} {taiping} {} {1.000}
E {  443} {nw} {nw} {9} {0} {}
E {  465} {e} {e} {2} {0} {}

R {  448} {0} {<acf>} {红巷} {红巷} {红巷在太平镇的南端，过往太平镇的，没有人不知道这条巷子的。} {太平镇} {} {taiping} {} {1.000}
E {  443} {e} {e} {2} {0} {}
E {  452} {w} {w} {8} {0} {}

R {  449} {0} {<acf>} {后院} {后院} {后面的院子非常阴森。} {太平镇} {} {taiping} {} {1.000}
E {  446} {w} {w} {8} {0} {}
E {  451} {s} {s} {4} {0} {}

R {  450} {0} {} {} { } {} {} {} {} {} {1.000}
E {  446} {d} {d} {32} {0} {}

R {  451} {0} {<acf>} {贮藏室} {贮藏室} {这儿本来是主人囤积过冬食物的地方} {太平镇} {} {taiping} {戴红缨帽的官差 林二} {1.000}
E {  449} {n} {n} {1} {0} {}

R {  452} {0} {<acf>} {红巷} {红巷} {红巷一侧是一排平房，西北最普通，最常见的砖土四合院} {太平镇} {} {taiping} {} {1.000}
E {  448} {e} {e} {2} {0} {}
E {  453} {s} {s} {4} {0} {}
E {  454} {w} {w} {8} {0} {}

R {  453} {0} {<acf>} {木匠居} {木匠居} {屋子外面排着几只刚做完还未上漆的柜子，扑面就是一阵桐木的香味} {太平镇} {} {taiping} {小鲁班 李木匠} {1.000}
E {  452} {n} {n} {1} {0} {}

R {  454} {0} {<acf>} {红巷} {红巷} {红巷一侧是一排平房，西北最普通，最常见的砖土四合院} {太平镇} {} {taiping} {无知小童 程小小} {1.000}
E {  452} {e} {e} {2} {0} {}
E {  455} {s} {s} {4} {0} {}
E {  456} {w} {w} {8} {0} {}

R {  455} {0} {<acf>} {猎人居} {猎人居} {墙上一排挂着几张野獾，山狼，狐狸等的皮毛，旁边是一张黄杨树削成的长弓} {太平镇} {} {taiping} {百步穿杨 张猎户} {1.000}
E {  454} {n} {n} {1} {0} {}

R {  456} {0} {<acf>} {红巷尽头} {红巷尽头} {小巷不长，尽头有一扇红门，红门后有一座鹦鹉楼。} {太平镇} {} {taiping} {} {1.000}
E {  454} {e} {e} {2} {0} {}

R {  457} {0} {<acf>} {太平镇小街} {太平镇小街} {小街的两旁是一排平房，西北最普通，最常见的砖土四合院} {太平镇} {} {taiping} {} {1.000}
E {  445} {n} {n} {1} {0} {}
E {  459} {s} {s} {4} {0} {}
E {  460} {w} {w} {8} {0} {}

R {  458} {0} {<acf>} {渔人居} {渔人居} {门口晒着一张网，屋檐下吊着几条咸鱼。} {太平镇} {} {taiping} {一网打尽 王大路} {1.000}
E {  445} {e} {e} {2} {0} {}

R {  459} {0} {<acf>} {小街南端} {小街南端} {再往南已没有路，东侧是李大娘的庄园。} {太平镇} {} {taiping} {} {1.000}
E {  457} {n} {n} {1} {0} {}
E {  461} {se} {se} {6} {0} {}

R {  460} {0} {<acf>} {剃头店} {剃头店} {孙剃头年轻的时候挑着剃头担子走南闯北，着实经历过一番市面} {太平镇} {} {taiping} {斩草除根 孙剃头} {1.000}
E {  457} {e} {e} {2} {0} {}

R {  461} {0} {<acf>} {荒野} {荒野} {再往南又是荒野了，李大娘的庄园就在镇边。} {太平镇} {} {taiping} {} {1.000}
E {  459} {nw} {nw} {9} {0} {}
E {  462} {w} {w} {8} {0} {}

R {  462} {0} {<acf>} {烂泥路} {烂泥路} {太平镇后有一片很大的沼泽地。这里原来是一个小湖，后来干涸了，就成了这样。} {太平镇} {} {taiping} {} {1.000}
E {  461} {e} {e} {2} {0} {}
E {  463} {w} {w} {8} {0} {}

R {  463} {0} {<acf>} {烂泥路} {烂泥路} {沼泽地延伸到四方有好几里远，四周全是潮湿的草地和一片烂泥} {太平镇} {} {taiping} {} {1.000}
E {  462} {e} {e} {2} {0} {}
E {  464} {w} {w} {8} {0} {}

R {  464} {0} {<acf>} {沼泽地边缘} {沼泽地边缘} {这里是沼泽地的边缘，芦苇很高，长着长长的叶子，开着深褐色绒毛花} {太平镇} {} {taiping} {愿者上钩 老渔夫} {1.000}
E {  463} {e} {e} {2} {0} {}

R {  465} {0} {<acf>} {小路} {小路} {向东南的小路通向李家庄，庄主李大娘三年前搬到太平镇} {太平镇} {} {taiping} {} {1.000}
E {  447} {w} {w} {8} {0} {}
E {  466} {se} {se} {6} {0} {}

R {  466} {0} {<acf>} {李家庄} {李家庄} {这儿是李大娘的庄院。漆黑的大门紧闭，两边是三丈高墙，墙上倒插着锋刀。} {太平镇} {} {taiping} {} {1.000}
E {  465} {nw} {nw} {9} {0} {}

R {  467} {0} {<acf>} {马家驿} {马家驿} {马家驿在二郎山下，本是个驿站，距离菊花园只有七八十里路} {藏北} {} {zangbei} {温柔贤惠 马月云} {1.000}
E {  417} {n} {n} {1} {0} {}
E {  474} {e} {e} {2} {0} {}

R {  468} {0} {<acf>} {二郎山} {二郎山} {二郎山的风景是诱人的，登上观景台眺望：青衣江的涛声，溪沟两边的泉声} {藏北} {} {zangbei} {高原黄蝶} {1.000}
E {  417} {s} {s} {4} {0} {}
E {  470} {nd} {nd} {33} {0} {}

R {  469} {0} {<acf>} {高原} {高原} {越过昆仑山区，地势逐渐平坦。干燥的土地，秋风卷起满天黄沙} {藏北} {} {zangbei} {} {1.000}
E {  417} {e} {e} {2} {0} {}
E {  475} {sw} {sw} {12} {0} {}
E {  476} {nw} {nw} {9} {0} {}

R {  470} {0} {<acf>} {山间小路} {山间小路} {一条曲曲弯弯的小路通向山的深处，寻常的山，寻常的路} {藏北} {} {zangbei} {} {1.000}
E {  468} {su} {su} {20} {0} {}
E {  471} {nw} {nw} {9} {0} {}

R {  471} {0} {<acf>} {山间小路} {山间小路} {一条曲曲弯弯的小路通向山的深处，寻常的山，寻常的路} {藏北} {} {zangbei} {张老头} {1.000}
E {  470} {se} {se} {6} {0} {}
E {  472} {ne} {ne} {3} {0} {}

R {  472} {0} {<acf>} {山间小路} {山间小路} {一条曲曲弯弯的小路通向山的深处，寻常的山，寻常的路} {藏北} {} {zangbei} {高原绿蝶} {1.000}
E {  471} {sw} {sw} {12} {0} {}
E {  473} {n} {n} {1} {0} {}

R {  473} {0} {<acf>} {菊花园} {菊花园} {他住的地方就是座花海，一片花城．在不同的季节中，这里总有不同的花盛开。} {藏北} {} {zangbei} {性烈如火 孙剑} {1.000}
E {  472} {s} {s} {4} {0} {}

R {  474} {0} {<acf>} {后院} {后院} {马家的客人经常都不少。} {藏北} {} {zangbei} {与世无争 马方中} {1.000}
E {  467} {w} {w} {8} {0} {}

R {  475} {0} {<acf>} {帐篷} {帐篷} {路边偶尔会有几顶帐篷，还未走近，早有体形巨大如小熊的藏獒吠着迎上来了。} {藏北} {} {zangbei} {放牧的姑娘 达娃} {1.000}
E {  469} {ne} {ne} {3} {0} {}

R {  476} {0} {<acf>} {草原} {草原} {草原的夜是寂寞的，辽远清冷的高空，挂起无数的星点} {藏北} {} {zangbei} {} {1.000}
E {  469} {se} {se} {6} {0} {}
E {  477} {w} {w} {8} {0} {}

R {  477} {0} {<acf>} {草原} {草原} {西部草原，辽阔而静寂。望山跑死马。} {藏北} {} {zangbei} {} {1.000}
E {  476} {e} {e} {2} {0} {}
E {  478} {s} {s} {4} {0} {}
E {  479} {w} {w} {8} {0} {}

R {  478} {0} {<acf>} {白杨树林} {白杨树林} {路旁的白杨树蔓延数十里，这是西北最常见的树种} {藏北} {} {zangbei} {} {1.000}
E {  477} {n} {n} {1} {0} {}
E {  534} {s} {s} {4} {0} {}

R {  479} {0} {<acf>} {草原} {草原} {烈日下走着一队队晒得黝黑的赶马人，云影下的帐篷白得透明} {藏北} {} {zangbei} {牦牛} {1.000}
E {  477} {e} {e} {2} {0} {}
E {  480} {n} {n} {1} {0} {}
E {  481} {w} {w} {8} {0} {}

R {  480} {0} {<acf>} {蚌普寺} {蚌普寺} {蚌普寺是一世噶玛巴﹒都松钦巴于一一四四年创建的。} {藏北} {} {zangbei} {蚌普寺的喇嘛} {1.000}
E {  479} {s} {s} {4} {0} {}

R {  481} {0} {<acf>} {草原} {草原} {烈日下走着一队队晒得黝黑的赶马人，云影下的帐篷白得透明} {藏北} {} {zangbei} {牦牛} {1.000}
E {  479} {e} {e} {2} {0} {}
E {  482} {n} {n} {1} {0} {}
E {  483} {w} {w} {8} {0} {}

R {  482} {0} {<acf>} {直共寺} {直共寺} {直共寺为“藏地三宝”之一的帕木竹巴建造} {藏北} {} {zangbei} {直共寺的喇嘛} {1.000}
E {  481} {s} {s} {4} {0} {}

R {  483} {0} {<acf>} {草原} {草原} {远远可以望见许多高低起伏的房屋，前方是一座无名的边城，这儿住的有汉人} {藏北} {} {zangbei} {} {1.000}
E {  481} {e} {e} {2} {0} {}
E {  484} {nw} {nw} {9} {0} {}

R {  484} {0} {<acf>} {边城东门} {边城东门} {小城的一端，是无边无际的草原，小城的另一端，也是无边无际的草原。} {藏北} {} {zangbei} {} {1.000}
E {  483} {se} {se} {6} {0} {}
E {  487} {w} {w} {8} {0} {}

R {  485} {0} {<acf>} {南街} {南街} {一条南北向的小街横贯在小镇的东侧，不长，仅数百尺。} {边城} {} {biancheng} {} {1.000}
E {  486} {s} {s} {4} {0} {}
E {  487} {n} {n} {1} {0} {}
E {  488} {w} {w} {8} {0} {}

R {  486} {0} {<acf>} {南街} {南街} {一条南北向的小街横贯在小镇的东侧，不长，仅数百尺。} {边城} {} {biancheng} {} {1.000}
E {  485} {n} {n} {1} {0} {}
E {  521} {s} {s} {4} {0} {}
E {  522} {w} {w} {8} {0} {}

R {  487} {0} {<acf>} {街心} {街心} {世界上有无数个这样的小城，每一个都是这样子，简陋的房屋，廉价的货物} {边城} {} {biancheng} {} {1.000}
E {  485} {s} {s} {4} {0} {}
E {  489} {n} {n} {1} {0} {}
E {  490} {w} {w} {8} {0} {}
E {  484} {e} {e} {2} {0} {}

R {  488} {0} {<acf>} {面馆} {面馆} {面馆的老板是张老实。} {边城} {} {biancheng} {面馆老板 张老实} {1.000}
E {  485} {e} {e} {2} {0} {}

R {  489} {0} {<acf>} {北街} {北街} {一条南北向的小街横贯在小镇的东侧，不长，仅数百尺。} {藏北} {} {zangbei} {} {1.000}
E {  487} {s} {s} {4} {0} {}
E {  491} {n} {n} {1} {0} {}
E {  492} {w} {w} {8} {0} {}

R {  490} {0} {<acf>} {西街} {西街} {太阳照在街上，路面闪着金光。} {边城} {} {biancheng} {} {1.000}
E {  487} {e} {e} {2} {0} {}
E {  507} {w} {w} {8} {0} {}
E {  492} {n} {n} {1} {0} {}

R {  491} {0} {<acf>} {北街} {北街} {一条南北向的小街横贯在小镇的东侧，不长，仅数百尺。} {藏北} {} {zangbei} {} {1.000}
E {  489} {s} {s} {4} {0} {}
E {  493} {n} {n} {1} {0} {}
E {  494} {w} {w} {8} {0} {}

R {  492} {0} {<acf>} {绸缎庄} {绸缎庄} {陈大倌的绸缎庄并不大，但在这种地方，已经可以算是很有气派了。} {边城} {} {biancheng} {大肚子的小媳妇} {1.000}
E {  489} {e} {e} {2} {0} {}
E {  490} {s} {s} {4} {0} {}
E {  506} {n} {n} {1} {0} {}

R {  493} {0} {<acf>} {北街尽头} {北街尽头} {小镇的繁华很快就在此截然中止，向前望又是草原，无边无际。} {藏北} {} {zangbei} {烟中飞鹤 云在天} {1.000}
E {  491} {s} {s} {4} {0} {}
E {  495} {n} {n} {1} {0} {}

R {  494} {0} {<acf>} {魁星阁} {魁星阁} {十年前镇上出了个举人，入京前在这儿捐了个魁星老爷。} {藏北} {} {zangbei} {} {1.000}
E {  491} {e} {e} {2} {0} {}

R {  495} {0} {<acf>} {大道} {大道} {碧天，黄沙。黄沙连着天，天连着黄沙。远远望过去} {边城} {} {biancheng} {} {1.000}
E {  496} {n} {n} {1} {0} {}
E {  491} {s} {s} {4} {0} {}

R {  496} {0} {<acf>} {大道} {大道} {碧天，黄沙。黄沙连着天，天连着黄沙。} {边城} {} {biancheng} {} {1.000}
E {  495} {s} {s} {4} {0} {}
E {  497} {n} {n} {1} {0} {}

R {  497} {0} {<acf>} {大道} {大道} {前面一片灯火，万马堂的迎宾处，显然就在灯火辉煌处。} {边城} {} {biancheng} {} {1.000}
E {  496} {s} {s} {4} {0} {}
E {  498} {n} {n} {1} {0} {}
E {  499} {ne} {ne} {3} {0} {}

R {  498} {0} {<acf>} {万马堂堂口} {万马堂堂口} {用整条杉木围成的栅栏，高达三丈。里面一片屋宇，看不出有多少间。} {边城} {} {biancheng} {万马堂 白衣壮汉} {1.000}
E {  497} {s} {s} {4} {0} {}
E {  499} {se} {se} {6} {0} {}

R {  499} {0} {<acf>} {大草原} {大草原} {万马堂的地界，自东至西，就算用快马急驰，自清晨出发，也要到黄昏才走得完全程。} {边城} {} {biancheng} {} {1.000}
E {  497} {sw} {sw} {12} {0} {}
E {  498} {nw} {nw} {9} {0} {}
E {  500} {e} {e} {2} {0} {}

R {  500} {0} {<acf>} {草场} {草场} {暮春三月，羊欢草长，这里是万马堂放牧的草场} {边城} {} {biancheng} {} {1.000}
E {  499} {w} {w} {8} {0} {}
E {  501} {s} {s} {4} {0} {}
E {  502} {n} {n} {1} {0} {}

R {  501} {0} {<acf>} {了望台} {了望台} {草场边有一个小土丘，小丘上还有一座土岗，土岗上有一座木架茅顶的了望台} {边城} {} {biancheng} {} {1.000}
E {  500} {n} {n} {1} {0} {}

R {  502} {0} {<acf>} {草场} {草场} {暮春三月，羊欢草长，这里是万马堂放牧的草场} {边城} {} {biancheng} {} {1.000}
E {  500} {s} {s} {4} {0} {}
E {  503} {n} {n} {1} {0} {}
E {  504} {e} {e} {2} {0} {}

R {  503} {0} {<acf>} {草场} {草场} {辽阔的大草原上，舒缓起伏的草地，神秘而宁静地铺到天之尽头} {边城} {} {biancheng} {} {1.000}
E {  502} {s} {s} {4} {0} {}
E {  505} {nu} {nu} {17} {0} {}

R {  504} {0} {<acf>} {草场深处} {草场深处} {再往前走，人迹渐稀，此地虽然仍属于万马堂，却很少有人来放牧。} {边城} {} {biancheng} {} {1.000}
E {  502} {w} {w} {8} {0} {}

R {  505} {0} {<acf>} {山坡} {山坡} {山坡一片青绿，看来并不高，也不太远。} {边城} {} {biancheng} {} {1.000}
E {  503} {sd} {sd} {36} {0} {}

R {  506} {0} {<acf>} {绸缎庄后房} {绸缎庄后房} {这里是陈大倌绸缎庄的后房，门口垂着半透明的珠帘，靠着左壁摆着三张木椅} {边城} {} {biancheng} {绸缎行的老板 陈大倌} {1.000}
E {  492} {s} {s} {4} {0} {}

R {  507} {0} {<acf>} {西街} {西街} {太阳照在街上，路面闪着金光。} {边城} {} {biancheng} {} {1.000}
E {  490} {e} {e} {2} {0} {}
E {  508} {s} {s} {4} {0} {}
E {  509} {n} {n} {1} {0} {}
E {  510} {w} {w} {8} {0} {}

R {  508} {0} {<acf>} {肉铺} {肉铺} {门口挂着个油腻的招牌，写着：“专卖牛羊猪三牲”。} {边城} {} {biancheng} {肉铺 胡掌柜} {1.000}
E {  507} {n} {n} {1} {0} {}

R {  509} {0} {<acf>} {小饭馆} {小饭馆} {虽然这是边远的一个小镇，可是倒有百几十户人家} {边城} {} {biancheng} {小饭馆 丁老四} {1.000}
E {  507} {s} {s} {4} {0} {}

R {  510} {0} {<acf>} {小镇中心} {小镇中心} {所有来往的客商都会聚集到这里，可奇怪的是这儿并不热闹，尤其是白天。} {边城} {} {biancheng} {天下九鼎  徒劳之鼎} {1.000}
E {  507} {e} {e} {2} {0} {}
E {  511} {s} {s} {4} {0} {}
E {  512} {n} {n} {1} {0} {}
E {  513} {w} {w} {8} {0} {}
E {  514} {sw} {sw} {12} {0} {}

R {  511} {0} {<acf>} {销金窟} {销金窟} {街上最窄的一扇门，这里的销金窟。} {边城} {} {biancheng} {} {1.000}
E {  510} {n} {n} {1} {0} {}
E {  516} {s} {s} {4} {0} {}

R {  512} {0} {<acf>} {相聚楼} {相聚楼} {这地方根本没有名字，但却是附近几百里之内最有名的地方。} {边城} {} {biancheng} {服装很华丽、修饰很整洁的中年人 萧别离} {1.000}
E {  510} {s} {s} {4} {0} {}
E {  515} {u} {u} {16} {0} {}

R {  513} {0} {<acf>} {西街} {西街} {再往西走，街道变得泥泞起来，楼房换成了破陋的木屋} {边城} {} {biancheng} {} {1.000}
E {  510} {e} {e} {2} {0} {}
E {  518} {n} {n} {1} {0} {}
E {  519} {nw} {nw} {9} {0} {}

R {  514} {0} {<acf>} {小巷} {小巷} {走出西街往南转，屋子就更简陋破烂，在这里住的不是牧羊人} {边城} {} {biancheng} {} {1.000}
E {  510} {ne} {ne} {3} {0} {}
E {  524} {s} {s} {4} {0} {}
E {  525} {w} {w} {8} {0} {}

R {  515} {0} {<acf>} {相聚楼二楼} {相聚楼二楼} {小楼四面都围着栏杆，建筑得就像是一个小小的亭阁。} {边城} {} {biancheng} {} {1.000}
E {  512} {d} {d} {32} {0} {}

R {  516} {0} {<acf>} {小院} {小院} {走进这扇门，便是翠浓的香闺。} {边城} {} {biancheng} {大眼睛的小姑娘} {1.000}
E {  511} {n} {n} {1} {0} {}
E {  517} {s} {enter} {4} {0} {}

R {  517} {0} {<acf>} {闺房} {闺房} {竹帘已卷起，一个淡扫蛾眉、不施脂粉的丽人，正手托着香腮，坐在窗口} {边城} {} {biancheng} {翠浓} {1.000}
E {  516} {n} {out} {1} {0} {}

R {  518} {0} {<acf>} {节妇坊} {节妇坊} {节妇坊是个很高的贞节牌坊，在阳光下看来，就像是白玉雕成的。} {边城} {} {biancheng} {神刀 郭威} {1.000}
E {  513} {s} {s} {4} {0} {}

R {  519} {0} {<acf>} {关帝庙} {关帝庙} {再往前面走不多远，就是间破落的关帝庙。} {边城} {} {biancheng} {} {1.000}
E {  513} {se} {se} {6} {0} {}
E {  520} {w} {w} {8} {0} {}

R {  520} {0} {<acf>} {坟场} {坟场} {天色阴森，风也更冷，远处高低起伏，关帝庙的后面竟是一片无边无际的荒坟。} {边城} {} {biancheng} {看坟老人} {1.000}
E {  519} {e} {e} {2} {0} {}

R {  521} {0} {<acf>} {南街} {南街} {小街的繁华很快就到了尽头，往远处看，南面是一条湍急的河流。} {边城} {} {biancheng} {} {1.000}
E {  486} {n} {n} {1} {0} {}
E {  523} {s} {s} {4} {0} {}
E {  532} {w} {w} {8} {0} {}

R {  522} {0} {<acf>} {棉花行} {棉花行} {俗话说，小镇生意八大行，指的就是盐行、茶行、药材行、什货行、油行、粮行、皮行和这个棉花行。} {边城} {} {biancheng} {棉花行老板 宋富贵} {1.000}
E {  486} {e} {e} {2} {0} {}

R {  523} {0} {<acf>} {南街尽头} {南街尽头} {小街的繁华很快就到了尽头，往南看，远远可见一条湍急的河流。} {边城} {} {biancheng} {} {1.000}
E {  521} {n} {n} {1} {0} {}
E {  533} {se} {se} {6} {0} {}

R {  524} {0} {<acf>} {小巷} {小巷} {小巷不算很窄，刮风的时候灰砂满天，下雨的时候泥泞满路} {边城} {} {biancheng} {地痞 胡歪瓜} {1.000}
E {  514} {n} {n} {1} {0} {}
E {  526} {s} {s} {4} {0} {}
E {  527} {w} {w} {8} {0} {}

R {  525} {0} {<acf>} {小木屋} {小木屋} {一张虽然已残旧、却是红木做的八仙桌，就摆在门对面。} {边城} {} {biancheng} {} {1.000}
E {  514} {e} {e} {2} {0} {}

R {  526} {0} {<acf>} {小巷} {小巷} {小巷不算很窄，刮风的时候灰砂满天，下雨的时候泥泞满路} {边城} {} {biancheng} {} {1.000}
E {  524} {n} {n} {1} {0} {}
E {  528} {s} {s} {4} {0} {}
E {  529} {w} {w} {8} {0} {}

R {  527} {0} {<acf>} {木屋} {木屋} {屋子盖得很低，几乎一伸手就可以摸到屋梁，墙上的粉亦已剥落} {边城} {} {biancheng} {说书的 伛偻老头} {1.000}
E {  524} {e} {e} {2} {0} {}

R {  528} {0} {<acf>} {小巷尽头} {小巷尽头} {小巷尽头是一排木板盖的屋子，仿佛已被风吹得摇晃起来。} {边城} {} {biancheng} {} {1.000}
E {  526} {n} {n} {1} {0} {}
E {  530} {w} {w} {8} {0} {}

R {  529} {0} {<acf>} {木屋} {木屋} {这是一幢三间连在一起的棚屋，它矮得几乎站着就已快触到屋檐。} {边城} {} {biancheng} {忧心忡忡 陶保义} {1.000}
E {  526} {e} {e} {2} {0} {}

R {  530} {0} {<acf>} {小木屋} {小木屋} {屋子虽然简陋，布置得却很舒服，很干净，炕上的被褥是刚换的。} {边城} {} {biancheng} {} {1.000}
E {  528} {e} {e} {2} {0} {}
E {  531} {s} {s} {4} {0} {}

R {  531} {0} {<acf>} {厨房} {厨房} {西面的厨房是一间刷白了的屋子。椽子上吊着几只熏火腿，窗台上摆着盆花} {边城} {} {biancheng} {白发苍苍的老太婆} {1.000}
E {  530} {n} {n} {1} {0} {}

R {  532} {0} {<acf>} {杂货铺} {杂货铺} {杂货铺的老板，是个很乐观的中年人，圆圆的脸，无论看到谁都是笑眯眯的。} {边城} {} {biancheng} {杂货铺老板 李马虎} {1.000}
E {  521} {e} {e} {2} {0} {}

R {  533} {0} {<acf>} {河滩} {河滩} {边城南面是一条湍急的小河，两岸的泥土为深褐色，当地人称之为赤土河} {边城} {} {biancheng} {洗衣少女} {1.000}
E {  523} {nw} {nw} {9} {0} {}

R {  534} {0} {<acf>} {林间} {林间} {树林并不浓密，白杨树宽大的叶子片片向上，几乎沒有斜生的} {藏北} {} {zangbei} {} {1.000}
E {  478} {n} {n} {1} {0} {}
E {  535} {s} {s} {4} {0} {}
E {  536} {e} {e} {2} {0} {}
E {  537} {w} {w} {8} {0} {}

R {  535} {0} {<acf>} {林间空地} {林间空地} {往前走仍然是无边无际的林子，并不浓密，偶尔可以见到伐木人留下的篝火} {藏北} {} {zangbei} {} {1.000}
E {  534} {n} {n} {1} {0} {}
E {  538} {s} {s} {4} {0} {}

R {  536} {0} {<acf>} {密林} {密林} {再往东南走，是一座高大茂密的森林，被秋天的有所等待的寂静笼罩着} {藏北} {} {zangbei} {} {1.000}
E {  534} {w} {w} {8} {0} {}
E {  555} {e} {e} {2} {0} {}
E {  556} {se} {se} {6} {0} {}

R {  537} {0} {<acf>} {林场} {林场} {走出白杨树林，眼前不禁一亮} {藏北} {} {zangbei} {大树根} {1.000}
E {  534} {e} {e} {2} {0} {}
E {  539} {su} {su} {20} {0} {}

R {  538} {0} {<acf>} {林间小屋} {林间小屋} {树林深处隐藏着一间小木屋，若不是有人指引，很难找到这里来。} {藏北} {} {zangbei} {铁手君子 易大经} {1.000}
E {  535} {n} {n} {1} {0} {}

R {  539} {0} {<acf>} {上山路} {上山路} {路随山转，景随山变，流水潺潺，林木葱葱。} {藏北} {} {zangbei} {} {1.000}
E {  537} {nd} {nd} {33} {0} {}
E {  540} {sw} {sw} {12} {0} {}

R {  540} {0} {<acf>} {上山路} {上山路} {路随山转，景随山变，这儿方圆一里内有近百泉眼，称为“药池沸泉”} {藏北} {} {zangbei} {} {1.000}
E {  539} {ne} {ne} {3} {0} {}
E {  541} {wd} {wd} {40} {0} {}
E {  542} {sw} {sw} {12} {0} {}

R {  541} {0} {<acf>} {小河畔} {小河畔} {微风中传来泉水流动的声音，你不知不觉得走过去，在流水旁坐下来。} {藏北} {} {zangbei} {小蝶} {1.000}
E {  540} {eu} {eu} {18} {0} {}

R {  542} {0} {<acf>} {镜湖} {镜湖} {镜湖，又叫木格措，方圆数里，走到这儿，湖光山色，仿佛置身于瑶池仙境。} {藏北} {} {zangbei} {} {1.000}
E {  540} {ne} {ne} {3} {0} {}
E {  543} {sw} {sw} {12} {0} {}

R {  543} {0} {<acf>} {东侧峰} {东侧峰} {东侧峰，当地人叫“夏诺多吉”，水晶石般的山峰傲然耸峙} {藏北} {} {zangbei} {} {1.000}
E {  542} {ne} {ne} {3} {0} {}
E {  544} {sd} {sd} {36} {0} {}
E {  545} {w} {w} {8} {0} {}

R {  544} {0} {<acf>} {快活林} {快活林} {三千里内再也找不出第二个如此美丽的庭园} {藏北} {} {zangbei} {} {1.000}
E {  543} {nu} {nu} {17} {0} {}
E {  557} {e} {e} {2} {0} {}

R {  545} {0} {<acf>} {大雪山} {大雪山} {大雪山的名字叫“念青贡嘎日松贡布”} {藏北} {} {zangbei} {} {1.000}
E {  543} {e} {e} {2} {0} {}
E {  546} {wd} {wd} {40} {0} {}
E {  547} {s} {s} {4} {0} {}
E {  548} {n} {n} {1} {0} {}

R {  546} {0} {<acf>} {地狱谷密林} {地狱谷密林} {念青贡嘎日松贡布就在眼前，但是你看不到，树枝像一把无边无际的伞} {藏北} {} {zangbei} {} {1.000}
E {  545} {eu} {eu} {18} {0} {}
E {  554} {w} {w} {8} {0} {}

R {  547} {0} {<acf>} {南侧峰} {南侧峰} {南侧峰名央迈勇，山峰陡峭，线条优美，像少女般娴静端庄，冰清玉洁。} {藏北} {} {zangbei} {} {1.000}
E {  545} {n} {n} {1} {0} {}
E {  553} {sd} {sd} {36} {0} {}

R {  548} {0} {<acf>} {北侧峰} {北侧峰} {北峰，当地人称之为“仙乃日”} {藏北} {} {zangbei} {} {1.000}
E {  545} {s} {s} {4} {0} {}
E {  549} {nw} {nw} {9} {0} {}

R {  549} {0} {<acf>} {山脚} {山脚} {蓝天下，仙乃日洁白的雪峰巍然耸立于茫茫林海上} {藏北} {} {zangbei} {} {1.000}
E {  548} {se} {se} {6} {0} {}
E {  550} {n} {n} {1} {0} {}

R {  550} {0} {<acf>} {冲古寺} {冲古寺} {冲古寺位于仙乃日雪峰脚下，隶属贡嘎郎吉岭寺} {藏北} {} {zangbei} {冲古寺的喇嘛} {1.000}
E {  549} {s} {s} {4} {0} {}
E {  551} {ne} {ne} {3} {0} {}
E {  552} {w} {w} {8} {0} {}

R {  551} {0} {<acf>} {舍利塔} {舍利塔} {传说，高僧却杰贡觉加错为终身供奉神山，宏扬佛法在此修建寺庙} {藏北} {} {zangbei} {} {1.000}
E {  550} {sw} {sw} {12} {0} {}

R {  552} {0} {<acf>} {天心阁} {天心阁} {天心楼不在天心，在湖心。冲古寺的西部有一湖，当地人称之为兴伊错} {藏北} {} {zangbei} {} {1.000}
E {  550} {e} {e} {2} {0} {}

R {  553} {0} {<acf>} {塔公寺} {塔公寺} {塔公寺结构奇特，古朴庄重，四周分别建有白、黄、红、绿四塔} {藏北} {} {zangbei} {塔公寺的喇嘛} {1.000}
E {  547} {nu} {nu} {17} {0} {}

R {  554} {0} {} {} { } {} {} {} {} {} {1.000}
E {  546} {e} {e} {2} {0} {}

R {  555} {0} {<fac>} {兽穴} {兽穴} {洞穴四壁上长满了青苔，偶尔从树叶间隙里透下的天光萎萎缩缩地不敢进入} {藏北} {} {zangbei} {野熊} {1.000}
E {  536} {w} {w} {8} {0} {}

R {  556} {0} {<acf>} {密林} {密林} {再往东南走，是一座高大茂密的森林，被秋天的有所等待的寂静笼罩着} {藏北} {} {zangbei} {} {1.000}
E {  536} {nw} {nw} {9} {0} {}

R {  557} {0} {<acf>} {小桥流水} {小桥流水} {乳白色的晨雾渐渐在山林间、泉水上升起又渐渐一缕缕随风飘靛飘散到远方。} {藏北} {} {zangbei} {鲁东 秦护花} {1.000}
E {  544} {w} {w} {8} {0} {}
E {  558} {s} {s} {4} {0} {}
E {  559} {e} {e} {2} {0} {}

R {  558} {0} {<acf>} {大树} {大树} {阳光已升起，林子，庭院，美丽如画。} {藏北} {} {zangbei} {快活林 叶翔} {1.000}
E {  557} {n} {n} {1} {0} {}

R {  559} {0} {<acf>} {快活林小屋} {快活林小屋} {银色的灯嵌在壁上，柔和的灯光照着桌上精致的瓷器} {藏北} {} {zangbei} {快活林 高老大} {1.000}
E {  557} {w} {w} {8} {0} {}

R {  560} {0} {<acf>} {荒原} {荒原} {干燥的土地，秋风卷起满天黄沙，在无边无际的荒原上咆哮而过。} {恶人谷} {} {eren} {} {1.000}
E {  418} {e} {e} {2} {0} {}
E {  561} {sw} {sw} {12} {0} {}
E {  562} {nw} {nw} {9} {0} {}

R {  561} {0} {<acf>} {白杨树林} {白杨树林} {无边无际的荒原上一排傲然地聳立，象哨兵似的樹木} {恶人谷} {} {eren} {} {1.000}
E {  560} {ne} {ne} {3} {0} {}
E {  563} {se} {se} {6} {0} {}
E {  564} {w} {w} {8} {0} {}

R {  562} {0} {<acf>} {荒原} {荒原} {秋风卷起满天黄沙，在无边无际的荒原上咆哮而过。} {恶人谷} {} {eren} {} {1.000}
E {  560} {se} {se} {6} {0} {}

R {  563} {0} {<acf>} {密林} {密林} {再往东南走，是一座高大茂密的森林，被秋天的有所等待的寂静笼罩着} {恶人谷} {} {eren} {} {1.000}
E {  561} {nw} {nw} {9} {0} {}

R {  564} {0} {<acf>} {林间} {林间} {树林并不浓密，白杨树寬大的葉子片片向上，幾乎沒有斜生的} {恶人谷} {} {eren} {} {1.000}
E {  561} {e} {e} {2} {0} {}

R {  565} {0} {<acf>} {银杏溪边} {银杏溪边} {溪流不宽，紧挨小溪生长着一棵巨大的银杏树} {华山} {} {huashan} {} {1.000}
E {  136} {w} {dash} {8} {0} {}
E {  566} {ne} {ne} {3} {0} {}

R {  566} {0} {<fac>} {幽谷} {幽谷} {此处直壁连云，罕见人烟，四周万簌俱寂，就连极轻微的虫鸟之声都鲜少听到。} {华山} {} {huashan} {崆峒剑神 厉鹗} {1.000}
E {  565} {sw} {sw} {12} {0} {}
