C 50000

CE <078>
CH <118>
CP <138>
CR <178>

F 27

I 4

L * # # # | # x          


R {    1} {0} {<acf>} {鸳鸯亭} {鸳鸯亭} {这里是专门替人缔结婚约和解除婚约的地方} {风云城} {marry_room.c} {fy} {媒婆} {1.000}
E {    2} {n} {n} {1} {0} {}

R {    2} {0} {<acf>} {广场东} {广场东} {这里是风云城中三教九流，龙蛇混集之所。} {风云城} {ecloud1.c} {fy} {卖菜的} {1.000}
E {    1} {s} {s} {4} {0} {}
E {    3} {n} {n} {1} {0} {}
E {    4} {w} {w} {8} {0} {}
E {    8} {e} {e} {2} {0} {}

R {    3} {0} {<acf>} {阴暗石巷} {阴暗石巷} {东云路往前几步，有一条阴暗的石巷，巷里散发着一种奇怪的霉腐味道。} {风云城} {stone1.c} {fy} {收破烂的} {1.000}
E {    2} {s} {s} {4} {0} {}
E {   13} {n} {n} {1} {0} {}

R {    4} {0} {<acf>} {风云天下} {风云天下} {风风雨雨，风云城的中心广场依旧鲜亮如新。} {风云城} {fysquare.c} {fy} {天机老人} {1.000}
E {    2} {e} {e} {2} {0} {}
E {    5} {n} {n} {1} {0} {}
E {    6} {w} {w} {8} {0} {}
E {    7} {s} {s} {4} {0} {}

R {    5} {0} {<acf>} {广场北} {广场北} {风街是风云城里最热闹的两条街道之一，连着广场的一头更是人来人往，络绎不绝。} {风云城} {nwind1.c} {fy} {青竹先生} {1.000}
E {   26} {e} {e} {2} {0} {}
E {   25} {n} {n} {1} {0} {}
E {   27} {w} {w} {8} {0} {}
E {    4} {s} {s} {4} {0} {}

R {    6} {0} {<acf>} {广场西} {广场西} {风云广场在东，长乐坊在西，这里是风云城中风骚文人丛聚之地。} {风云城} {wcloud1.c} {fy} {钦卫} {1.000}
E {    4} {e} {e} {2} {0} {}
E {   60} {s} {s} {4} {0} {}
E {   61} {n} {n} {1} {0} {}
E {   62} {w} {w} {8} {0} {}

R {    7} {0} {<acf>} {广场南} {广场南} {北面就是风云的中心广场。} {风云城} {swind1.c} {fy} {寒梅先生} {1.000}
E {    4} {n} {n} {1} {0} {}
E {   77} {s} {s} {4} {0} {}
E {   78} {e} {e} {2} {0} {}
E {   79} {w} {w} {8} {0} {}

R {    8} {0} {<acf>} {东云路} {东云路} {风云城中最杂最乱的地方。} {风云城} {ecloud2.c} {fy} {大胖子} {1.000}
E {    9} {e} {e} {2} {0} {}
E {   16} {n} {n} {1} {0} {}
E {    2} {w} {w} {8} {0} {}
E {   15} {s} {s} {4} {0} {}

R {    9} {0} {<acf>} {东云大路} {东云大路} {这儿全不似广场的热闹，偶尔有几家店铺也少有人光顾} {风云城} {ecloud3.c} {fy} {卖玩具的} {1.000}
E {   10} {e} {e} {2} {0} {}
E {   18} {n} {n} {1} {0} {}
E {    8} {w} {w} {8} {0} {}
E {   17} {s} {s} {4} {0} {}

R {   10} {0} {<acf>} {东云路东} {东云路东} {这里又是乱哄哄的，有弹棉花的嗡嗡声也有小贩的叫卖声。} {风云城} {ecloud4.c} {fy} {卖药的} {1.000}
E {   11} {e} {e} {2} {0} {}
E {   20} {n} {n} {1} {0} {}
E {    9} {w} {w} {8} {0} {}
E {   19} {s} {s} {4} {0} {}

R {   11} {0} {<acf>} {东门西} {东门西} {再往东就是东城门了，东门外是通向山里的一条路。} {风云城} {ecloud5.c} {fy} {} {1.000}
E {   12} {e} {e} {2} {0} {}
E {   21} {n} {n} {1} {0} {}
E {   10} {w} {w} {8} {0} {}

R {   12} {0} {<acf>} {风云东城门} {风云东城门} {风云东门高三丈，宽约二丈有余，尺许厚的城门上镶满了拳头般大小的柳钉。} {风云城} {egate.c} {fy} {风兵} {1.000}
E {   22} {e} {e} {2} {0} {}
E {   24} {u} {u} {16} {0} {}
E {   11} {w} {w} {8} {0} {}

R {   13} {0} {<acf>} {石巷尽头} {石巷尽头} {石巷不深，很快到了尽头，一堵高墙挡住去路。} {风云城} {stone2.c} {fy} {包打听} {1.000}
E {    3} {s} {s} {4} {0} {}
E {   14} {n} {n} {1} {0} {}

R {   14} {0} {<acf>} {堂屋} {堂屋} {走过窄们，前面是一件破旧的堂屋} {风云城} {sroom.c} {fy} {严人英} {1.000}
E {   13} {s} {s} {4} {0} {}

R {   15} {0} {<acf>} {祭剑亭} {祭剑亭} {祭剑是每个习武之人必做之事。} {风云城} {jijian.c} {fy} {樊夫人} {1.000}
E {    8} {n} {n} {1} {0} {}

R {   16} {0} {<acf>} {风云布铺} {风云布铺} {布铺里摆满了绫罗绸缎，这里专门订作，裁剪，改装各种鞋，帽，衫。} {风云城} {bupu.c} {fy} {老裁缝} {1.000}
E {    8} {s} {s} {4} {0} {}

R {   17} {0} {<acf>} {私塾学堂} {私塾学堂} {这里以前是一家洗衣店，是有钱人将衣服拿来浆洗的地方。} {风云城} {washroom.c} {fy} {私塾先生} {1.000}
E {    9} {n} {n} {1} {0} {}

R {   18} {0} {<acf>} {张家铁铺} {张家铁铺} {风云老少都喜欢在这里打造称手的铁器} {风云城} {smithy.c} {fy} {张铁匠} {1.000}
E {    9} {s} {s} {4} {0} {}

R {   19} {0} {<acf>} {洗礼池} {洗礼池} {风云城里的官兵经常出外征战，这里是他们回来接受洗礼} {风云城} {ponder.c} {fy} {} {1.000}
E {   10} {n} {n} {1} {0} {}

R {   20} {0} {<acf>} {棉花坊} {棉花坊} {每当天气渐冷，风云老少都会到这儿来将自己的冬衫} {风云城} {mianhua.c} {fy} {老板娘} {1.000}
E {   10} {s} {s} {4} {0} {}

R {   21} {0} {<acf>} {风云天骄门} {风云天骄门} {这是一座古老而神圣的大理石门，大约建于百年前。} {风云城} {hall.c} {fy} {} {1.000}
E {   23} {n} {n} {1} {0} {}
E {   11} {s} {s} {4} {0} {}

R {   22} {0} {<acf>} {赤峰路} {赤峰路} {路往东面的山峰和西面的山脚伸展。} {风云城郭} {palace_path1.c} {fycycle} {} {1.000}
E {   12} {w} {w} {8} {0} {}
E {  118} {s} {s} {4} {0} {}
E {  117} {nw} {nw} {9} {0} {}

R {   23} {0} {<acf>} {金水玉带河} {金水玉带河} {一条宛如玉带般的金水河} {风云城} {jinshuihe.c} {fy} {金殿武士} {1.000}
E {   21} {s} {s} {4} {0} {}

R {   24} {0} {<acf>} {东城门楼} {东城门楼} {门楼呈方形，往下望是川流不息的人群} {风云城墙} {eupgate.c} {fywall} {} {1.000}
E {   12} {d} {d} {32} {0} {}

R {   25} {0} {<acf>} {北风街} {北风街} {这里是风云广场的北边，再往北眺望可以看到远处高耸的城墙。} {风云城} {nwind2.c} {fy} {山西土匪} {1.000}
E {   29} {e} {e} {2} {0} {}
E {   28} {n} {n} {1} {0} {}
E {   30} {w} {w} {8} {0} {}
E {    5} {s} {s} {4} {0} {}

R {   26} {0} {<acf>} {风云阁} {风云阁} {风云阁的主人就是当年天下大名鼎鼎的小李飞刀。} {风云城} {fyge.c} {fy} {苏红儿} {1.000}
E {    5} {w} {w} {8} {0} {}
E {   31} {u} {u} {16} {0} {}

R {   27} {0} {<acf>} {警世书局} {警世书局} {这是风云城中唯一的书局，是城中卖书最多最快的地方。} {风云城} {jssju.c} {fy} {读千里} {1.000}
E {    5} {e} {e} {2} {0} {}
E {   59} {w} {w} {8} {0} {}

R {   28} {0} {<acf>} {北风大街} {北风大街} {大街的西首是供风云男人们泡澡和桑拿的浸龙堂，而东首则是当今武林第一美人天天要去，风云城里无人不晓的浣凰堂。} {风云城} {nwind3.c} {fy} {小胖子} {1.000}
E {   33} {e} {e} {2} {0} {}
E {   32} {n} {n} {1} {0} {}
E {   34} {w} {w} {8} {0} {}
E {   25} {s} {s} {4} {0} {}

R {   29} {0} {<acf>} {飘香花店} {飘香花店} {店中各种名花，玲琅满目，不乏珍奇异种。} {风云城} {pxhdian.c} {fy} {花满城} {1.000}
E {   25} {w} {w} {8} {0} {}

R {   30} {0} {<acf>} {倾城胭脂店} {倾城胭脂店} {这里陈列着各式各样的胭脂，有从京都运来的，也有本地产的。} {风云城} {qcyzdian.c} {fy} {芳儿} {1.000}
E {   25} {e} {e} {2} {0} {}

R {   31} {0} {<acf>} {风云雅阁} {风云雅阁} {这里专门招待江湖上万儿极响亮的人物。} {风云城} {fyyge.c} {fy} {铁传甲} {1.000}
E {   35} {e} {e} {2} {0} {}
E {   26} {d} {d} {32} {0} {}

R {   32} {0} {<acf>} {北风街北} {北风街北} {北城区是武林人物会聚的地方。} {风云城} {nwind4.c} {fy} {登徒子} {1.000}
E {   37} {e} {e} {2} {0} {}
E {   36} {n} {n} {1} {0} {}
E {   38} {w} {w} {8} {0} {}
E {   28} {s} {s} {4} {0} {}

R {   33} {0} {<acf>} {浣凰堂} {浣凰堂} {浣凰堂的门面比以前大多了，四面墙上风干的花环散发着醉人的香气。} {风云城} {hfeng.c} {fy} {小童} {1.000}
E {   39} {e} {e} {2} {0} {}
E {   28} {w} {w} {8} {0} {}

R {   34} {0} {<acf>} {浸龙堂} {浸龙堂} {地板是上好的檀香木，光滑而略带潮湿。} {风云城} {jlong.c} {fy} {小丫环} {1.000}
E {   28} {e} {e} {2} {0} {}
E {   40} {w} {w} {8} {0} {}

R {   35} {0} {<acf>} {风云书房} {风云书房} {这间书房是李探花偶而回来小憩时读书之处。} {风云城} {fysf.c} {fy} {雅芳} {1.000}
E {   31} {w} {w} {8} {0} {}

R {   36} {0} {<acf>} {北门南} {北门南} {风街在这里渐渐变窄，街道两旁的店铺群立而又参差不齐。} {风云城} {nwind5.c} {fy} {} {1.000}
E {   42} {e} {e} {2} {0} {}
E {   41} {n} {n} {1} {0} {}
E {   43} {w} {w} {8} {0} {}
E {   32} {s} {s} {4} {0} {}

R {   37} {0} {<acf>} {金狮镖局大院} {金狮镖局大院} {这里几十年来几乎没有什么变化，黑石铺地，大院右边零乱的放着一些大小不一的石锁，想必是镖局中的趟子手用来练臂力的。} {风云城} {goldlion.c} {fy} {镖师} {1.000}
E {   44} {e} {e} {2} {0} {}
E {   45} {n} {n} {1} {0} {}
E {   32} {w} {w} {8} {0} {}
E {   46} {s} {s} {4} {0} {}

R {   38} {0} {<acf>} {镇风兵器铺} {镇风兵器铺} {当今武林奇侠辈出，武林好汉空前众多，这里的生意也因此好得不得了。} {风云城} {stopwin.c} {fy} {诸葛小雷} {1.000}
E {   32} {e} {e} {2} {0} {}

R {   39} {0} {<acf>} {浣凰长廊} {浣凰长廊} {这里是给到这儿的小姐们更衣入浴的} {风云城} {hfenglang1.c} {fy} {} {1.000}
E {   47} {n} {n} {1} {0} {}
E {   33} {w} {w} {8} {0} {}

R {   40} {0} {<acf>} {浸龙走廊} {浸龙走廊} {穿过浸龙的月形拱门，前面是一人多高，只容两人并行的檀香木走廊，廊中的两侧陈列着一些奇花异草。} {风云城} {jlonglang1.c} {fy} {} {1.000}
E {   34} {e} {e} {2} {0} {}
E {   48} {n} {n} {1} {0} {}

R {   41} {0} {<acf>} {风云北城门} {风云北城门} {风云北门高三丈，宽约二丈有余，尺许厚的城门上镶满了拳头般大小的柳钉。} {风云城} {ngate.c} {fy} {风兵} {1.000}
E {   50} {u} {u} {16} {0} {}
E {   49} {n} {n} {1} {0} {}
E {   36} {s} {unwield all;s} {4} {0} {}

R {   42} {0} {<acf>} {城隍古庙} {城隍古庙} {这庙少说也有几百年的历史了。} {风云城} {hiretem.c} {fy} {天下九鼎} {1.000}
E {   36} {w} {w} {8} {0} {}

R {   43} {0} {<acf>} {薛记老号} {薛记老号} {这包子铺已经在这里几十年了} {风云城} {baozipu.c} {fy} {薛陀子} {1.000}
E {   36} {e} {e} {2} {0} {}

R {   44} {0} {<acf>} {金狮镖局大厅} {金狮镖局大厅} {木书案横于椅前，上面整齐的堆着一卷卷镖局押镖的货票。} {风云城} {ghall.c} {fy} {查猛} {1.000}
E {   51} {e} {e} {2} {0} {}
E {   52} {n} {n} {1} {0} {}
E {   37} {w} {w} {8} {0} {}

R {   45} {0} {<acf>} {镖局货仓} {镖局货仓} {金狮镖局声誉如日中天，从未失镖。顾主的货物在这里堆积如山。} {风云城} {gcang.c} {fy} {伙计} {1.000}
E {   37} {s} {s} {4} {0} {}

R {   46} {0} {<acf>} {镖局厨房} {镖局厨房} {金狮镖局对伙计们十分款待，不但每月有薪金，而且还包吃住。} {风云城} {gkitchen.c} {fy} {大厨} {1.000}
E {   37} {n} {n} {1} {0} {}

R {   47} {0} {<acf>} {浣凰长廊} {浣凰长廊} {这里是给到这儿的小姐们更衣入浴的} {风云城} {hfenglang2.c} {fy} {} {1.000}
E {   39} {s} {s} {4} {0} {}
E {   53} {e} {e} {2} {0} {}

R {   48} {0} {<acf>} {浸龙走廊} {浸龙走廊} {你几乎要扶着栏杆才不会滑倒。} {风云城} {jlonglang2.c} {fy} {} {1.000}
E {   40} {s} {s} {4} {0} {}
E {   54} {w} {w} {8} {0} {}

R {   49} {0} {<acf>} {风云城北} {风云城北} {这是风云城北的一个市集。} {风云城} {fynorth.c} {fycycle} {} {1.000}
E {   41} {s} {s} {4} {0} {}
E {  113} {w} {w} {8} {0} {}
E {  115} {e} {e} {2} {0} {}
E {  329} {n} {n} {1} {0} {}

R {   50} {0} {<acf>} {北城门楼} {北城门楼} {楼呈方形，往下望是川流不息的人群} {风云城墙} {nupgate.c} {fywall} {} {1.000}
E {   41} {d} {d} {32} {0} {}

R {   51} {0} {<acf>} {镖局内院} {镖局内院} {这里是镖局伙计们辛苦之余，休息放松的院子。} {风云城} {ginhall.c} {fy} {竹竿} {1.000}
E {   44} {w} {w} {8} {0} {}
E {   56} {s} {s} {4} {0} {}
E {   57} {n} {n} {1} {0} {}
E {   58} {e} {e} {2} {0} {}

R {   52} {0} {<acf>} {镖局账房} {镖局账房} {这里是金狮镖局出入镖银的账房，整间屋子是由坚硬的花岗石砌成的。} {风云城} {gmoney.c} {fy} {账房先生} {1.000}
E {   44} {s} {s} {4} {0} {}

R {   53} {0} {<acf>} {浣凰长廊} {浣凰长廊} {这里是给到这儿的小姐们更衣入浴的} {风云城} {hfenglang2.c} {fy} {金童} {1.000}
E {   47} {w} {w} {8} {0} {}

R {   54} {0} {<acf>} {浸龙走廊} {浸龙走廊} {你几乎要扶着栏杆才不会滑倒。} {风云城} {jlonglang3.c} {fy} {楚楚} {1.000}
E {   48} {e} {e} {2} {0} {}
E {   55} {w} {w} {8} {0} {}

R {   55} {0} {<acf>} {浸龙浴池} {浸龙浴池} {一入门，热气扑面，白白的水气立刻包围了你。} {风云城} {} {fy} {裸体男人} {1.000}
E {   54} {e} {e} {2} {0} {}

R {   56} {0} {<acf>} {镖局厢房} {镖局厢房} {房间里布置很简单，只有一张小床，一个小几，和几张方凳。} {风云城} {} {fy} {司马镖师} {1.000}
E {   51} {n} {n} {1} {0} {}

R {   57} {0} {<acf>} {镖局厢房} {镖局厢房} {房间里布置很简单，只有一张小床，一个小几，和几张方凳。} {风云城} {} {fy} {诸葛镖师} {1.000}
E {   51} {s} {s} {4} {0} {}

R {   58} {0} {<acf>} {镖局厢房} {镖局厢房} {房间里布置很简单，只有一张小床，一个小几，和几张方凳。} {风云城} {} {fy} {欧阳镖师} {1.000}
E {   51} {w} {w} {8} {0} {}

R {   59} {0} {<acf>} {警世书局} {警世书局} {这里是书局后院，很多雇工正在帮老板抄写书稿。} {风云城} {} {fy} {读万里} {1.000}
E {   27} {e} {e} {2} {0} {}

R {   60} {0} {<acf>} {考场} {考场} {风云城人才辈出，凡是有志于宦途的风云年青人都要在这里通过第一次考试。} {风云城} {} {fy} {王仁德} {1.000}
E {    6} {n} {n} {1} {0} {}

R {   61} {0} {} {探花诗台} {探花诗台} {风云中的老老少少大都有吟诗对词的雅好。} {风云城} {} {fy} {风骚雅人} {1.000}
E {    6} {s} {s} {4} {0} {}

R {   62} {0} {<acf>} {西云路} {西云路} {也许是快到风云广场的缘故，这里的气氛渐渐喧闹起来。} {风云城} {} {fy} {} {1.000}
E {    6} {e} {e} {2} {0} {}
E {   63} {s} {s} {4} {0} {}
E {   64} {n} {n} {1} {0} {}
E {   65} {w} {w} {8} {0} {}

R {   63} {0} {<acf>} {长乐坊} {长乐坊} {这里本是一品钦差殷大人在风云城的衙门所在} {风云城} {} {fy} {江湖骗子} {1.000}
E {   62} {n} {n} {1} {0} {}

R {   64} {0} {<acf>} {风云驿站} {风云驿站} {每天快马三匹，早午晚各传递书信三次。} {风云城} {} {fy} {王风} {1.000}
E {   62} {s} {s} {4} {0} {}

R {   65} {0} {<acf>} {西云大路} {西云大路} {宽宽的黄土路向东西方向伸展，路边的茅屋矮小而破旧} {风云城} {} {fy} {} {1.000}
E {   62} {e} {e} {2} {0} {}
E {   66} {s} {s} {4} {0} {}
E {   67} {n} {n} {1} {0} {}
E {   68} {w} {w} {8} {0} {}

R {   66} {0} {<acf>} {土嫖馆} {土嫖馆} {一间简陋的，用泥坯砌起来的低矮小房。} {风云城} {} {fy} {土娼} {1.000}
E {   65} {n} {n} {1} {0} {}

R {   67} {0} {<acf>} {红屋} {红屋} {这是西城区唯一比较像样的建筑，但颜色很怪，一种血色干凝的暗红色。} {风云城} {} {fy} {乙成仙} {1.000}
E {   65} {s} {s} {4} {0} {}

R {   68} {0} {<acf>} {西云路西} {西云路西} {宽宽的黄土路向东西方向伸展，路边的茅屋矮小而破旧} {风云城} {} {fy} {老乞丐} {1.000}
E {   65} {e} {e} {2} {0} {}
E {   69} {s} {s} {4} {0} {}
E {   70} {n} {n} {1} {0} {}
E {   71} {w} {w} {8} {0} {}

R {   69} {0} {<acf>} {安生棺材店} {安生棺材店} {店门口的招牌是几个已被雨淋日晒得变了颜色的花圈。} {风云城} {} {fy} {棺材店老板 胡英} {1.000}
E {   68} {n} {n} {1} {0} {}

R {   70} {0} {<acf>} {阿发木器店} {阿发木器店} {这里的老板是从南方过来的} {风云城} {} {fy} {小鲁班 阿发} {1.000}
E {   68} {s} {s} {4} {0} {}

R {   71} {0} {<acf>} {西门东} {西门东} {宽宽的黄土路向东西方向伸展，路边的茅屋矮小而破旧} {风云城} {} {fy} {} {1.000}
E {   68} {e} {e} {2} {0} {}
E {   72} {s} {s} {4} {0} {}
E {   73} {n} {n} {1} {0} {}
E {   74} {w} {w} {8} {0} {}

R {   72} {0} {<acf>} {醉生小馆} {醉生小馆} {这里卖最烈也是最劣的白酒。} {风云城} {} {fy} {驼背老汉} {1.000}
E {   71} {n} {n} {1} {0} {}

R {   73} {0} {<acf>} {屠记肉铺} {屠记肉铺} {脏稀稀的木板上放着几块颜色灰暗，不堪入目的生肉。} {风云城} {} {fy} {屠记肉铺 大胡子} {1.000}
E {   71} {s} {s} {4} {0} {}

R {   74} {0} {<acf>} {风云西城门} {风云西城门} {西城门阁矮小而破旧，守城卫兵斜戴着红樱帽，搂着长枪在打瞌睡。} {风云城} {} {fy} {云卒} {1.000}
E {   71} {e} {unwield all;e} {2} {0} {}
E {   75} {w} {w} {8} {0} {}
E {   76} {u} {u} {16} {0} {}

R {   75} {0} {<acf>} {风云西} {风云西} {这是风云城西的一个市集，一条布满车痕的官道向西方和东方伸展。} {风云城郭} {} {fycycle} {} {1.000}
E {   74} {e} {e} {2} {0} {}
E {  110} {n} {n} {1} {0} {}
E {  126} {s} {s} {4} {0} {}
E {  109} {w} {w} {8} {0} {}

R {   76} {0} {} {西城门楼} {西城门楼} {门楼呈方形，往下望是川流不息的人群} {风云城郭} {} {fywall} {} {1.000}
E {   74} {d} {d} {32} {0} {}

R {   77} {0} {<acf>} {南风街} {南风街} {街道就象水洗过那么的干净} {风云城} {} {fy} {游手好闲的 无聊少年} {1.000}
E {    7} {n} {n} {1} {0} {}
E {   80} {s} {s} {4} {0} {}
E {   81} {e} {e} {2} {0} {}
E {   82} {w} {w} {8} {0} {}

R {   78} {0} {<acf>} {凤求凰客栈} {凤求凰客栈} {前厅挂着一幅龙凤双飞的巨画。} {风云城} {} {fy} {店小二} {1.000}
E {    7} {w} {w} {8} {0} {}

R {   79} {0} {<acf>} {玉龙珠宝店} {玉龙珠宝店} {珠宝店的正中是条千年古玉雕成的祥龙，玉龙活灵活现，穿梭于祥云之中。} {风云城} {} {fy} {玉龙珠宝 商玉龙} {1.000}
E {    7} {e} {e} {2} {0} {}

R {   80} {0} {<acf>} {南风大街} {南风大街} {一个闪亮的银钩挂在大街西面一座巨宅的飞檐下} {风云城} {} {fy} {} {1.000}
E {   77} {n} {n} {1} {0} {}
E {   92} {s} {s} {4} {0} {}
E {   93} {e} {e} {2} {0} {}
E {   94} {w} {w} {8} {0} {}

R {   81} {0} {<acf>} {天主教堂} {天主教堂} {这里的建筑别具一格，房顶特别高，成拱形，上面还有个巨大的十字架。} {风云城} {} {fy} {教父} {1.000}
E {   77} {w} {w} {8} {0} {}
E {   83} {n} {n} {1} {0} {}
E {   84} {e} {e} {2} {0} {}

R {   82} {0} {<acf>} {金钱帮大院} {金钱帮大院} {大院里冷冷清清，静的出奇。} {风云城} {} {fy} {} {1.000}
E {   77} {e} {e} {2} {0} {}
E {   85} {w} {w} {8} {0} {}

R {   83} {0} {<acf>} {忏悔间} {忏悔间} {一间只容一个人的小房间。} {风云城} {} {fy} {泪流满面 忏悔徒} {1.000}
E {   81} {s} {s} {4} {0} {}

R {   84} {0} {<acf>} {教堂内室} {教堂内室} {这是教堂的内室，一些希望得到天主特别照顾的人会来到这里进行寻求主的帮助。} {风云城} {} {fy} {修女} {1.000}
E {   81} {w} {w} {8} {0} {}

R {   85} {0} {<acf>} {会客厅} {会客厅} {大厅布置简单，几张太师椅围着一张八仙桌。} {风云城} {} {fy} {} {1.000}
E {   82} {e} {e} {2} {0} {}
E {   86} {s} {s} {4} {0} {}
E {   87} {n} {n} {1} {0} {}

R {   86} {0} {<acf>} {黄衣室} {黄衣室} {黄衣警卫专门负责金钱帮总舵的安全。} {风云城} {} {fy} {黄衣卫统领} {1.000}
E {   85} {n} {n} {1} {0} {}
E {   91} {s} {s} {4} {0} {}

R {   87} {0} {<acf>} {黄衣室} {黄衣室} {黄衣警卫专门负责金钱帮总舵的安全。} {风云城} {} {fy} {黄衣卫统领} {1.000}
E {   85} {s} {s} {4} {0} {}
E {   88} {n} {n} {1} {0} {}
E {   89} {e} {e} {2} {0} {}
E {   90} {w} {w} {8} {0} {}

R {   88} {0} {<acf>} {化尸堂} {化尸堂} {金钱帮已经买通官府，官府对帮中的所作所为大都视而不见。} {风云城} {} {fy} {} {1.000}
E {   87} {s} {s} {4} {0} {}

R {   89} {0} {<acf>} {恩怨堂} {恩怨堂} {堂正中檀木香案，案上燃着几炷香，整间屋檀香袅袅。} {风云城} {} {fy} {} {1.000}
E {   87} {w} {w} {8} {0} {}

R {   90} {0} {<acf>} {赏罚堂} {赏罚堂} {金钱帮帮规严明} {风云城} {} {fy} {金钱帮赏罚堂堂主 吴青} {1.000}
E {   87} {e} {e} {2} {0} {}

R {   91} {0} {<acf>} {帮主堂} {帮主堂} {这么大的屋子，只有一个窗户，很小的窗户，离地很高。} {风云城} {} {fy} {金钱帮 第二代护法「左手剑」荆无命} {1.000}
E {   86} {n} {n} {1} {0} {}

R {   92} {0} {<acf>} {南风街南} {南风街南} {白天这里门可罗雀，但一到夜晚，就车水马龙，热闹得成了不夜之都。} {风云城} {} {fy} {} {1.000}
E {   80} {n} {n} {1} {0} {}
E {   97} {s} {s} {4} {0} {}
E {   98} {e} {e} {2} {0} {}
E {   99} {w} {w} {8} {0} {}

R {   93} {0} {<acf>} {一品居} {一品居} {卖的是各地的名茶} {风云城} {} {fy} {茶博士} {1.000}
E {   80} {w} {w} {8} {0} {}
E {   95} {u} {u} {16} {0} {}

R {   94} {0} {<acf>} {银钩赌坊} {银钩赌坊} {银钩赌坊布置豪华，充满了温暖和欢乐} {风云城} {} {fy} {大牛} {1.000}
E {   80} {e} {e} {2} {0} {}
E {   96} {w} {w} {8} {0} {}

R {   95} {0} {<acf>} {一品居二楼} {一品居二楼} {站在这里，打开小窗就可以看到对面银钩赌坊那在风中摇曳的闪亮银钩。} {风云城} {} {fy} {红孩儿 龙小云} {1.000}
E {   93} {d} {d} {32} {0} {}

R {   96} {0} {<acf>} {银钩赌坊大厅} {银钩赌坊大厅} {一眼看过去，这大厅里真是金碧辉煌，堂皇富丽，连烛台都是纯银的} {风云城} {} {fy} {银钩手 黄麻子} {1.000}
E {   94} {e} {e} {2} {0} {}
E {  100} {n} {n} {1} {0} {}

R {   97} {0} {<acf>} {南门北} {南门北} {到处都散发着安祥宁静的气氛。} {风云城} {} {fy} {} {1.000}
E {   92} {n} {n} {1} {0} {}
E {  103} {s} {s} {4} {0} {}
E {  104} {e} {e} {2} {0} {}
E {  105} {w} {w} {8} {0} {}

R {   98} {0} {<acf>} {千银当铺} {千银当铺} {此当铺是南风大街对面的千金楼所设。} {风云城} {} {fy} {当铺老板娘「风情万种」香菱} {1.000}
E {   92} {w} {w} {8} {0} {}

R {   99} {0} {<acf>} {千金楼外} {千金楼外} {此楼虽不在京都，但却是中原最有名的青楼。} {千金楼} {} {qianjin} {龟奴} {1.000}
E {   92} {e} {e} {2} {0} {}
E {  119} {w} {w} {8} {0} {}

R {  100} {0} {<acf>} {银钩赌坊偏厅} {银钩赌坊偏厅} {四面的墙壁粉刷的象雪洞一样，上面挂满了古今名家的字画。} {风云城} {} {fy} {银鹞子 方玉飞} {1.000}
E {   96} {s} {s} {4} {0} {}
E {  101} {w} {open picture;w} {8} {0} {}

R {  101} {0} {<acf>} {石级甬道} {石级甬道} {暗门后面十来级石阶，往下延伸成条甬道，甬道里燃着灯，灯火下又有一道门。} {风云城} {} {fy} {} {1.000}
E {  100} {e} {e} {2} {0} {}
E {  102} {n} {open door;n} {1} {0} {}

R {  102} {0} {<acf>} {秘室} {秘室} {屋子并不大，有一张床，一张桌子。} {风云城} {} {fy} {银钩赌坊大老板 蓝胡子} {1.000}
E {  101} {s} {s} {4} {0} {}

R {  103} {0} {<acf>} {风云南城门} {风云南城门} {风云南门高三丈，宽约二丈有余，尺许厚的城门上镶满了拳头般大小的柳钉。} {风云城} {} {fy} {风兵} {1.000}
E {   97} {n} {n} {1} {0} {}
E {  107} {s} {s} {4} {0} {}
E {  108} {u} {u} {16} {0} {}

R {  104} {0} {<acf>} {南宫钱庄} {南宫钱庄} {中原南宫世家，家财万贯，产业不可胜数。} {风云城} {} {fy} {钱庄大少 南宫十一郎} {1.000}
E {   97} {w} {w} {8} {0} {}

R {  105} {0} {<acf>} {普生堂} {普生堂} {普生堂本是一云游高僧路经风云城逗留时所设} {风云城} {} {fy} {赛华陀 普生} {1.000}
E {   97} {e} {e} {2} {0} {}
E {  106} {n} {n} {1} {0} {}

R {  106} {0} {<acf>} {养生舍} {养生舍} {养生舍四壁皆空，唯墙上书道：不有中有，不无中无。} {风云城} {} {fy} {活佛} {1.000}
E {  105} {s} {s} {4} {0} {}

R {  107} {0} {<acf>} {风云南} {风云南} {这是风云城南边的市集。} {风云城郭} {} {fycycle} {小贩} {1.000}
E {  103} {n} {n} {1} {0} {}
E {  122} {e} {e} {2} {0} {}
E {  124} {w} {w} {8} {0} {}

R {  108} {0} {} {南城门楼} {南城门楼} {门楼呈方形，往下望是川流不息的人群} {风云城墙} {} {fywall} {} {1.000}
E {  103} {d} {d} {32} {0} {}

R {  109} {0} {<acf>} {登封县城} {登封县城} {青石街道随着越来越接近山区变得坎坷起来，由于来来往往的游客极多} {嵩山} {} {songshan} {小担贩} {1.000}
E {   75} {e} {e} {2} {0} {}
E {  179} {se} {se} {6} {0} {}
E {  180} {w} {w} {8} {0} {}
E {  181} {sw} {sw} {12} {0} {}
E {  182} {nw} {nw} {9} {0} {}

R {  110} {0} {<acf>} {城西小路} {城西小路} {一条小路弯弯曲曲向北延伸。路的旁边是风云城的护城河，河的另外一边就是高大的风云城城墙了。} {风云城郭} {} {fycycle} {} {1.000}
E {   75} {s} {s} {4} {0} {}
E {  111} {ne} {ne} {3} {0} {}

R {  111} {0} {<acf>} {茶亭南} {茶亭南} {小路到此一弯。路的旁边是风云城的护城河，河的另外一边就是高大的风云城城墙了。} {风云城郭} {} {fycycle} {肥头大耳 瘦和尚} {1.000}
E {  110} {sw} {sw} {12} {0} {}
E {  112} {n} {n} {1} {0} {}
E {  113} {ne} {ne} {3} {0} {}

R {  112} {0} {<acf>} {茶亭} {茶亭} {这是一间简易的茶亭，专门供路人歇脚用。茶亭里摆着两张桌子，几只凳子。} {风云城郭} {} {fycycle} {小贩} {1.000}
E {  111} {s} {s} {4} {0} {}

R {  113} {0} {<acf>} {城北小路} {城北小路} {弯弯曲曲的小路向东西方向延伸。} {风云城郭} {} {fycycle} {} {1.000}
E {  111} {sw} {sw} {12} {0} {}
E {   49} {e} {e} {2} {0} {}

R {  114} {0} {<acf>} {无名小镇南} {无名小镇南} {小路到了这里忽然分为两条，一条沿护城河伸向东南，而靠北面的一条则通往一个无名的小镇。} {风云城郭} {} {fycycle} {} {1.000}
E {  115} {w} {w} {8} {0} {}
E {  116} {n} {n} {1} {0} {}
E {  117} {se} {se} {6} {0} {}

R {  115} {0} {<acf>} {城北小路} {城北小路} {弯弯曲曲的小路向东西方向延伸。} {风云城郭} {} {fycycle} {} {1.000}
E {   49} {w} {w} {8} {0} {}
E {  114} {e} {e} {2} {0} {}

R {  116} {0} {<acf>} {石板路} {石板路} {小县城中便只有一条石板路可供路人来往} {离别} {} {libie} {} {1.000}
E {  114} {s} {s} {4} {0} {}
E {  127} {e} {e} {2} {0} {}
E {  128} {se} {se} {6} {0} {}
E {  129} {w} {w} {8} {0} {}

R {  117} {0} {<acf>} {城东小道} {城东小道} {这是风云城东的一条小道，也是从无名小镇去往风云城的必经之路。} {风云城郭} {} {fycycle} {} {1.000}
E {  114} {nw} {nw} {9} {0} {}
E {   22} {se} {se} {6} {0} {}

R {  118} {0} {<acf>} {风云东} {风云东} {路的左右两边都是一望无际的庄稼地。} {风云城郭} {} {fycycle} {} {1.000}
E {   22} {n} {n} {1} {0} {}
E {  120} {w} {w} {8} {0} {}
E {  287} {s} {s} {4} {0} {}

R {  119} {0} {<acf>} {翠玉屏风} {翠玉屏风} {风上狂劲草书} {千金楼} {} {qianjin} {} {1.000}
E {   99} {e} {e} {2} {0} {}
E {  123} {w} {w} {8} {0} {}

R {  120} {0} {<acf>} {城南小路} {城南小路} {北边就是高大的风云城，向东是一条宽阔的马路，一直通向大海。} {风云城郭} {} {fycycle} {} {1.000}
E {  118} {e} {e} {2} {0} {}
E {  121} {sw} {sw} {12} {0} {}

R {  121} {0} {<acf>} {城南小路} {城南小路} {小径沿着风云城的护城河向北弯去。南边是一片古木参天的树林。} {风云城郭} {} {fycycle} {} {1.000}
E {  120} {ne} {ne} {3} {0} {}
E {  122} {sw} {sw} {12} {0} {}

R {  122} {0} {<acf>} {城南小路} {城南小路} {这里人迹稀少，好象很少有人光顾。向西北望，一座大城耸立云霄。} {风云城郭} {} {fycycle} {} {1.000}
E {  121} {ne} {ne} {3} {0} {}
E {  107} {w} {w} {8} {0} {}

R {  123} {0} {<acf>} {前花园} {前花园} {} {千金楼} {} {qianjin} {花匠} {1.000}
E {  119} {e} {e} {2} {0} {}
E {  139} {s} {s} {4} {0} {}
E {  140} {n} {n} {1} {0} {}
E {  141} {sw} {sw} {12} {0} {}

R {  124} {0} {<acf>} {城南小路} {城南小路} {北边就是高大的风云城，南边则是一望无涯的平原,平原上种有大片的庄稼。} {风云城郭} {} {fycycle} {} {1.000}
E {  107} {e} {e} {2} {0} {}
E {  125} {nw} {nw} {9} {0} {}

R {  125} {0} {<acf>} {城西小路} {城西小路} {一条小路弯弯曲曲向南延伸。路的旁边是风云城的护城河，河的另外一边就是高大的风云城城墙了。} {风云城郭} {} {fycycle} {} {1.000}
E {  124} {se} {se} {6} {0} {}
E {  126} {nw} {nw} {9} {0} {}

R {  126} {0} {<acf>} {城西小路} {城西小路} {一条小路弯弯曲曲向南延伸。路的旁边是风云城的护城河，河的另外一边就是高大的风云城城墙了。} {风云城郭} {} {fycycle} {} {1.000}
E {  125} {se} {se} {6} {0} {}
E {   75} {n} {n} {1} {0} {}

R {  127} {0} {<acf>} {石板路} {石板路} {小县城中便只有一条石板路可供路人来往} {离别} {} {libie} {} {1.000}
E {  116} {w} {w} {8} {0} {}
E {  138} {ne} {ne} {3} {0} {}

R {  128} {0} {<acf>} {老张记面摊} {老张记面摊} {老张头的面摊就在石板路拐角处，很小，但很干净，菜里绝不会有苍蝇。} {离别} {} {libie} {老张头} {1.000}
E {  116} {nw} {nw} {9} {0} {}

R {  129} {0} {<acf>} {石板路} {石板路} {小县城中便只有一条石板路可供路人来往} {离别} {} {libie} {} {1.000}
E {  116} {e} {e} {2} {0} {}
E {  130} {n} {n} {1} {0} {}
E {  131} {w} {w} {8} {0} {}

R {  130} {0} {<acf>} {小院} {小院} {这是一间萧索冷清的小院，一棵衰老的白杨树已经开始枯萎} {离别} {} {libie} {老于头} {1.000}
E {  129} {s} {s} {4} {0} {}
E {  136} {n} {n} {1} {0} {}
E {  137} {w} {w} {8} {0} {}

R {  131} {0} {<acf>} {石板路} {石板路} {这只是一个无名的小县城，城中没几户人家} {离别} {} {libie} {磨刀老人} {1.000}
E {  129} {e} {e} {2} {0} {}
E {  132} {n} {n} {1} {0} {}
E {  133} {s} {s} {4} {0} {}

R {  132} {0} {<acf>} {暗巷} {暗巷} {小巷又窄又暗，一阵阵又湿又冷的风似鬼魂般时有时无，你不禁打了个寒战。} {离别} {} {libie} {} {1.000}
E {  131} {s} {s} {4} {0} {}
E {  134} {n} {n} {1} {0} {}

R {  133} {0} {<acf>} {悦来客栈} {悦来客栈} {这算是小县城里最大的客栈了，房子也是新盖的} {离别} {} {libie} {客栈老板} {1.000}
E {  131} {n} {n} {1} {0} {}
E {  135} {u} {u} {16} {0} {}

R {  134} {0} {<acf>} {暗巷尽头} {暗巷尽头} {小巷又窄又暗，一阵阵又湿又冷的风似鬼魂般时有时无，你不禁打了个寒战。} {离别} {} {libie} {王小虎} {1.000}
E {  132} {s} {s} {4} {0} {}

R {  135} {0} {<acf>} {走廊} {走廊} {麒麟阁外面的一条走廊。} {离别} {} {libie} {狄府书童 小叶子} {1.000}
E {  133} {d} {d} {32} {0} {}

R {  136} {0} {<acf>} {内室} {内室} {这是老于头俩口住的小屋} {离别} {} {libie} {} {1.000}
E {  130} {s} {s} {4} {0} {}

R {  137} {0} {<acf>} {茅舍} {茅舍} {县城捕头杨铮在这租了间小屋} {离别} {} {libie} {棺材} {1.000}
E {  130} {e} {e} {2} {0} {}

R {  138} {0} {<acf>} {梅林竹溪} {梅林竹溪} {青梅子、黄竹马，赤脚溪里捉鱼虾，手拉手儿打滚滚。} {离别} {} {libie} {蓝山剑宗 第三代宗主「神眼神剑」蓝一尘} {1.000}
E {  127} {sw} {sw} {12} {0} {}

R {  139} {0} {<acf>} {前花园} {前花园} {千金楼著名之处在这里可略见一斑，四边花草甚多，但唯有牡丹最胜。} {千金楼} {} {qianjin} {} {1.000}
E {  123} {n} {n} {1} {0} {}

R {  140} {0} {<acf>} {前花园} {前花园} {千金楼著名之处在这里可略见一斑，四边花草甚多，但唯有牡丹最胜。} {千金楼} {} {qianjin} {} {1.000}
E {  123} {s} {s} {4} {0} {}

R {  141} {0} {<acf>} {花海竹桥} {花海竹桥} {竹桥上交缠蔷薇、木香、刺梅、金雀，桥下撒满凤仙、鸡冠、秋葵等种。} {千金楼} {} {qianjin} {雅公子} {1.000}
E {  123} {ne} {ne} {3} {0} {}
E {  142} {nw} {nw} {9} {0} {}

R {  142} {0} {<acf>} {花海竹桥} {花海竹桥} {竹桥上交缠蔷薇、木香、刺梅、金雀，桥下撒满凤仙、鸡冠、秋葵等种。} {千金楼} {} {qianjin} {} {1.000}
E {  141} {se} {se} {6} {0} {}
E {  143} {sw} {sw} {12} {0} {}

R {  143} {0} {<acf>} {花海竹桥} {花海竹桥} {竹桥上交缠蔷薇、木香、刺梅、金雀，桥下撒满凤仙、鸡冠、秋葵等种。} {千金楼} {} {qianjin} {丫环} {1.000}
E {  142} {ne} {ne} {3} {0} {}
E {  144} {w} {w} {8} {0} {}

R {  144} {0} {<acf>} {荷花荡} {荷花荡} {花园对面，正对一个大湖，俗名荷花荡。} {千金楼} {} {qianjin} {} {1.000}
E {  143} {e} {e} {2} {0} {}
E {  145} {n} {n} {1} {0} {}

R {  145} {0} {<acf>} {荷花荡} {荷花荡} {花园对面，正对一个大湖，俗名荷花荡。每至春时，红绿间发，宛似西湖胜景。} {千金楼} {} {qianjin} {大雁} {1.000}
E {  144} {s} {s} {4} {0} {}
E {  146} {n} {n} {1} {0} {}

R {  146} {0} {<acf>} {荷花荡} {荷花荡} {花园对面，正对一个大湖，俗名荷花荡。每至春时，红绿间发，宛似西湖胜景。} {千金楼} {} {qianjin} {采菱女} {1.000}
E {  145} {s} {s} {4} {0} {}
E {  147} {ne} {ne} {3} {0} {}
E {  148} {nw} {nw} {9} {0} {}

R {  147} {0} {<acf>} {荒园} {荒园} {转过荷花荡，景色倏然一变，雾色凄迷，寒鸦掠过，小路上荒草没径，荷塘里也落满了枯叶。} {千金楼} {} {qianjin} {} {1.000}
E {  146} {sw} {sw} {12} {0} {}

R {  148} {0} {<acf>} {荡上曲桥} {荡上曲桥} {荷花荡成葫芦状，在此一曲飞桥连接两岸。} {千金楼} {} {qianjin} {萤火虫} {1.000}
E {  146} {se} {se} {6} {0} {}
E {  149} {w} {w} {8} {0} {}

R {  149} {0} {<acf>} {荡上曲桥} {荡上曲桥} {荷花荡成葫芦状，在此一曲飞桥连接两岸。} {千金楼} {} {qianjin} {} {1.000}
E {  148} {e} {e} {2} {0} {}
E {  150} {w} {w} {8} {0} {}

R {  150} {0} {<acf>} {草堂} {草堂} {房虽草覆，却高爽宽敞，窗台明亮。堂中挂一幅无名小画，设一张白木卧榻。} {千金楼} {} {qianjin} {徐娘半老，风韵犹存 徐娘} {1.000}
E {  149} {e} {e} {2} {0} {}
E {  152} {n} {n} {1} {0} {}
E {  159} {w} {w} {8} {0} {}
E {  161} {s} {s} {4} {0} {}

R {  151} {0} {<acf>} {湖上花} {湖上花} {湖上花，天水浸灵芽。} {千金楼} {} {qianjin} {湖上八娇 湖上花} {1.000}
E {  158} {nw} {nw} {9} {0} {}
E {  153} {e} {e} {2} {0} {}

R {  152} {0} {<acf>} {湖上月} {湖上月} {湖上月，偏照列仙家。} {千金楼} {} {qianjin} {湖上八娇 湖上月} {1.000}
E {  150} {s} {s} {4} {0} {}
E {  154} {nw} {nw} {9} {0} {}

R {  153} {0} {<acf>} {湖上酒} {湖上酒} {湖上酒，终日助清欢。} {千金楼} {} {qianjin} {湖上八娇 湖上酒} {1.000}
E {  151} {w} {w} {8} {0} {}
E {  161} {ne} {ne} {3} {0} {}

R {  154} {0} {<acf>} {湖上柳} {湖上柳} {湖上柳，烟里不胜催。} {千金楼} {} {qianjin} {湖上八娇 湖上柳} {1.000}
E {  152} {se} {se} {6} {0} {}
E {  155} {w} {w} {8} {0} {}

R {  155} {0} {<acf>} {湖上雪} {湖上雪} {湖上雪，风急堕还多。} {千金楼} {} {qianjin} {湖上八娇 湖上雪} {1.000}
E {  154} {e} {e} {2} {0} {}
E {  156} {sw} {sw} {12} {0} {}

R {  156} {0} {<acf>} {湖上女} {湖上女} {湖上女，精选正轻盈。} {千金楼} {} {qianjin} {湖上八娇 湖上女} {1.000}
E {  155} {ne} {ne} {3} {0} {}
E {  157} {s} {s} {4} {0} {}

R {  157} {0} {<acf>} {荡上曲桥} {荡上曲桥} {荷花荡成葫芦状，在此一曲飞桥连接两岸。} {千金楼} {} {qianjin} {} {1.000}
E {  156} {n} {n} {1} {0} {}
E {  158} {s} {s} {4} {0} {}
E {  159} {e} {e} {2} {0} {}
E {  160} {w} {w} {8} {0} {}

R {  158} {0} {<acf>} {湖上草} {湖上草} {湖上草，碧翠浪通津。} {千金楼} {} {qianjin} {湖上八娇 湖上草} {1.000}
E {  157} {n} {n} {1} {0} {}
E {  151} {se} {se} {6} {0} {}

R {  159} {0} {<acf>} {荡上曲桥} {荡上曲桥} {荷花荡成葫芦状，在此一曲飞桥连接两岸。} {千金楼} {} {qianjin} {俏鸨母} {1.000}
E {  157} {w} {w} {8} {0} {}
E {  150} {e} {e} {2} {0} {}

R {  160} {0} {<acf>} {断桥踏板} {断桥踏板} {在你面前是一条巨大的双层木船。} {千金楼} {} {qianjin} {} {1.000}
E {  157} {e} {e} {2} {0} {}
E {  162} {w} {w} {8} {0} {}

R {  161} {0} {<acf>} {湖上水} {湖上水} {湖上水，流绕禁园中。} {千金楼} {} {qianjin} {湖上八娇 湖上水} {1.000}
E {  153} {sw} {sw} {12} {0} {}
E {  150} {n} {n} {1} {0} {}

R {  162} {0} {<acf>} {云雨舟甲板} {云雨舟甲板} {湖色淡绿，天色淡蓝。微波荡漾，风景宜人。一声声划拳行酒令，加杂着女人的娇笑，不时的从船舱中传出。} {千金楼} {} {qianjin} {} {1.000}
E {  160} {e} {e} {2} {0} {}
E {  163} {n} {n} {1} {0} {}

R {  163} {0} {<acf>} {云雨舟甲板} {云雨舟甲板} {湖色淡绿，天色淡蓝。微波荡漾，风景宜人。} {千金楼} {} {qianjin} {} {1.000}
E {  162} {s} {s} {4} {0} {}
E {  164} {n} {n} {1} {0} {}

R {  164} {0} {<acf>} {云雨舟甲板} {云雨舟甲板} {湖色淡绿，天色淡蓝。微波荡漾，风景宜人。} {千金楼} {} {qianjin} {水手} {1.000}
E {  163} {s} {s} {4} {0} {}
E {  165} {w} {w} {8} {0} {}

R {  165} {0} {<acf>} {云雨舟甲板} {云雨舟甲板} {湖色淡绿，天色淡蓝。微波荡漾，风景宜人。} {千金楼} {} {qianjin} {魔手追魂 邱独} {1.000}
E {  164} {e} {e} {2} {0} {}
E {  166} {s} {s} {4} {0} {}

R {  166} {0} {<acf>} {云雨舟大厅} {云雨舟大厅} {红木舱板被擦的纹理并现。墙壁四周挂满了当地名人的书词提画。} {千金楼} {} {qianjin} {纱衣朦胧 妙龄少女} {1.000}
E {  165} {n} {n} {1} {0} {}
E {  167} {e} {e} {2} {0} {}
E {  168} {w} {w} {8} {0} {}
E {  169} {su} {su} {20} {0} {}

R {  167} {0} {<acf>} {东偏厅} {东偏厅} {此厅无窗，尽以儿臂红烛照耀。厅中一张小木台，台上一壶酒，酒尚有余温。} {千金楼} {} {qianjin} {打更的} {1.000}
E {  166} {w} {w} {8} {0} {}

R {  168} {0} {<acf>} {西偏厅} {西偏厅} {厅中一大台，酒肴已设。佳肴异果，罗列满案。酒味醇美，其甘如饴。} {千金楼} {} {qianjin} {大胡子豪客} {1.000}
E {  166} {e} {e} {2} {0} {}
E {  170} {w} {w} {8} {0} {}

R {  169} {0} {<acf>} {镂金扶梯} {镂金扶梯} {扶梯宽一丈，大红金毯铺开，左右扶手镶金镂银，盘旋而上。} {千金楼} {} {qianjin} {} {1.000}
E {  166} {nd} {nd} {33} {0} {}
E {  176} {nu} {nu} {17} {0} {}

R {  170} {0} {<acf>} {走廊} {走廊} {每隔五步，左右各一门。门上似有记号，门后似有人声。} {千金楼} {} {qianjin} {} {1.000}
E {  168} {e} {e} {2} {0} {}
E {  171} {w} {w} {8} {0} {}

R {  171} {0} {<acf>} {走廊} {走廊} {每隔五步，左右各一门。门上似有记号，门后似有人声。} {千金楼} {} {qianjin} {青魔手 伊哭} {1.000}
E {  170} {e} {e} {2} {0} {}
E {  172} {w} {w} {8} {0} {}

R {  172} {0} {<acf>} {走廊} {走廊} {每隔五步，左右各一门。门上似有记号，门后似有人声。} {千金楼} {} {qianjin} {} {1.000}
E {  171} {e} {e} {2} {0} {}
E {  173} {s} {s} {4} {0} {}
E {  174} {w} {w} {8} {0} {}

R {  173} {0} {<acf>} {厢房} {厢房} {屋小幽雅，正中一张小几，几上有琴，琴上无弦。} {千金楼} {} {qianjin} {风云名妓 昭红} {1.000}
E {  172} {n} {n} {1} {0} {}

R {  174} {0} {<acf>} {走廊} {走廊} {每隔五步，左右各一门。门上似有记号，门后似有人声。} {千金楼} {} {qianjin} {} {1.000}
E {  172} {e} {e} {2} {0} {}
E {  175} {n} {n} {1} {0} {}

R {  175} {0} {<acf>} {厢房} {厢房} {此房小而整洁。墙上一小窗，窗外湖色尽收眼低。} {千金楼} {} {qianjin} {风云名妓 软红} {1.000}
E {  174} {s} {s} {4} {0} {}

R {  176} {0} {<acf>} {镂金扶梯} {镂金扶梯} {扶梯宽一丈，大红金毯铺开，左右扶手镶金镂银，盘旋而上。} {千金楼} {} {qianjin} {} {1.000}
E {  169} {sd} {sd} {36} {0} {}
E {  177} {su} {su} {20} {0} {}

R {  177} {0} {<acf>} {云雨舟二层} {云雨舟二层} {应入眼帘，首先是一幅占据了一面墙的春宫图，无疑为名家所著。} {千金楼} {} {qianjin} {狂嫖客} {1.000}
E {  176} {nd} {nd} {33} {0} {}
E {  178} {nu} {nu} {17} {0} {}

R {  178} {0} {<acf>} {不眠阁} {不眠阁} {此阁无顶。每当深夜，微风袭袭，繁星点点；一轮明月，悬于正央。} {千金楼} {} {qianjin} {武林第一美人 林仙儿} {1.000}
E {  177} {sd} {sd} {36} {0} {}

R {  179} {0} {<acf>} {丰号布铺} {丰号布铺} {登封县城中的小店，外表不很起眼，但一看就是待客如宾的地方。} {嵩山} {} {songshan} {辫子姑娘 孙小红} {1.000}
E {  109} {nw} {nw} {9} {0} {}

R {  180} {0} {<acf>} {废旧驿道} {废旧驿道} {这是条东西走向的废旧驿道，道上行人寥寥，时近深秋} {富贵山庄} {} {fugui} {} {1.000}
E {  109} {e} {e} {2} {0} {}
E {  217} {w} {w} {8} {0} {}

R {  181} {0} {<acf>} {孙记铁铺} {孙记铁铺} {一个门面乌黑的小店，一尺多高的门槛似乎已经被客人们蹋平了。} {嵩山} {} {songshan} {孙驼子} {1.000}
E {  109} {ne} {ne} {3} {0} {}

R {  182} {0} {<acf>} {启母石} {启母石} {出县城不远，便到启母石，相传夏启的母亲所化} {嵩山} {} {songshan} {丐帮 第六代师叔「神钩」白玉魔} {1.000}
E {  109} {se} {se} {6} {0} {}
E {  183} {ne} {ne} {3} {0} {}

R {  183} {0} {<acf>} {少室阙} {少室阙} {少室阙是嵩山现存三汉阙中的一块，雕刻细致，字体飘逸} {嵩山} {} {songshan} {} {1.000}
E {  182} {sw} {sw} {12} {0} {}
E {  184} {e} {e} {2} {0} {}
E {  185} {nw} {nw} {9} {0} {}

R {  184} {0} {<acf>} {嵩阳书院} {嵩阳书院} {在太室山南麓的“山水环抱之区，无地不染梵尘”之所} {嵩山} {} {songshan} {笔下生花 梦焕} {1.000}
E {  183} {w} {w} {8} {0} {}
E {  186} {e} {e} {2} {0} {}
E {  187} {ne} {ne} {3} {0} {}
E {  188} {se} {se} {6} {0} {}

R {  185} {0} {<acf>} {禅宗祖庭} {禅宗祖庭} {脚下石阶越来越陡，两边松涛盈耳，由此向上便是天下武学发源地禅宗祖庭--嵩山少林寺} {少林寺} {} {shaolin} {} {1.000}
E {  183} {se} {se} {6} {0} {}
E {  205} {nu} {nu} {17} {0} {}

R {  186} {0} {<acf>} {崇福宫} {崇福宫} {嵩山乃三教荟萃之地，崇福宫是处道观，道家清幽古朴与佛教的清静无为正是异根同理。} {嵩山} {} {songshan} {烧饭的道士} {1.000}
E {  184} {w} {w} {8} {0} {}
E {  189} {n} {n} {1} {0} {}

R {  187} {0} {<acf>} {嵩岳寺塔} {嵩岳寺塔} {在嵩山南麓，上来便可见这座高塔} {嵩山} {} {songshan} {阿毛} {1.000}
E {  184} {sw} {sw} {12} {0} {}
E {  191} {n} {n} {1} {0} {}
E {  192} {e} {e} {2} {0} {}

R {  188} {0} {<acf>} {中岳庙} {中岳庙} {庙宇依照山势起伏自北而南，由上而下铺陈营造，气势雄伟，景色壮观。} {嵩山} {} {songshan} {少林寺 第二十三代弟子 空寒} {1.000}
E {  184} {nw} {nw} {9} {0} {}
E {  200} {s} {s} {4} {0} {}
E {  201} {n} {n} {1} {0} {}
E {  202} {se} {se} {6} {0} {}

R {  189} {0} {<acf>} {老母洞} {老母洞} {从崇福宫到这，山路蜿蜒，到此两边山岩夹道} {嵩山} {} {songshan} {} {1.000}
E {  186} {s} {s} {4} {0} {}
E {  190} {nu} {nu} {17} {0} {}

R {  190} {0} {<acf>} {峻极峰} {峻极峰} {太室山滂礴如卧，“峻极于天”，有卧龙之称} {嵩山} {} {songshan} {平凡上人} {1.000}
E {  189} {sd} {sd} {36} {0} {}

R {  191} {0} {<acf>} {法王寺} {法王寺} {法王寺是最早的佛教寺院之一} {嵩山} {} {songshan} {} {1.000}
E {  187} {s} {s} {4} {0} {}

R {  192} {0} {<acf>} {会善寺} {会善寺} {会善寺左倚象鼻山，右靠卧龙岭，苍松翠柏，芳草如茵} {嵩山} {} {songshan} {雕像} {1.000}
E {  187} {w} {w} {8} {0} {}
E {  193} {sw} {sw} {12} {0} {}

R {  193} {0} {<acf>} {塔林} {塔林} {东接少林寺，是嵩山最灵秀之地，占地万余平方米} {嵩山} {} {songshan} {} {1.000}
E {  192} {ne} {ne} {3} {0} {}
E {  194} {s} {s} {4} {0} {}
E {  195} {e} {e} {2} {0} {}
E {  196} {nw} {nw} {9} {0} {}

R {  194} {0} {<acf>} {二祖庵} {二祖庵} {正如初祖庵是禅宗初祖达摩修行之地，二祖庵是后世佛徒最为尊崇向往的胜地} {嵩山} {} {songshan} {} {1.000}
E {  193} {n} {n} {1} {0} {}
E {  197} {sd} {sd} {36} {0} {}

R {  195} {0} {<acf>} {少林后山门} {少林后山门} {少林的后门，几个壮年僧人把守此处} {嵩山} {} {songshan} {少林寺 第十九代弟子「门僧」一幻} {1.000}
E {  193} {w} {w} {8} {0} {}

R {  196} {0} {<acf>} {达摩洞} {达摩洞} {蜿蜒的山间小路，伴随着路边摇曳的竹影，就到了五乳峰的达摩洞} {嵩山} {} {songshan} {少林寺 第二十代弟子「棍僧」守护僧} {1.000}
E {  193} {se} {se} {6} {0} {}
E {  199} {wu} {wu} {24} {0} {}

R {  197} {0} {<acf>} {莲花寺} {莲花寺} {莲花寺，寺如其名，北方山地之中，居然有如此多} {嵩山} {} {songshan} {野兔} {1.000}
E {  194} {nu} {nu} {17} {0} {}
E {  198} {sd} {sd} {36} {0} {}

R {  198} {0} {<acf>} {清凉寺} {清凉寺} {已接近山脚，独处一隅，数千株翠柏苍松密密的把寺庙围在当中，即便在夏日之中，依旧阴凉无比，故此寺名清凉。} {嵩山} {} {songshan} {} {1.000}
E {  197} {nu} {nu} {17} {0} {}

R {  199} {0} {<acf>} {五乳峰} {五乳峰} {过达摩洞，便可以到少室绝顶，这里是少室的西峰} {嵩山} {} {songshan} {恒河三佛 伯罗各答} {1.000}
E {  196} {ed} {ed} {34} {0} {}

R {  200} {0} {<acf>} {太室阙} {太室阙} {这座高近四米的石阙，是嵩山三座汉阙中保存最为完好} {嵩山} {} {songshan} {} {1.000}
E {  188} {n} {n} {1} {0} {}

R {  201} {0} {<acf>} {卢崖瀑布} {卢崖瀑布} {景色天成，大自然的妙手是任何能工巧匠难以企及的} {嵩山} {} {songshan} {双掌翻天 雀子鹤} {1.000}
E {  188} {s} {s} {4} {0} {}
E {  203} {n} {n} {1} {0} {}

R {  202} {0} {<acf>} {石淙会饮} {石淙会饮} {石淙河发源九龙潭，蜿蜒群山中} {嵩山} {} {songshan} {} {1.000}
E {  188} {nw} {nw} {9} {0} {}
E {  204} {su} {su} {20} {0} {}

R {  203} {0} {<acf>} {青童峰} {青童峰} {太室东的高峰，险峻却苍翠，下临卢崖瀑布} {嵩山} {} {songshan} {「前任帮主夫人」叶淑贞} {1.000}
E {  201} {s} {s} {4} {0} {}

R {  204} {0} {<acf>} {观星台} {观星台} {这里便是最早的天文台遗址，位于登封县南十五里处} {嵩山} {} {songshan} {} {1.000}
E {  202} {nd} {nd} {33} {0} {}

R {  205} {0} {<acf>} {山道} {山道} {青石阶到这一缓，抬头上望，已经可看见两座巨大的石坊} {少林寺} {} {shaolin} {} {1.000}
E {  185} {sd} {sd} {36} {0} {}
E {  206} {nu} {nu} {17} {0} {}

R {  206} {0} {<acf>} {山道} {山道} {到了少林门前，左右两座石坊，高大雄伟} {少林寺} {} {shaolin} {香客} {1.000}
E {  205} {sd} {sd} {36} {0} {}
E {  207} {ne} {ne} {3} {0} {}
E {  208} {nw} {nw} {9} {0} {}
E {  209} {nu} {nu} {17} {0} {}

R {  207} {0} {<acf>} {东石坊} {东石坊} {高大的石刻牌坊，似乎张开巨臂欢迎过往众生，题额“祖源谛本”} {少林寺} {} {shaolin} {少林寺 第二十三代弟子 空华} {1.000}
E {  206} {sw} {sw} {12} {0} {}

R {  208} {0} {<acf>} {西石坊} {西石坊} {始建明嘉靖年间，题额“大乘佛地”，对联为“心传古洞} {少林寺} {} {shaolin} {少林寺 第二十三代弟子 空林} {1.000}
E {  206} {se} {se} {6} {0} {}

R {  209} {0} {<acf>} {山门殿角} {山门殿角} {下接山道，上面便是少林正门，有细刻石狮一对，蹲在高大的须弥雕花座上。} {少林寺} {} {shaolin} {} {1.000}
E {  206} {sd} {sd} {36} {0} {}
E {  210} {eu} {eu} {18} {0} {}
E {  211} {wu} {wu} {24} {0} {}
E {  212} {w} {w} {8} {0} {}
E {  213} {u} {u} {16} {0} {}

R {  210} {0} {<acf>} {掖门} {掖门} {这是一座小门，平常都是关着的，和马道相连} {少林寺} {} {shaolin} {少林寺 第二十二代弟子 圆们} {1.000}
E {  209} {wd} {wd} {40} {0} {}
E {  214} {nw} {nw} {9} {0} {}

R {  211} {0} {<acf>} {掖门} {掖门} {这是一座小门，平常都是关着的，和马道相连} {少林寺} {} {shaolin} {少林寺 第二十二代弟子 圆普} {1.000}
E {  209} {ed} {ed} {34} {0} {}
E {  215} {ne} {ne} {3} {0} {}

R {  212} {0} {<acf>} {少阳桥} {少阳桥} {古人云“翠岭回幽谷，清溪锁少林”，清溪指的便是少室溪} {少林寺} {} {shaolin} {} {1.000}
E {  209} {e} {e} {2} {0} {}

R {  213} {0} {<acf>} {少林山门} {少林山门} {一座高大的单檐建筑，在高高的砖台上和两边掖门相呼应} {少林寺} {} {shaolin} {少林寺 第二十二代弟子 圆明} {1.000}
E {  209} {d} {d} {32} {0} {}
E {  216} {n} {n} {1} {0} {}

R {  214} {0} {} {} { } {} {} {} {} {} {1.000}
E {  210} {se} {se} {6} {0} {}

R {  215} {0} {} {} { } {} {} {} {} {} {1.000}
E {  211} {sw} {sw} {12} {0} {}

R {  216} {0} {} {} { } {} {} {} {} {} {1.000}
E {  213} {s} {s} {4} {0} {}

R {  217} {0} {<acf>} {废旧驿道} {废旧驿道} {这是条东西走向的废旧驿道，道上行人寥寥} {富贵山庄} {} {fugui} {} {1.000}
E {  180} {e} {e} {2} {0} {}
E {  218} {n} {n} {1} {0} {}
E {  219} {w} {w} {8} {0} {}

R {  218} {0} {<acf>} {废旧驿道} {废旧驿道} {这是条南北走向的废旧驿道，道上行人寥寥} {富贵山庄} {} {fugui} {} {1.000}
E {  217} {s} {s} {4} {0} {}
E {  220} {n} {n} {1} {0} {}

R {  219} {0} {<acf>} {废旧驿道} {废旧驿道} {这是条东西走向的废旧驿道，道上行人寥寥} {富贵山庄} {} {fugui} {} {1.000}
E {  217} {e} {e} {2} {0} {}

R {  220} {0} {<acf>} {废旧驿道} {废旧驿道} {这是条南北走向的废旧驿道，道上行人寥寥} {富贵山庄} {} {fugui} {} {1.000}
E {  218} {s} {s} {4} {0} {}
E {  221} {n} {n} {1} {0} {}

R {  221} {0} {<acf>} {废旧驿道} {废旧驿道} {这是条南北走向的废旧驿道，道上行人寥寥} {富贵山庄} {} {fugui} {} {1.000}
E {  220} {s} {s} {4} {0} {}
E {  222} {n} {n} {1} {0} {}

R {  222} {0} {<acf>} {废旧驿道} {废旧驿道} {这是条南北走向的废旧驿道，道上行人寥寥} {富贵山庄} {} {fugui} {} {1.000}
E {  221} {s} {s} {4} {0} {}
E {  223} {n} {n} {1} {0} {}

R {  223} {0} {<acf>} {废旧驿道} {废旧驿道} {驿道越走越窄，几个转弯，竟转到一条大路上来，而一路的风光也陡然一变} {富贵山庄} {} {fugui} {} {1.000}
E {  222} {s} {s} {4} {0} {}
E {  224} {ne} {ne} {3} {0} {}

R {  224} {0} {<acf>} {青石路} {青石路} {这是条宽阔的青石大道，两旁尽是些不知名的树木，沿途冈峦回绕} {富贵山庄} {} {fugui} {农夫} {1.000}
E {  223} {sw} {sw} {12} {0} {}
E {  225} {n} {n} {1} {0} {}

R {  225} {0} {<acf>} {青石路} {青石路} {这是条宽阔的青石大道，两旁尽是些不知名的树木，沿途冈峦回绕} {富贵山庄} {} {fugui} {} {1.000}
E {  224} {s} {s} {4} {0} {}
E {  226} {e} {e} {2} {0} {}

R {  226} {0} {<acf>} {青石路} {青石路} {这是条宽阔的青石大道，两旁尽是些不知名的树木，沿途冈峦回绕} {富贵山庄} {} {fugui} {} {1.000}
E {  225} {w} {w} {8} {0} {}
E {  227} {n} {n} {1} {0} {}

R {  227} {0} {<acf>} {青石路} {青石路} {这里是一条青石小路，四周地势开阔，放眼望去尽是绿的田，翠的草和清清的小河。} {富贵山庄} {} {fugui} {} {1.000}
E {  226} {s} {s} {4} {0} {}
E {  228} {n} {n} {1} {0} {}

R {  228} {0} {<acf>} {青石小街} {青石小街} {这里便是吉祥镇了，是座很宁静的小镇，街道略嫌窄了些，而且有点陡斜。} {富贵山庄} {} {fugui} {巧手无双 姬灵燕} {1.000}
E {  227} {s} {s} {4} {0} {}
E {  229} {n} {n} {1} {0} {}
E {  230} {e} {e} {2} {0} {}
E {  231} {w} {w} {8} {0} {}

R {  229} {0} {<acf>} {青石小街} {青石小街} {这是座很宁静的小镇，街道略嫌窄了些，而且有点陡斜。} {富贵山庄} {} {fugui} {} {1.000}
E {  228} {s} {s} {4} {0} {}
E {  239} {n} {n} {1} {0} {}
E {  240} {e} {e} {2} {0} {}
E {  241} {w} {w} {8} {0} {}

R {  230} {0} {<acf>} {青石巷} {青石巷} {这是条青条石砌成的小巷，比起吉祥镇的小街宽敞了不少，倒也还算平整} {富贵山庄} {} {fugui} {这是棵高大的楠木树，枝叶茂盛，似乎都伸进了金大帅府。} {1.000}
E {  228} {w} {w} {8} {0} {}
E {  232} {ne} {ne} {3} {0} {}

R {  231} {0} {<acf>} {吉祥钱庄} {吉祥钱庄} {虽然说现在中原各省的钱庄基本被南宫家族所垄断，但在吉祥镇上，人们还是对自家镇上这间开了百余年的老字号的吉祥钱庄青眼有加} {富贵山庄} {} {fugui} {} {1.000}
E {  228} {e} {e} {2} {0} {}

R {  232} {0} {<acf>} {青石巷} {青石巷} {这是条青条石砌成的小巷，比起吉祥镇的小街宽敞了不少，倒也还算平整} {富贵山庄} {} {fugui} {} {1.000}
E {  230} {sw} {sw} {12} {0} {}
E {  233} {se} {se} {6} {0} {}

R {  233} {0} {<acf>} {青石巷} {青石巷} {这是条青条石砌成的小巷，比起吉祥镇的小街宽敞了不少，倒也还算平整} {富贵山庄} {} {fugui} {} {1.000}
E {  232} {nw} {nw} {9} {0} {}
E {  234} {s} {s} {4} {0} {}

R {  234} {0} {<acf>} {青石巷} {青石巷} {这是条青条石砌成的小巷，比起吉祥镇的小街宽敞了不少，倒也还算平整} {富贵山庄} {} {fugui} {} {1.000}
E {  233} {n} {n} {1} {0} {}
E {  235} {s} {s} {4} {0} {}

R {  235} {0} {<acf>} {金府大门} {金府大门} {一走进巷子就会首先看到金府大门上的门环，原来这竟是用黄金铸成的} {富贵山庄} {} {fugui} {金府门房} {1.000}
E {  234} {n} {n} {1} {0} {}
E {  236} {se} {se} {6} {0} {}
E {  237} {sw} {sw} {12} {0} {}

R {  236} {0} {<acf>} {桃林} {桃林} {这里是金大帅每日练功歇息的一片桃林，四处落英缤纷，你仿佛置身于仙境} {富贵山庄} {} {fugui} {金大帅} {1.000}
E {  235} {nw} {nw} {9} {0} {}
E {  238} {sw} {sw} {12} {0} {}

R {  237} {0} {<acf>} {金风玉露园} {金风玉露园} {若你以为金大帅象他的名字那么俗气，那就大错特错了} {富贵山庄} {} {fugui} {金府侍卫 金风} {1.000}
E {  235} {ne} {ne} {3} {0} {}
E {  238} {se} {se} {6} {0} {}

R {  238} {0} {<acf>} {金府内宅} {金府内宅} {这是间金府的厢房，门窗常年闭着，光线很昏暗。} {富贵山庄} {} {fugui} {金府家丁 金一} {1.000}
E {  237} {nw} {nw} {9} {0} {}
E {  236} {ne} {ne} {3} {0} {}

R {  239} {0} {<acf>} {青石小街} {青石小街} {这是座很宁静的小镇，街道略嫌窄了些，而且有点陡斜。} {富贵山庄} {} {fugui} {} {1.000}
E {  229} {s} {s} {4} {0} {}
E {  243} {n} {n} {1} {0} {}
E {  244} {e} {e} {2} {0} {}
E {  245} {w} {w} {8} {0} {}

R {  240} {0} {<acf>} {利源当铺} {利源当铺} {这屋子便是远近闻名的利源当铺，也和城里别的人家一样，建筑得朴实简陋} {富贵山庄} {} {fugui} {当铺老板 活剥皮} {1.000}
E {  229} {w} {w} {8} {0} {}

R {  241} {0} {<acf>} {麦老广烧腊店} {麦老广烧腊店} {这里便是麦老广的烧腊店，虽然四处都是积年未去的油垢烟渍。} {富贵山庄} {} {fugui} {「烤鸭王」麦老广} {1.000}
E {  229} {e} {e} {2} {0} {}
E {  242} {w} {get yaopai from qiankun dai;show yaopai;put yaopai in qiankun dai;w} {8} {0} {}

R {  242} {0} {} {} { } {} {} {} {} {} {1.000}
E {  241} {e} {e} {2} {0} {}

R {  243} {0} {<acf>} {青石小街} {青石小街} {这是座很宁静的小镇，街道略嫌窄了些，而且有点陡斜。} {富贵山庄} {} {fugui} {} {1.000}
E {  239} {s} {s} {4} {0} {}
E {  246} {n} {n} {1} {0} {}
E {  247} {e} {e} {2} {0} {}
E {  248} {w} {w} {8} {0} {}

R {  244} {0} {<acf>} {奎元馆} {奎元馆} {吉祥镇向来流传着这么句歌谣“麦老广的烧鸭，奎元馆的老酒”。} {富贵山庄} {} {fugui} {奎元馆伙计} {1.000}
E {  239} {w} {w} {8} {0} {}

R {  245} {0} {<acf>} {杂货铺} {杂货铺} {这是一家小小的杂货铺，四周大箱小箱堆满了一地，都是一些日常用品。} {富贵山庄} {} {fugui} {「一阵风」韩掌柜} {1.000}
E {  239} {e} {e} {2} {0} {}

R {  246} {0} {<acf>} {山道口} {山道口} {此处再往上走，便是当初可谓名震一时的“富贵山庄”了} {富贵山庄} {} {fugui} {金狮子} {1.000}
E {  243} {s} {s} {4} {0} {}
E {  249} {w} {w} {8} {0} {}
E {  250} {nu} {get yaopai from qiankun dai;nu} {17} {0} {}

R {  247} {0} {<acf>} {民居} {民居} {这是一家泥砌的房屋，家徒四壁，屋角的米缸是空的，连厨房内的水缸也是空的。} {富贵山庄} {} {fugui} {落魄老者} {1.000}
E {  243} {w} {w} {8} {0} {}

R {  248} {0} {<acf>} {如意客栈} {如意客栈} {这里便是镇上最大的一家客栈了，叫做“如意客栈”，取的是吉祥如意的彩头} {富贵山庄} {} {fugui} {如意客栈老板} {1.000}
E {  243} {e} {e} {2} {0} {}

R {  249} {0} {<acf>} {山间小路} {山间小路} {这是条不知通往何处的山间小路} {富贵山庄} {} {fugui} {} {1.000}
E {  246} {e} {e} {2} {0} {}
E {  251} {nw} {nw} {9} {0} {}

R {  250} {0} {<acf>} {白玉山路} {白玉山路} {这是一条通往富贵山庄的崎岖山道。} {富贵山庄} {} {fugui} {} {1.000}
E {  246} {sd} {sd} {36} {0} {}
E {  257} {wu} {wu} {24} {0} {}

R {  251} {0} {<acf>} {山间小路} {山间小路} {这是条不知通往何处的山间小路} {富贵山庄} {} {fugui} {} {1.000}
E {  249} {se} {se} {6} {0} {}
E {  252} {nw} {nw} {9} {0} {}

R {  252} {0} {<acf>} {山间小路} {山间小路} {这是条不知通往何处的山间小路} {富贵山庄} {} {fugui} {吉祥镇第一美人 小桃红} {1.000}
E {  251} {se} {se} {6} {0} {}
E {  254} {sw} {sw} {12} {0} {}

R {  253} {0} {<acf>} {山间小路} {山间小路} {这是条不知通往何处的山间小路} {富贵山庄} {} {fugui} {} {1.000}
E {  254} {se} {se} {6} {0} {}
E {  255} {sw} {sw} {12} {0} {}

R {  254} {0} {<acf>} {山间小路} {山间小路} {这是条不知通往何处的山间小路} {富贵山庄} {} {fugui} {} {1.000}
E {  252} {ne} {ne} {3} {0} {}
E {  253} {nw} {nw} {9} {0} {}

R {  255} {0} {<acf>} {山间小路} {山间小路} {这是条不知通往何处的山间小路} {富贵山庄} {} {fugui} {} {1.000}
E {  253} {ne} {ne} {3} {0} {}
E {  256} {nw} {nw} {9} {0} {}

R {  256} {0} {<acf>} {破菩萨庙} {破菩萨庙} {这是间破菩萨庙，年久失修，已破败不堪，山门腐朽，神像毁破，半边斜倒，到处可见蛛网灰尘。} {富贵山庄} {} {fugui} {富贵山庄 第七代大侠 郭大路} {1.000}
E {  255} {se} {se} {6} {0} {}

R {  257} {0} {<acf>} {白玉山路} {白玉山路} {这是一条通往富贵山庄的崎岖山道。} {富贵山庄} {} {fugui} {} {1.000}
E {  250} {ed} {ed} {34} {0} {}
E {  258} {nu} {nu} {17} {0} {}

R {  258} {0} {<acf>} {白玉山路} {白玉山路} {这是一条通往富贵山庄的崎岖山道。} {富贵山庄} {} {fugui} {} {1.000}
E {  257} {sd} {sd} {36} {0} {}
E {  259} {nu} {nu} {17} {0} {}

R {  259} {0} {<acf>} {山道} {山道} {这是一条通往富贵山庄的崎岖山道。} {富贵山庄} {} {fugui} {} {1.000}
E {  258} {sd} {sd} {36} {0} {}
E {  260} {wu} {wu} {24} {0} {}

R {  260} {0} {<acf>} {山道} {山道} {你走在去富贵山庄的山道上，下可望见吉祥镇那袅袅炊烟} {富贵山庄} {} {fugui} {红蚂蚁} {1.000}
E {  259} {ed} {ed} {34} {0} {}
E {  261} {nu} {nu} {17} {0} {}

R {  261} {0} {<acf>} {山道} {山道} {你走在去富贵山庄的山道上，下可望见吉祥镇那袅袅炊烟} {富贵山庄} {} {fugui} {白蚂蚁} {1.000}
E {  260} {sd} {sd} {36} {0} {}
E {  262} {ne} {ne} {3} {0} {}

R {  262} {0} {<acf>} {山道} {山道} {你走在去富贵山庄的山道上，下可望见吉祥镇那袅袅炊烟} {富贵山庄} {} {fugui} {银蚂蚁} {1.000}
E {  261} {sw} {sw} {12} {0} {}
E {  263} {nu} {nu} {17} {0} {}

R {  263} {0} {<acf>} {山道} {山道} {到了此处，山势渐渐平坦些许，已可大致看到不远的富贵山庄} {富贵山庄} {} {fugui} {金蚂蚁} {1.000}
E {  262} {sd} {sd} {36} {0} {}
E {  264} {nu} {nu} {17} {0} {}

R {  264} {0} {<acf>} {富贵山庄大门} {富贵山庄大门} {路到尽头，便是闻名天下的『富贵山庄』的大门。} {富贵山庄} {} {fugui} {} {1.000}
E {  263} {sd} {sd} {36} {0} {}
E {  265} {n} {enter} {1} {0} {}

R {  265} {0} {<acf>} {碎石小路} {碎石小路} {这是一条通往大厅的碎石小路，路上生满了青苔，一不当心就会跌倒} {富贵山庄} {} {fugui} {} {1.000}
E {  264} {s} {out} {4} {0} {}
E {  266} {n} {n} {1} {0} {}

R {  266} {0} {<acf>} {富贵如意厅} {富贵如意厅} {这是富贵山庄的正厅“富贵如意厅”，房子很大，建筑也很堂皇} {富贵山庄} {} {fugui} {富贵山庄 第七代庄主「一飞冲天 鹰中王」王动} {1.000}
E {  265} {s} {s} {4} {0} {}
E {  267} {n} {n} {1} {0} {}
E {  268} {e} {e} {2} {0} {}
E {  269} {w} {w} {8} {0} {}

R {  267} {0} {<acf>} {碎石小路} {碎石小路} {这条碎石小路往北就是富贵山庄的后院了，南面是富贵如意厅} {富贵山庄} {} {fugui} {} {1.000}
E {  266} {s} {s} {4} {0} {}
E {  275} {ne} {ne} {3} {0} {}
E {  276} {nw} {nw} {9} {0} {}

R {  268} {0} {<acf>} {碎石小路} {碎石小路} {这条碎石小路东边是一个梨园，西首便是富贵如意厅} {富贵山庄} {} {fugui} {} {1.000}
E {  266} {w} {w} {8} {0} {}
E {  274} {e} {e} {2} {0} {}

R {  269} {0} {<acf>} {碎石小路} {碎石小路} {这条碎石小路往西便是“有竹无肉轩”了，东侧是富贵如意厅。} {富贵山庄} {} {fugui} {} {1.000}
E {  266} {e} {e} {2} {0} {}
E {  270} {w} {w} {8} {0} {}

R {  270} {0} {<acf>} {有竹无肉轩} {有竹无肉轩} {这里便是“有竹无肉轩”，也和其他种满了竹子的院子一样，原先本叫『听竹轩』。} {富贵山庄} {} {fugui} {} {1.000}
E {  269} {e} {e} {2} {0} {}
E {  271} {n} {n} {1} {0} {}
E {  272} {s} {s} {4} {0} {}
E {  273} {w} {w} {8} {0} {}

R {  271} {0} {<acf>} {翠竹园} {翠竹园} {“有竹无肉轩”四周就是翠竹园，这里种满了竹} {富贵山庄} {} {fugui} {翠竹枪} {1.000}
E {  270} {s} {s} {4} {0} {}

R {  272} {0} {<acf>} {翠竹园} {翠竹园} {“有竹无肉轩”四周就是翠竹园，这里种满了竹} {富贵山庄} {} {fugui} {} {1.000}
E {  270} {n} {n} {1} {0} {}

R {  273} {0} {<acf>} {翠竹园} {翠竹园} {“有竹无肉轩”四周就是翠竹园，这里种满了竹} {富贵山庄} {} {fugui} {何雅风} {1.000}
E {  270} {e} {e} {2} {0} {}

R {  274} {0} {<acf>} {梨园} {梨园} {这里便是富贵山庄的“圣地”梨园} {富贵山庄} {} {fugui} {香梨} {1.000}
E {  268} {w} {w} {8} {0} {}

R {  275} {0} {<acf>} {芳草坪} {芳草坪} {这里是一块芳草坪，绿草茵茵，蝴蝶漫舞，花香扑鼻，让人感到十分惬意。} {富贵山庄} {} {fugui} {「虎头虎脑」小金刚} {1.000}
E {  267} {sw} {sw} {12} {0} {}
E {  278} {w} {w} {8} {0} {}
E {  280} {n} {n} {1} {0} {}

R {  276} {0} {<acf>} {芳草坪} {芳草坪} {这里是一块芳草坪，绿草茵茵，蝴蝶漫舞，花香扑鼻，让人感到十分惬意。} {富贵山庄} {} {fugui} {「虎背熊腰」飞豹子} {1.000}
E {  267} {se} {se} {6} {0} {}
E {  277} {n} {n} {1} {0} {}
E {  278} {e} {e} {2} {0} {}
E {  279} {w} {w} {8} {0} {}

R {  277} {0} {<acf>} {卧室} {卧室} {这里是郭大路和林太平的卧室。} {富贵山庄} {} {fugui} {富贵山庄 第七代副庄主 燕七} {1.000}
E {  276} {s} {s} {4} {0} {}
E {  285} {e} {e} {2} {0} {}

R {  278} {0} {<acf>} {芳草坪} {芳草坪} {这里是一块芳草坪，绿草茵茵，蝴蝶漫舞，花香扑鼻，让人感到十分惬意。} {富贵山庄} {} {fugui} {「娇小可爱」小玲珑(Girl)} {1.000}
E {  276} {w} {w} {8} {0} {}
E {  275} {e} {e} {2} {0} {}

R {  279} {0} {<acf>} {松林} {松林} {这里是富贵山庄后园一片密密的松木林，四周一片寂静。} {富贵山庄} {} {fugui} {} {1.000}
E {  276} {e} {e} {2} {0} {}
E {  281} {nw} {nw} {9} {0} {}

R {  280} {0} {<acf>} {燕子坞} {燕子坞} {这里是燕七的卧室。平常燕七倒算是豪爽，但一回到这里，便古古怪怪的} {富贵山庄} {} {fugui} {} {1.000}
E {  275} {s} {s} {4} {0} {}
E {  285} {w} {w} {8} {0} {}

R {  281} {0} {<acf>} {松林} {松林} {这里是富贵山庄后园一片密密的松木林，四周一片寂静。} {富贵山庄} {} {fugui} {} {1.000}
E {  279} {se} {se} {6} {0} {}
E {  282} {n} {n} {1} {0} {}

R {  282} {0} {<acf>} {松林尽头} {松林尽头} {终于走到了松林尽头，你不禁长长舒了口气，可是愈往前走，四周草木渐稀} {富贵山庄} {} {fugui} {白骨} {1.000}
E {  281} {s} {s} {4} {0} {}
E {  283} {n} {n} {1} {0} {}

R {  283} {0} {<acf>} {山路} {山路} {这是条崎岖的山路，路旁杂草不生，生迹罕见，恶石狰狞} {富贵山庄} {} {fugui} {} {1.000}
E {  282} {s} {s} {4} {0} {}
E {  284} {ne} {ne} {3} {0} {}

R {  284} {0} {<acf>} {洞口} {洞口} {路至尽头，便是神秘山洞的洞口，刺鼻的腥气愈发令人窒息} {富贵山庄} {} {fugui} {} {1.000}
E {  283} {sw} {sw} {12} {0} {}

R {  285} {0} {<acf>} {白梅园} {白梅园} {这里便是白梅园了，平常燕七就最喜欢到这里走走} {富贵山庄} {} {fugui} {} {1.000}
E {  277} {w} {w} {8} {0} {}
E {  280} {e} {e} {2} {0} {}
E {  286} {n} {n} {1} {0} {}

R {  286} {0} {<acf>} {柴房} {柴房} {富贵山庄的柴房好像并不是堆柴的，而是关人的。} {富贵山庄} {} {fugui} {酸梅汤} {1.000}
E {  285} {s} {s} {4} {0} {}

R {  287} {0} {<acf>} {泥土路} {泥土路} {路的左右两边都是一望无际的庄稼地。顺此路再往前走，就是武当山。} {武当山} {} {wudang} {} {1.000}
E {  118} {n} {n} {1} {0} {}
E {  288} {s} {s} {4} {0} {}

R {  288} {0} {<acf>} {泥土路} {泥土路} {路的左右两边都是一望无际的庄稼地。} {武当山} {} {wudang} {无知小童 魏包包} {1.000}
E {  287} {n} {n} {1} {0} {}
E {  289} {s} {s} {4} {0} {}

R {  289} {0} {<acf>} {小镇} {小镇} {这里是武当山下唯一的一个小镇。} {武当山} {} {wudang} {无知小童 陶宝宝} {1.000}
E {  288} {n} {n} {1} {0} {}
E {  290} {s} {s} {4} {0} {}
E {  291} {e} {e} {2} {0} {}

R {  290} {0} {<acf>} {街道} {街道} {用青石板铺成的道路，打扫得干乾净净。} {武当山} {} {wudang} {无知小童 陶宝宝} {1.000}
E {  289} {n} {n} {1} {0} {}
E {  294} {s} {s} {4} {0} {}
E {  295} {e} {e} {2} {0} {}
E {  296} {w} {w} {8} {0} {}

R {  291} {0} {<acf>} {桃林} {桃林} {这是一片茂密的桃树林，林中芳草鲜美，落英缤纷} {武当山} {} {wudang} {树上结满的鲜美的大桃子。} {1.000}
E {  289} {w} {w} {8} {0} {}
E {  292} {e} {e} {2} {0} {}

R {  292} {0} {<acf>} {桃林} {桃林} {这是一片茂密的桃树林，林中芳草鲜美，落英缤纷，一层淡淡的薄雾} {武当山} {} {wudang} {} {1.000}
E {  291} {w} {w} {8} {0} {}
E {  293} {e} {e} {2} {0} {}

R {  293} {0} {<acf>} {桃林} {桃林} {这是一片茂密的桃树林，林中芳草鲜美，落英缤纷，一层淡淡的薄雾} {武当山} {} {wudang} {麻雀} {1.000}
E {  292} {w} {w} {8} {0} {}

R {  294} {0} {<acf>} {街道} {街道} {用青石板铺成的道路，打扫得干乾净净。} {武当山} {} {wudang} {老者} {1.000}
E {  290} {n} {n} {1} {0} {}
E {  297} {s} {s} {4} {0} {}
E {  298} {e} {e} {2} {0} {}
E {  299} {w} {w} {8} {0} {}

R {  295} {0} {<acf>} {董剑清家} {董剑清家} {青瓦红砖的围墙前，种著几株松树。} {武当山} {} {wudang} {} {1.000}
E {  290} {w} {w} {8} {0} {}

R {  296} {0} {<acf>} {杏花村酒家} {杏花村酒家} {远山前，流水旁是间杏花村酒家} {武当山} {} {wudang} {老板娘 红杏花} {1.000}
E {  290} {e} {e} {2} {0} {}

R {  297} {0} {<acf>} {街道} {街道} {用青石板铺成的道路，打扫得干乾净净。} {武当山} {} {wudang} {} {1.000}
E {  294} {n} {n} {1} {0} {}
E {  301} {s} {s} {4} {0} {}
E {  302} {e} {e} {2} {0} {}
E {  303} {se} {se} {6} {0} {}
E {  304} {w} {w} {8} {0} {}

R {  298} {0} {<acf>} {农家} {农家} {红砖砌成的房子，屋内左边靠墙是一张大炕，可容一家人休息。} {武当山} {} {wudang} {一张木制的桌子。} {1.000}
E {  294} {w} {w} {8} {0} {}
E {  300} {e} {e} {2} {0} {}

R {  299} {0} {<acf>} {农具店} {农具店} {小小的一个农具店，屋里摆著各式各样的农具。} {武当山} {} {wudang} {驼背老人} {1.000}
E {  294} {e} {e} {2} {0} {}

R {  300} {0} {<acf>} {厨房} {厨房} {穿过一扇挂著蓝布帘的小门，是一间小得不能再小的厨房。} {武当山} {} {wudang} {老妇人} {1.000}
E {  298} {w} {w} {8} {0} {}

R {  301} {0} {<acf>} {泥土路} {泥土路} {路的左右两边都是一望无际的庄稼地。} {武当山} {} {wudang} {} {1.000}
E {  297} {n} {n} {1} {0} {}
E {  307} {s} {s} {4} {0} {}

R {  302} {0} {<acf>} {杂货店} {杂货店} {普普通通的一间杂货店。} {武当山} {} {wudang} {武当派 第五十八代弟子 彭长净} {1.000}
E {  297} {w} {w} {8} {0} {}

R {  303} {0} {<acf>} {街道} {街道} {用青石板铺成的道路，打扫得干乾净净。} {武当山} {} {wudang} {} {1.000}
E {  297} {nw} {nw} {9} {0} {}
E {  305} {e} {e} {2} {0} {}
E {  306} {se} {se} {6} {0} {}

R {  304} {0} {<acf>} {农家} {农家} {房门虚掩著，屋内空无一人。} {武当山} {} {wudang} {一堵白墙。} {1.000}
E {  297} {e} {e} {2} {0} {}

R {  305} {0} {<acf>} {老山东馒头店} {老山东馒头店} {山脚下是家“老山东馒头店”，这馒头店的资格已很老，外面的招牌，里面的桌椅都已被烟熏得发黑了。} {武当山} {} {wudang} {馒头店老板 老山东} {1.000}
E {  303} {w} {w} {8} {0} {}

R {  306} {0} {} {} { } {} {} {} {} {} {1.000}
E {  303} {nw} {nw} {9} {0} {}

R {  307} {0} {<acf>} {武当山门} {武当山门} {一座巍巍的山门，上面书写着“武当山”几个苍劲的大字。} {武当山} {} {wudang} {} {1.000}
E {  301} {n} {n} {1} {0} {}
E {  308} {su} {su} {20} {0} {}

R {  308} {0} {<acf>} {上山路} {上山路} {弯弯曲曲的泥土路，却很平坦。} {武当山} {} {wudang} {} {1.000}
E {  307} {nd} {nd} {33} {0} {}
E {  309} {e} {e} {2} {0} {}
E {  311} {su} {su} {20} {0} {}

R {  309} {0} {<acf>} {松林} {松林} {茂密的松林，不时能见到几只松鼠在树上跳来跳去。} {武当山} {} {wudang} {} {1.000}
E {  308} {w} {w} {8} {0} {}

R {  310} {0} {<acf>} {解剑石} {解剑石} {小路左边是一个红柱黄顶的小亭子，可供游人休息。} {武当山} {} {wudang} {武当派 第五十八代弟子 许廉龙} {1.000}
E {  311} {nd} {nd} {33} {0} {}
E {  312} {su} {su} {20} {0} {}

R {  311} {0} {<acf>} {玄武门} {玄武门} {你拾阶而上，缓缓上行。不刻已来到玄岳门。} {武当山} {} {wudang} {} {1.000}
E {  308} {nd} {nd} {33} {0} {}
E {  310} {su} {su} {20} {0} {}

R {  312} {0} {<acf>} {上山路} {上山路} {弯弯曲曲的泥土路，却很平坦。} {武当山} {} {wudang} {} {1.000}
E {  310} {nd} {nd} {33} {0} {}
E {  313} {su} {su} {20} {0} {}

R {  313} {0} {<acf>} {武当观} {武当观} {红色的围墙，黄色的大门。门上挂著一块金匾，上书“武当观”三个龙飞凤舞的大字。} {武当山} {} {wudang} {武当派 第五十八代弟子 知客道人} {1.000}
E {  312} {nd} {nd} {33} {0} {}
E {  314} {s} {enter} {4} {0} {}

R {  314} {0} {<acf>} {武当前院} {武当前院} {大院中种著几株参天松树，更显得武当派的历史悠久。} {武当山} {} {wudang} {} {1.000}
E {  313} {n} {out} {1} {0} {}
E {  315} {e} {e} {2} {0} {}
E {  316} {ne} {ne} {3} {0} {}
E {  317} {w} {w} {8} {0} {}

R {  315} {0} {<acf>} {紫霄宫} {紫霄宫} {殿顶由四根八丈高的红柱撑著，地板则是由白玉石铺成。} {武当山} {} {wudang} {武当派 第五十七代掌门人「五行真人」石雁} {1.000}
E {  314} {w} {w} {8} {0} {}

R {  316} {0} {<acf>} {青石小路} {青石小路} {小路由青色的鹅卵石铺成。} {武当山} {} {wudang} {} {1.000}
E {  314} {sw} {sw} {12} {0} {}
E {  318} {s} {s} {4} {0} {}
E {  319} {e} {e} {2} {0} {}

R {  317} {0} {<acf>} {凌虚岩} {凌虚岩} {凌虚岩清丽幽深，与世隔绝。相传唐代陈抟曾隐居于此。} {武当山} {} {wudang} {武当派 第五十八代剑童 铁剑} {1.000}
E {  314} {e} {e} {2} {0} {}

R {  318} {0} {<acf>} {滴水檐} {滴水檐} {庭院深沉，浓荫如盖。} {武当山} {} {wudang} {} {1.000}
E {  316} {n} {n} {1} {0} {}
E {  320} {s} {s} {4} {0} {}

R {  319} {0} {<acf>} {拱形门} {拱形门} {一个小小的拱形门，青石小路在这里穿门而过。} {武当山} {} {wudang} {武当派 第五十八代弟子 宋长清} {1.000}
E {  316} {w} {w} {8} {0} {}

R {  320} {0} {<acf>} {琼台观} {琼台观} {琼台观又分为琼台上观、中观和下观。} {武当山} {} {wudang} {武当派 第五十八代弟子 谢长勤} {1.000}
E {  318} {n} {n} {1} {0} {}
E {  321} {s} {s} {4} {0} {}

R {  321} {0} {<acf>} {九曲黄河墙} {九曲黄河墙} {两条夹墙随山势起伏，迥转曲折。} {武当山} {} {wudang} {} {1.000}
E {  320} {n} {n} {1} {0} {}
E {  322} {su} {su} {20} {0} {}

R {  322} {0} {<acf>} {三松亭} {三松亭} {武当多有悬松，根植峭壁，身悬空中，虬枝伸展，刚毅挺拔，启人联想。} {武当山} {} {wudang} {} {1.000}
E {  321} {nd} {nd} {33} {0} {}
E {  323} {e} {e} {2} {0} {}
E {  324} {su} {su} {20} {0} {}

R {  323} {0} {<acf>} {剑泉} {剑泉} {苍松青叶之间，一条清泉从上山涓涓流淌下来，长年不断。} {武当山} {} {wudang} {铁杵} {1.000}
E {  322} {w} {w} {8} {0} {}

R {  324} {0} {<acf>} {一里四道门} {一里四道门} {不足一华里路程上，建有四座高大山门，一门一景，景致各异，可谓“不尽幽奇次第逢”。} {武当山} {} {wudang} {重剑} {1.000}
E {  322} {nd} {nd} {33} {0} {}
E {  325} {su} {su} {20} {0} {}

R {  325} {0} {<acf>} {金殿} {金殿} {你一路分花拂柳，走着走着。眼前豁然开朗。} {武当山} {} {wudang} {} {1.000}
E {  324} {nd} {nd} {33} {0} {}
E {  326} {su} {su} {20} {0} {}

R {  326} {0} {<acf>} {过了金殿阁，就已来到武当最高峰} {过了金殿阁，就已来到武当最高峰} {过了金殿阁，就已来到武当最高峰--天柱峰。} {武当山} {} {wudang} {「伊贺忍侠」天枫十四郎} {1.000}
E {  325} {nd} {nd} {33} {0} {}
E {  327} {wd} {wd} {40} {0} {}
E {  328} {ed} {ed} {34} {0} {}

R {  327} {0} {<acf>} {隐仙岩} {隐仙岩} {走到这里，已是武当山腰。在这里仰望浮云，俯视流水。} {武当山} {} {wudang} {} {1.000}
E {  326} {eu} {eu} {18} {0} {}

R {  328} {0} {<acf>} {飞升崖} {飞升崖} {飞升崖一峰突起，三面绝壁，山脊上有一条小路直达峰巅，跃顶眺望。} {武当山} {} {wudang} {剑下一点红 中原一点红} {1.000}
E {  326} {wu} {wu} {24} {0} {}

R {  329} {0} {<acf>} {南北大道} {南北大道} {这是风云城的一条主要大道。它上穿白山黑水，直达松花江。下接风云京都，再通江南海口。} {拉哈苏} {} {laowu} {关东大汉} {1.000}
E {   49} {s} {south} {4} {0} {}
E {  330} {n} {north} {1} {0} {}

R {  330} {0} {<acf>} {南北大道} {南北大道} {这是风云城的一条主要大道。它上穿白山黑水，直达松花江。} {拉哈苏} {} {laowu} {} {1.000}
E {  329} {s} {south} {4} {0} {}
