C 50000

CE <078>
CH <118>
CP <138>
CR <178>

F 27

I 9

L * # # # | # x          


R {    1} {0} {<acf>} {危崖前} {危崖前} {小路到此突然中断，一道危崖档住你的去路。崖上藤条缠绕，显的颇为古怪。} {大旗谷} {} {tieflag} {宾奴} {1.000}
E {    2} {w} {west} {8} {0} {}

R {    2} {0} {<acf>} {山隙中} {山隙中} {这是山壁间一条一尺多宽的山隙，被附生在壁上的蔓草藤萝遮掩} {大旗谷} {} {tieflag} {} {1.000}
E {    1} {e} {e} {2} {0} {}
E {    3} {wd} {wd} {40} {0} {}

R {    3} {0} {<acf>} {山隙中} {山隙中} {这里阴森黝暗，伸手不见五指，又极潮湿，仅容一人通过。} {大旗谷} {} {tieflag} {} {1.000}
E {    2} {eu} {eu} {18} {0} {}
E {    4} {w} {w} {8} {0} {}

R {    4} {0} {<acf>} {洞口} {洞口} {走出山洞，你的眼前豁然开朗。} {大旗谷} {} {tieflag} {} {1.000}
E {    3} {e} {e} {2} {0} {}
E {    5} {w} {w} {8} {0} {}

R {    5} {0} {<acf>} {山谷口} {山谷口} {一片辽阔的山谷，四山合抱，苍峰滴翠，一道清溪横流过} {大旗谷} {} {tieflag} {} {1.000}
E {    4} {e} {e} {2} {0} {}
E {    6} {n} {n} {1} {0} {}

R {    6} {0} {<acf>} {谷中} {谷中} {溪流蜿蜒如带，朱栏横跨水上，几只乳燕在花林中飞旋来去。} {大旗谷} {} {tieflag} {红衣少女} {1.000}
E {    5} {s} {s} {4} {0} {}
E {    7} {w} {w} {8} {0} {}

R {    7} {0} {<acf>} {桥上} {桥上} {小桥上，朱栏低垂，垂柳下，少女轻笑。} {大旗谷} {} {tieflag} {} {1.000}
E {    6} {e} {e} {2} {0} {}
E {    8} {wd} {wd} {40} {0} {}

R {    8} {0} {<acf>} {精舍前} {精舍前} {此处一片空旷，浅草如茵，整齐如剪。} {大旗谷} {} {tieflag} {} {1.000}
E {    7} {eu} {eu} {18} {0} {}
E {    9} {wd} {wd} {40} {0} {}

R {    9} {0} {<acf>} {小径} {小径} {一条五色彩石小径直通精舍，两旁种满鲜花，五彩缤纷。} {大旗谷} {} {tieflag} {} {1.000}
E {    8} {eu} {eu} {18} {0} {}
E {   10} {wd} {open door;wd} {40} {0} {}

R {   10} {0} {<acf>} {大堂} {大堂} {明丰高轩，玉壁生辉。} {大旗谷} {} {tieflag} {阴宾} {1.000}
E {    9} {eu} {eu} {18} {0} {}
E {   11} {s} {s} {4} {0} {}
E {   12} {n} {ask yin bin about man} {1} {0} {}

R {   11} {0} {<acf>} {藏宝室} {藏宝室} {四面墙壁均是用玉做成，正对着你的是一块极大的玉壁。} {大旗谷} {} {tieflag} {} {1.000}
E {   10} {n} {n} {1} {0} {}
E {   13} {e} {push jade;e} {2} {0} {}

R {   12} {0} {<acf>} {石室} {石室} {石室形作八角，共有八门，门上重帘垂地} {大旗谷} {} {tieflag} {麻衣客 朱藻} {1.000}
E {   14} {e} {open green;green} {2} {0} {}
E {   15} {ne} {open black;black} {3} {0} {}
E {   16} {n} {open red;red} {1} {0} {}
E {   17} {nw} {open cyan;cyan} {9} {0} {}
E {   18} {w} {open yellow;yellow} {8} {0} {}
E {   19} {sw} {open blue;blue} {12} {0} {}
E {   20} {se} {open mag;mag} {6} {0} {}
E {   22} {s} {open orange;orange} {4} {0} {}

R {   13} {0} {<acf>} {雅室} {雅室} {屋内堆满了各类珍奇的玩物，时鲜的水果，华丽的衣杉} {大旗谷} {} {tieflag} {水灵光} {1.000}
E {   11} {w} {push jade;w} {8} {0} {}

R {   14} {0} {<acf>} {绿室} {绿室} {一进屋，你忽然发现找不到一个下脚的地方，屋内种满了各式各样的花草} {大旗谷} {} {tieflag} {绿衣少女} {1.000}
E {   12} {w} {center} {8} {0} {}

R {   15} {0} {<acf>} {石道} {石道} {这只是一条长数尺的石道，石道尽头是一片池泊，但闻水声潺潺，隐约传来。} {大旗谷} {} {tieflag} {} {1.000}
E {   12} {sw} {center} {12} {0} {}
E {   21} {n} {n} {1} {0} {}

R {   16} {0} {<acf>} {红室} {红室} {红烛，红地毯，红窗帘，这里处处是红色的，但红的可爱，并不刺眼。} {大旗谷} {} {tieflag} {红衣少女} {1.000}
E {   12} {s} {center} {4} {0} {}

R {   17} {0} {<acf>} {青室} {青室} {对面墙上一大幅山水画，青山碧水，让你觉得心胸为之一宽。} {大旗谷} {} {tieflag} {青衣少女} {1.000}
E {   12} {se} {center} {6} {0} {}
E {   10} {s} {open picture;s} {4} {0} {}

R {   18} {0} {<acf>} {黄室} {黄室} {屋内一切器物，桌椅，床铺，包括杯碗勺盆都是用金纸包起来的} {大旗谷} {} {tieflag} {黄衣少女} {1.000}
E {   12} {e} {center} {2} {0} {}

R {   19} {0} {<acf>} {蓝室} {蓝室} {屋中竟有一个大水池，池水很清，很蓝，阳光透过窗户照到池水上} {大旗谷} {} {tieflag} {蓝衣少女} {1.000}
E {   12} {ne} {center} {3} {0} {}

R {   20} {0} {<acf>} {紫室} {紫室} {紫色是代表情人的颜色，而这整间屋子都是用紫缎裹起来的。} {大旗谷} {} {tieflag} {紫衣少女} {1.000}
E {   12} {nw} {center} {9} {0} {}

R {   21} {0} {<acf>} {方舟外} {方舟外} {骤眼望去，但见池中碧波粼粼，四面青山绿树，好一片山光水色} {大旗谷} {} {tieflag} {「九幽阴风」风九幽} {1.000}
E {   15} {s} {s} {4} {0} {}

R {   22} {0} {<acf>} {橙室} {橙室} {这里简直就是一家酒楼，不，应该说是酒楼的贮藏室，墙上挂满了金黄的烧鸡} {大旗谷} {} {tieflag} {橙衣少女} {1.000}
E {   12} {n} {center} {1} {0} {}
