C 50000

CE <078>
CH <118>
CP <138>
CR <178>

F 27

I 3

L * # #  # |   #        x


R {    1} {0} {<acf>} {南海大道} {南海大道} {这是通往南海的一条必经之路，路面上的沙石越来越细，空气中弥漫着一股咸味} {白云城} {} {baiyun} {水手} {1.000}
E {    2} {s} {s} {4} {0} {}
E {    4} {e} {e} {2} {0} {}
E {    5} {w} {w} {8} {0} {}

R {    2} {0} {<acf>} {南海大道} {南海大道} {这是通往南海的一条必经之路，路面上的沙石越来越细，空气中弥漫着一股咸味} {白云城} {} {baiyun} {水手} {1.000}
E {    1} {n} {n} {1} {0} {}
E {    3} {s} {s} {4} {0} {}
E {    6} {e} {e} {2} {0} {}

R {    3} {0} {<acf>} {海岸} {海岸} {在这里，你已分不清天上人间。} {白云城} {} {baiyun} {初入江湖 岳洋} {1.000}
E {    2} {n} {n} {1} {0} {}
E {    7} {e} {e} {2} {0} {}
E {    8} {w} {w} {8} {0} {}

R {    4} {0} {<acf>} {狐记当铺} {狐记当铺} {此当铺是专为对面的狐狸窝所设，以方便手头不宽的嫖客和急于翻本的赌徒。} {白云城} {} {baiyun} {狐记当铺 老板娘 狐狸精} {1.000}
E {    1} {w} {w} {8} {0} {}

R {    5} {0} {<acf>} {狐狸窝} {狐狸窝} {终年飘浮在海上的人们，提起“狐狸窝”这三个字，就会露出神秘而愉快的微笑} {白云城} {} {baiyun} {南海一枝花 牛肉汤} {1.000}
E {    1} {e} {e} {2} {0} {}

R {    6} {0} {<acf>} {船行} {船行} {本船行专门为各位出海人士提供各种价格合理、服务一流的海船出租业务} {白云城} {} {baiyun} {老掌柜} {1.000}
E {    2} {w} {w} {8} {0} {}

R {    7} {0} {<acf>} {沙滩} {沙滩} {在这里，你已分不清天上人间。} {白云城} {} {baiyun} {} {1.000}
E {    3} {w} {w} {8} {0} {}
E {   10} {e} {e} {2} {0} {}

R {    8} {0} {<acf>} {沙滩} {沙滩} {在这里，你已分不清天上人间。} {白云城} {} {baiyun} {渔家女子 小渔} {1.000}
E {    3} {e} {e} {2} {0} {}
E {    9} {w} {w} {8} {0} {}

R {    9} {0} {<acf>} {沙滩} {沙滩} {在这里，你已分不清天上人间。} {白云城} {} {baiyun} {世外三仙「小域岛主」慧大师} {1.000}
E {    8} {e} {e} {2} {0} {}

R {   10} {0} {<acf>} {南海码头} {南海码头} {这里是南海最大的码头，许许多多的海船停靠在此，岸上人来人往，热闹非凡。} {白云城} {} {baiyun} {「标标准准的」老狐狸} {1.000}
E {    7} {w} {w} {8} {0} {}
