C 50000

CE <078>
CH <118>
CP <138>
CR <178>

F 27

I 34

L * # # # | # x          


R {    1} {0} {<fca>} {人间地狱} {人间地狱} {石头是死灰色的，冷、硬、狰狞；怒涛拍打着海岸，宛如千军呼啸，万马奔腾。} {蝙蝠岛} {} {bat} {蝙蝠岛弟子} {1.000}
E {    2} {e} {e} {2} {0} {}
E {    3} {w} {w} {8} {0} {}

R {    2} {0} {<acf>} {洞口} {洞口} {一块屏风似的岩石后，悬着条钢索，吊着辆滑车(huache)。} {蝙蝠岛} {} {bat} {} {1.000}
E {    1} {w} {w} {8} {0} {}
E {    6} {d} {dash} {32} {0} {}

R {    3} {0} {<fca>} {空地} {空地} {这是一片空地,四周都是乱石,杂草丛生。北边是一条山道。} {蝙蝠岛} {} {bat} {蝙蝠岛弟子} {1.000}
E {    1} {e} {e} {2} {0} {}
E {    4} {nu} {nu} {17} {0} {}

R {    4} {0} {<acf>} {人间道} {人间道} {这是一条狭窄的山道,向着北方一座山峰行去。} {蝙蝠岛} {} {bat} {青衣武士} {1.000}
E {    3} {sd} {sd} {36} {0} {}
E {    5} {nu} {nu} {17} {0} {}

R {    5} {0} {} {} { } {} {} {} {} {} {1.000}
E {    4} {sd} {sd} {36} {0} {}

R {    6} {0} {<acf>} {洞底} {洞底} {你隐约能听到有人愤怒的惊呼声。} {蝙蝠岛} {} {bat} {血蝙蝠} {1.000}
E {    7} {n} {open rightdoor} {1} {0} {}

R {    7} {0} {<acf>} {销魂窝} {销魂窝} {屋子里的香气更浓，浓得几乎可以令人溶化。} {蝙蝠岛} {} {bat} {东三娘} {1.000}
E {    6} {s} {s} {4} {0} {}
E {    8} {w} {w} {8} {0} {}

R {    8} {0} {<acf>} {走廊} {走廊} {一条几乎伸手不见五指的走廊，透着森森的寒意和杀机。} {蝙蝠岛} {} {bat} {蝙蝠岛弟子} {1.000}
E {    7} {e} {e} {2} {0} {}
E {    9} {s} {s} {4} {0} {}
E {   10} {n} {n} {1} {0} {}
E {   11} {w} {w} {8} {0} {}

R {    9} {0} {<acf>} {书房} {书房} {一进小屋，只见墙上挂满了无数名贵的字画。} {蝙蝠岛} {} {bat} {中年文士} {1.000}
E {    8} {n} {n} {1} {0} {}

R {   10} {0} {<acf>} {丹房} {丹房} {这是一间炼丹的丹房，你刚进来就闻到一股刺鼻的药草的味道} {蝙蝠岛} {} {bat} {天下九鼎  好望之鼎} {1.000}
E {    8} {s} {s} {4} {0} {}

R {   11} {0} {<acf>} {黑暗走廊} {黑暗走廊} {这的走廊似乎更加黑暗和阴冷，还透着浓厚的血腥气味。} {蝙蝠岛} {} {bat} {蝙蝠岛弟子} {1.000}
E {    8} {e} {e} {2} {0} {}
E {   12} {w} {w} {8} {0} {}

R {   12} {0} {<acf>} {大厅} {大厅} {只有一个字可以形容这个厅，那就是＂大＂！此厅可以容纳上千人} {蝙蝠岛} {} {bat} {单掌开碑 赵刚} {1.000}
E {   11} {e} {e} {2} {0} {}
E {   13} {n} {n} {1} {0} {}
E {   14} {w} {w} {8} {0} {}
E {   15} {u} {u} {16} {0} {}

R {   13} {0} {<acf>} {黑暗山洞} {黑暗山洞} {这是一个阴森可怖而且黯淡无光的山洞} {蝙蝠岛} {d1} {bat} {} {1.000}
E {   18} {e} {e} {2} {0} {}

R {   14} {0} {<acf>} {储藏室} {储藏室} {这是一间储藏室，乱七八糟的东西堆成了山。各种箱子柜子里堆满了杂物。} {蝙蝠岛} {} {bat} {一份蝙蝠毒解药} {1.000}
E {   12} {e} {e} {2} {0} {}
E {   16} {w} {w} {8} {0} {}

R {   15} {0} {<acf>} {琴室} {琴室} {未入此房，似乎就能听见阵阵清幽而悦耳的琴声} {蝙蝠岛} {} {bat} {小琴童} {1.000}
E {   12} {d} {d} {32} {0} {}
E {   24} {e} {e} {2} {0} {}

R {   16} {0} {<acf>} {练武场} {练武场} {这是一间宽大的练武场，十八般兵器样样齐全，还有几个练功用的木桩。} {蝙蝠岛} {} {bat} {} {1.000}
E {   14} {e} {e} {2} {0} {}

R {   17} {0} {<acf>} {黑暗山洞} {黑暗山洞} {这是一个阴森可怖而且黯淡无光的山洞} {蝙蝠岛} {d3} {bat} {} {1.000}
E {   22} {n} {n} {1} {0} {}

R {   18} {0} {<acf>} {黑暗山洞} {黑暗山洞} {这是一个阴森可怖而且黯淡无光的山洞} {蝙蝠岛} {d2} {bat} {} {1.000}
E {   17} {w} {w} {8} {0} {}

R {   19} {0} {<acf>} {黑暗山洞} {黑暗山洞} {这是一个阴森可怖而且黯淡无光的山洞} {蝙蝠岛} {d5} {bat} {} {1.000}
E {   23} {w} {w} {8} {0} {}
E {   12} {s} {s} {4} {0} {}

R {   20} {0} {<acf>} {黑暗山洞} {黑暗山洞} {这是一个阴森可怖而且黯淡无光的山洞} {蝙蝠岛} {d7} {bat} {} {1.000}
E {   21} {n} {n} {1} {0} {}
E {   12} {s} {s} {4} {0} {}

R {   21} {0} {<acf>} {地牢} {地牢} {这是一间阴森恐怖的地牢里。} {蝙蝠岛} {} {bat} {侍卫统领} {1.000}
E {   20} {s} {s} {4} {0} {}

R {   22} {0} {<acf>} {黑暗山洞} {黑暗山洞} {这是一个阴森可怖而且黯淡无光的山洞} {蝙蝠岛} {d4} {bat} {} {1.000}
E {   19} {s} {s} {4} {0} {}

R {   23} {0} {<acf>} {黑暗山洞} {黑暗山洞} {这是一个阴森可怖而且黯淡无光的山洞} {蝙蝠岛} {d6} {bat} {} {1.000}
E {   20} {e} {e} {2} {0} {}

R {   24} {0} {<acf>} {棋室} {棋室} {此处颇为空旷，四壁空无一物，中央放着一个石坪} {蝙蝠岛} {} {bat} {小棋童} {1.000}
E {   15} {w} {w} {8} {0} {}
E {   25} {e} {e} {2} {0} {}

R {   25} {0} {<acf>} {书室} {书室} {一入此房，顿觉眼前一亮，四壁皆是条幅} {蝙蝠岛} {} {bat} {小书童} {1.000}
E {   24} {w} {w} {8} {0} {}
E {   26} {e} {e} {2} {0} {}

R {   26} {0} {<acf>} {画室} {画室} {屋子不大，不知何处点了支檀香，颇有一股脱尘出俗的意味} {蝙蝠岛} {} {bat} {小画童} {1.000}
E {   25} {w} {w} {8} {0} {}
E {   27} {e} {e} {2} {0} {}

R {   27} {0} {<acf>} {有凤来仪} {有凤来仪} {这是一间卧室，虽然并不富丽堂皇，各样东西却都十分精致得体，靠南是一面屏风，靠西边有一张凤尾琴。} {蝙蝠岛} {} {bat} {蝙蝠岛 岛主「蝙蝠公子」原随云} {1.000}
E {   26} {w} {w} {8} {0} {}
E {   28} {s} {open ping feng;s} {4} {0} {}

R {   28} {0} {<acf>} {密室} {密室} {这是一间非常隐秘的房间，没有窗户，只点着一根蜡烛} {蝙蝠岛} {} {bat} {} {1.000}
E {   27} {n} {n} {1} {0} {}
E {   29} {u} {u} {16} {0} {}

R {   29} {0} {<acf>} {天梯} {天梯} {这是一条狭窄的甬道,宛如登天的天梯。} {蝙蝠岛} {} {bat} {} {1.000}
E {   28} {d} {d} {32} {0} {}
E {   30} {u} {u} {16} {0} {}

R {   30} {0} {<acf>} {天梯} {天梯} {这是一条狭窄的甬道,宛如登天的天梯。} {蝙蝠岛} {} {bat} {} {1.000}
E {   29} {d} {d} {32} {0} {}
E {   31} {u} {u} {16} {0} {}

R {   31} {0} {<acf>} {天梯} {天梯} {这是一条狭窄的甬道,宛如登天的天梯。} {蝙蝠岛} {} {bat} {} {1.000}
E {   30} {d} {d} {32} {0} {}
E {   32} {u} {u} {16} {0} {}

R {   32} {0} {<acf>} {天梯尽头} {天梯尽头} {这里有两扇门} {蝙蝠岛} {} {bat} {} {1.000}
E {   31} {d} {d} {32} {0} {}
E {   33} {u} {say 我来过，活过，爱过！} {16} {0} {}

R {   33} {0} {<acf>} {海岸边} {海岸边} {日已西斜，但阳光还是灿烂，海浪拍打着礁石} {蝙蝠岛} {} {bat} {九现云龙 王天寿} {1.000}
E {   34} {e} {e} {2} {0} {}

R {   34} {0} {<acf>} {海岸边} {海岸边} {你仿佛步入了仙境，怀疑这里是否还是人间，依稀是传说中西方灵河岸边} {蝙蝠岛} {} {bat} {木筏} {1.000}
E {   33} {w} {w} {8} {0} {}
