C 50000

CE <078>
CH <118>
CP <138>
CR <178>

F 27

I 26

L * # # # | # x          


R {    1} {0} {<acf>} {地藏殿} {地藏殿} {在这地府之中，居然有一处仙宫，实在难以置信} {地府} {} {death} {地藏殿} {1.000}
E {    2} {su} {su} {20} {0} {}

R {    2} {0} {<acf>} {背阴山} {背阴山} {地藏殿后门出来，忽然阴风刺骨，原来到了背阴山} {地府} {} {death} {背阴山} {1.000}
E {    1} {nd} {nd} {33} {0} {}
E {    3} {sd} {sd} {36} {0} {}

R {    3} {0} {<acf>} {山道} {山道} {两边阴云相夹，东西难辨，黑雾迷空，漫漫黑雾} {地府} {} {death} {山道} {1.000}
E {    2} {nu} {nu} {17} {0} {}
E {    4} {s} {s} {4} {0} {}

R {    4} {0} {<acf>} {地狱门} {地狱门} {翻过背阴山，群鬼乱舞，孤魂四散，阴嚎之声，不绝于耳} {地府} {} {death} {孤魂野鬼} {1.000}
E {    3} {n} {n} {1} {0} {}
E {    5} {d} {d} {32} {0} {}

R {    5} {0} {<acf>} {吊筋狱} {吊筋狱} {这里是地狱的第一层，地狱共十八层，每三层关押同一类人犯，故实际关押六种犯人。} {地府} {} {death} {吊筋狱} {1.000}
E {    4} {u} {u} {16} {0} {}
E {    6} {d} {d} {32} {0} {}

R {    6} {0} {<acf>} {幽枉狱} {幽枉狱} {这里不见血腥，也不闻呼声，这里的犯人全部被单独关押，寂寥无声} {地府} {} {death} {} {1.000}
E {    5} {u} {u} {16} {0} {}
E {    7} {d} {d} {32} {0} {}

R {    7} {0} {<acf>} {火坑狱} {火坑狱} {一进来，扑面的热气几乎让你昏了过去，火海之中，几个犯人正在来回穿梭} {地府} {} {death} {} {1.000}
E {    6} {u} {u} {16} {0} {}
E {    8} {d} {d} {32} {0} {}

R {    8} {0} {<acf>} {酆都狱} {酆都狱} {这里是“哭哭啼啼，凄凄惨惨，不忠不孝伤天理，佛口蛇心堕此门”} {地府} {} {death} {} {1.000}
E {    7} {u} {u} {16} {0} {}
E {    9} {d} {d} {32} {0} {}

R {    9} {0} {<acf>} {拔舌狱} {拔舌狱} {自古以来奸恶之徒，不孝之人多爱搬弄是非，佛口蛇心，故设拔舌狱} {地府} {} {death} {} {1.000}
E {    8} {u} {u} {16} {0} {}
E {   10} {d} {d} {32} {0} {}

R {   10} {0} {<acf>} {剥皮狱} {剥皮狱} {几只大钩子悬于半空，上悬数人，几个牛头，马面以极为熟练的手法在人犯头顶开口，然后灌入水银，旋即剥下一张完整的人皮} {地府} {} {death} {} {1.000}
E {    9} {u} {u} {16} {0} {}
E {   11} {d} {d} {32} {0} {}

R {   11} {0} {<acf>} {磨捱狱} {磨捱狱} {一进来，满鼻的血腥味，几只大磨盘不停的转动着，推磨的赤发鬼累得满头大汗，不时擦拭着。} {地府} {} {death} {} {1.000}
E {   10} {u} {u} {16} {0} {}
E {   12} {d} {d} {32} {0} {}

R {   12} {0} {<acf>} {椎捣狱} {椎捣狱} {迎面就是几个巨人，手持大椎，几个巨大的类似捣药碗似的东西里面似乎有惨叫之声传来} {地府} {} {death} {} {1.000}
E {   11} {u} {u} {16} {0} {}
E {   13} {d} {d} {32} {0} {}

R {   13} {0} {<acf>} {车崩狱} {车崩狱} {恰似战国时候的五马分尸，也称车裂，育两种} {地府} {} {death} {} {1.000}
E {   12} {u} {u} {16} {0} {}
E {   14} {d} {d} {32} {0} {}

R {   14} {0} {<acf>} {寒冰狱} {寒冰狱} {冰是昆仑山的千年寒冰，无数的犯人正赤身裸体的走在冰上} {地府} {} {death} {} {1.000}
E {   13} {u} {u} {16} {0} {}
E {   15} {d} {d} {32} {0} {}

R {   15} {0} {<acf>} {脱壳狱} {脱壳狱} {这里似乎和剥皮狱差不多，不过这里的犯人是皮肉和骨头分离} {地府} {} {death} {} {1.000}
E {   14} {u} {u} {16} {0} {}
E {   16} {d} {d} {32} {0} {}

R {   16} {0} {<acf>} {抽肠狱} {抽肠狱} {这里似乎与别处又是不同，没有大刑具} {地府} {} {death} {} {1.000}
E {   15} {u} {u} {16} {0} {}
E {   17} {d} {d} {32} {0} {}

R {   17} {0} {<acf>} {油锅狱} {油锅狱} {这里是最常听闻的油锅狱，所谓“战战兢兢，悲悲切切，皆因强暴欺良善，藏头缩颈苦伶仃”说得便是这里。} {地府} {} {death} {} {1.000}
E {   16} {u} {u} {16} {0} {}
E {   18} {d} {d} {32} {0} {}

R {   18} {0} {<acf>} {黑暗狱} {黑暗狱} {这里毫无光亮，无数的囚徒将在这里呆上数十年或者更长} {地府} {} {death} {} {1.000}
E {   17} {u} {u} {16} {0} {}
E {   19} {d} {d} {32} {0} {}

R {   19} {0} {<acf>} {刀山狱} {刀山狱} {一片开阔的平地，地上倒插了数不尽的尖刀，在牛油巨烛的映照下} {地府} {} {death} {} {1.000}
E {   18} {u} {u} {16} {0} {}
E {   20} {d} {d} {32} {0} {}

R {   20} {0} {<acf>} {血池狱} {血池狱} {这里关押的都是“脱皮露骨，折臂断筋，也只为谋财害命} {地府} {} {death} {} {1.000}
E {   19} {u} {u} {16} {0} {}
E {   21} {d} {d} {32} {0} {}

R {   21} {0} {<acf>} {阿鼻狱} {阿鼻狱} {又名穿鼻狱，来到这里的人下世绝无转生为人的可能} {地府} {} {death} {} {1.000}
E {   20} {u} {u} {16} {0} {}
E {   22} {d} {d} {32} {0} {}

R {   22} {0} {<acf>} {秤杆狱} {秤杆狱} {此狱乃是公平所在，大凡罪犯最怕正义，用公平和正义去惩罚他们} {地府} {} {death} {} {1.000}
E {   21} {u} {u} {16} {0} {}
E {   23} {d} {d} {32} {0} {}

R {   23} {0} {<acf>} {枉死城} {枉死城} {远远看去便觉得怨气冲天，到这里的都是枉死的冤魂} {地府} {} {death} {孤魂野鬼} {1.000}
E {   24} {s} {s} {4} {0} {}

R {   24} {0} {<acf>} {平安道} {平安道} {这里已经是地府最后的道路了，因为此地多是投生的人必经之路} {地府} {} {death} {} {1.000}
E {   23} {n} {n} {1} {0} {}
E {   25} {s} {s} {4} {0} {}

R {   25} {0} {<acf>} {奈河桥} {奈河桥} {许多人只知道奈何桥，却不知道奈河桥} {地府} {} {death} {} {1.000}
E {   24} {n} {n} {1} {0} {}
E {   26} {s} {s} {4} {0} {}

R {   26} {0} {<acf>} {孟婆驿} {孟婆驿} {一个小小的驿站，小店里很黑，只有东边的窗外有一丝亮光透过发黄的窗纸射入店内。} {地府} {} {death} {孟婆} {1.000}
E {   25} {n} {n} {1} {0} {}
