C 50000

CE <078>
CH <118>
CP <138>
CR <178>

F 27

I 20

L * # # # | # x          


R {    1} {0} {<acf>} {莽林边缘} {莽林边缘} {越走树林越密，树缝中洒下来的阳光也变得斑斑点点。} {莽林} {} {manglin} {} {1.000}
E {    2} {e} {e} {2} {0} {}

R {    2} {0} {<acf>} {梅林小路} {梅林小路} {一条踏出的小路盘旋曲折。} {万梅山庄} {} {wanmei} {} {1.000}
E {    1} {w} {w} {8} {0} {}
E {    3} {e} {e} {2} {0} {}

R {    3} {0} {<acf>} {梅林之中} {梅林之中} {脚下枯枝断碎，发出吱吱声。} {万梅山庄} {} {wanmei} {} {1.000}
E {    2} {w} {w} {8} {0} {}
E {    4} {e} {e} {2} {0} {}

R {    4} {0} {<acf>} {万梅山庄} {万梅山庄} {在你面前是枝桠交叉的梅林} {万梅山庄} {} {wanmei} {小猫咪} {1.000}
E {    3} {w} {w} {8} {0} {}
E {    5} {e} {e} {2} {0} {}

R {    5} {0} {<acf>} {风铃梅枝门} {风铃梅枝门} {一扇用干枯的梅枝扎结的庄门虚掩着。} {万梅山庄} {} {wanmei} {} {1.000}
E {    4} {w} {w} {8} {0} {}
E {    6} {e} {e} {2} {0} {}

R {    6} {0} {<acf>} {山庄前院} {山庄前院} {十丈方园的院子两侧种着几排翠绿的蔬菜。} {万梅山庄} {} {wanmei} {冷血刺客} {1.000}
E {    5} {w} {w} {8} {0} {}
E {    7} {s} {s} {4} {0} {}
E {    8} {n} {n} {1} {0} {}
E {    9} {e} {e} {2} {0} {}
E {   10} {se} {se} {6} {0} {}
E {   11} {ne} {ne} {3} {0} {}

R {    7} {0} {<acf>} {小木屋} {小木屋} {木屋只有半边顶，一棵老梅树盖住了那半边。} {万梅山庄} {} {wanmei} {绣着梅花的浴巾} {1.000}
E {    6} {n} {n} {1} {0} {}
E {   20} {u} {climb up} {16} {0} {}

R {    8} {0} {<acf>} {小柴房} {小柴房} {一间小而简陋的木屋，但并不漏雨。} {万梅山庄} {} {wanmei} {梅木长凳} {1.000}
E {    6} {s} {s} {4} {0} {}

R {    9} {0} {<acf>} {枯梅堂} {枯梅堂} {堂中洁净如洗，檀香飘渺。} {万梅山庄} {} {wanmei} {满脸风霜的老人} {1.000}
E {    6} {w} {w} {8} {0} {}
E {   14} {e} {e} {2} {0} {}

R {   10} {0} {<acf>} {右弄堂} {右弄堂} {透过枯梅堂挂着竹帘的偏窗，依稀可以看到堂内的景象。} {万梅山庄} {} {wanmei} {} {1.000}
E {    6} {nw} {nw} {9} {0} {}
E {   14} {ne} {ne} {3} {0} {}

R {   11} {0} {<acf>} {左弄堂} {左弄堂} {一边的墙上布满了蔓藤，点缀着小花，密而不高。} {万梅山庄} {} {wanmei} {} {1.000}
E {    6} {sw} {sw} {12} {0} {}
E {   14} {se} {se} {6} {0} {}

R {   12} {0} {<acf>} {右偏院} {右偏院} {这是一个可爱的小草坪，草坪上有一圆石桌，桌边有石凳。} {万梅山庄} {} {wanmei} {} {1.000}
E {   14} {n} {n} {1} {0} {}

R {   13} {0} {<acf>} {左偏院} {左偏院} {院中种满了梅树幼苗。每棵都在茁壮成长，显然有人精心照顾。} {万梅山庄} {} {wanmei} {} {1.000}
E {   14} {s} {s} {4} {0} {}

R {   14} {0} {<acf>} {山庄正院} {山庄正院} {正院的前方是庄主会客的雪梅阁，另一方则是枯梅堂的后门。} {万梅山庄} {} {wanmei} {} {1.000}
E {    9} {w} {w} {8} {0} {}
E {   12} {s} {s} {4} {0} {}
E {   13} {n} {n} {1} {0} {}
E {   15} {e} {e} {2} {0} {}
E {   11} {nw} {nw} {9} {0} {}
E {   10} {sw} {sw} {12} {0} {}

R {   15} {0} {<acf>} {白梅阁} {白梅阁} {此阁甚大，且由少而珍贵的白梅木精雕细琢而成。} {万梅山庄} {} {wanmei} {万梅山庄 庄主「剑神」西门吹雪} {1.000}
E {   14} {w} {w} {8} {0} {}
E {   16} {e} {e} {2} {0} {}

R {   16} {0} {<acf>} {山庄后院} {山庄后院} {松软的黄土铺满后院，显然是用来练习武功的。} {万梅山庄} {} {wanmei} {} {1.000}
E {   15} {w} {w} {8} {0} {}
E {   17} {s} {s} {4} {0} {}
E {   18} {n} {n} {1} {0} {}
E {   19} {e} {e} {2} {0} {}

R {   17} {0} {<acf>} {小茅厕} {小茅厕} {茅厕通风良好，干净清爽。} {万梅山庄} {} {wanmei} {白玉小马桶} {1.000}
E {   16} {n} {n} {1} {0} {}

R {   18} {0} {<acf>} {后厨房} {后厨房} {一盏昏暗的油灯在陈旧的灶台上发出幽弱的光。} {万梅山庄} {} {wanmei} {} {1.000}
E {   16} {s} {s} {4} {0} {}

R {   19} {0} {<acf>} {后山坡} {后山坡} {这里是万梅山庄的后山坡。} {万梅山庄} {} {wanmei} {西门吹雪之子 小西门} {1.000}
E {   16} {w} {w} {8} {0} {}

R {   20} {0} {<acf>} {小木屋顶} {小木屋顶} {一个扁平的乌木箱几乎占据了整个屋顶。} {万梅山庄} {} {wanmei} {金丝雀} {1.000}
E {    7} {d} {d} {32} {0} {}
